inventory_with_india_features.csv
Item Name,Category,Price,Date,IsMonsoon,IsPaydayWindow,IsLocalHoliday,IsDiwaliSeason,IsHoliSeason,IsEidSeason,MRPBand,IsStockout,Quantity,DayOfWeek,Month,Day
Salt,Grocery,49.5,2020-04-19,0,0,0,0,0,1,21–50,0,80.0,6,4,19
Salt,Grocery,27.52,2020-04-26,0,0,0,0,0,1,21–50,0,86.0,6,4,26
Salt,Grocery,62.57,2020-05-23,0,0,0,0,0,1,51–80,0,72.0,5,5,23
Salt,Grocery,53.41,2020-05-28,0,1,0,0,0,0,51–80,0,73.0,3,5,28
Salt,Grocery,12.24,2020-06-22,1,0,0,0,0,0,≤20,0,83.0,0,6,22
Salt,Grocery,38.62,2020-07-06,1,0,0,0,0,0,21–50,0,75.0,0,7,6
Salt,Grocery,43.08,2020-07-16,1,0,0,0,0,0,21–50,0,77.0,3,7,16
Salt,Grocery,57.95,2020-07-20,1,0,0,0,0,0,51–80,0,69.0,0,7,20
Salt,Grocery,21.89,2020-07-22,1,0,0,0,0,0,21–50,0,85.0,2,7,22
Salt,Grocery,54.29,2020-07-29,1,1,0,0,0,0,51–80,0,68.0,2,7,29
Salt,Grocery,13.25,2020-08-16,1,0,0,0,0,0,≤20,0,81.0,6,8,16
Salt,Grocery,73.18,2020-09-04,1,0,0,0,0,0,51–80,0,63.0,4,9,4
Salt,Grocery,91.86,2020-09-28,1,1,0,0,0,0,81–120,0,63.0,0,9,28
Salt,Grocery,88.01,2020-10-06,0,0,0,0,0,0,81–120,0,57.0,1,10,6
Salt,Grocery,15.9,2020-11-09,0,0,0,1,0,0,≤20,0,94.0,0,11,9
Salt,Grocery,10.83,2020-11-20,0,0,0,1,0,0,≤20,0,104.0,4,11,20
Salt,Grocery,25.56,2020-12-02,0,1,0,0,0,0,21–50,0,80.0,2,12,2
Salt,Grocery,96.54,2020-12-14,0,0,0,0,0,0,81–120,0,48.0,0,12,14
Salt,Grocery,76.75,2020-12-17,0,0,0,0,0,0,51–80,0,43.0,3,12,17
Salt,Grocery,36.53,2020-12-31,0,1,0,0,0,0,21–50,0,76.0,3,12,31
Salt,Grocery,36.64,2021-01-06,0,0,0,0,0,0,21–50,0,61.0,2,1,6
Salt,Grocery,50.49,2021-01-10,0,0,0,0,0,0,51–80,0,61.0,6,1,10
Salt,Grocery,89.92,2021-01-13,0,0,0,0,0,0,81–120,0,50.0,2,1,13
Salt,Grocery,51.85,2021-01-19,0,0,0,0,0,0,51–80,0,65.0,1,1,19
Salt,Grocery,98.97,2021-01-20,0,0,0,0,0,0,81–120,0,52.0,2,1,20
Salt,Grocery,93.14,2021-01-24,0,0,0,0,0,0,81–120,0,47.0,6,1,24
Salt,Grocery,10.21,2021-01-25,0,0,0,0,0,0,≤20,0,70.0,0,1,25
Salt,Grocery,63.97,2021-01-29,0,1,0,0,0,0,51–80,0,71.0,4,1,29
Salt,Grocery,99.26,2021-02-01,0,1,0,0,0,0,81–120,0,56.0,0,2,1
Salt,Grocery,70.11,2021-02-09,0,0,0,0,0,0,51–80,0,59.0,1,2,9
Salt,Grocery,97.9,2021-03-05,0,0,0,0,1,0,81–120,0,60.0,4,3,5
Salt,Grocery,69.05,2021-03-23,0,0,0,0,0,0,51–80,0,58.0,1,3,23
Salt,Grocery,94.2,2021-04-01,0,1,0,0,0,0,81–120,0,63.0,3,4,1
Salt,Grocery,64.94,2021-04-06,0,0,0,0,0,0,51–80,0,58.0,1,4,6
Salt,Grocery,19.3,2021-04-15,0,0,0,0,0,1,≤20,0,92.0,3,4,15
Salt,Grocery,86.69,2021-04-27,0,0,0,0,0,1,81–120,0,55.0,1,4,27
Salt,Grocery,19.1,2021-05-03,0,1,0,0,0,1,≤20,0,98.0,0,5,3
Salt,Grocery,21.42,2021-05-24,0,0,0,0,0,1,21–50,0,87.0,0,5,24
Salt,Grocery,53.46,2021-05-26,0,0,0,0,0,0,51–80,0,62.0,2,5,26
Salt,Grocery,97.82,2021-05-30,0,1,0,0,0,0,81–120,0,61.0,6,5,30
Salt,Grocery,94.3,2021-06-09,1,0,0,0,0,0,81–120,0,53.0,2,6,9
Salt,Grocery,34.53,2021-06-22,1,0,0,0,0,0,21–50,0,86.0,1,6,22
Salt,Grocery,89.45,2021-06-24,1,0,0,0,0,0,81–120,0,61.0,3,6,24
Salt,Grocery,27.0,2021-07-24,1,0,0,0,0,0,21–50,0,73.0,5,7,24
Salt,Grocery,46.18,2021-08-01,1,1,0,0,0,0,21–50,0,95.0,6,8,1
Salt,Grocery,13.16,2021-08-02,1,1,0,0,0,0,≤20,0,93.0,0,8,2
Salt,Grocery,77.03,2021-08-08,1,0,0,0,0,0,51–80,0,65.0,6,8,8
Salt,Grocery,44.45,2021-08-17,1,0,0,0,0,0,21–50,0,65.0,1,8,17
Salt,Grocery,77.47,2021-08-23,1,0,0,0,0,0,51–80,0,62.0,0,8,23
Salt,Grocery,67.64,2021-08-28,1,1,0,0,0,0,51–80,0,79.0,5,8,28
Salt,Grocery,16.67,2021-09-02,1,1,0,0,0,0,≤20,0,90.0,3,9,2
Salt,Grocery,29.5,2021-09-09,1,0,0,0,0,0,21–50,0,73.0,3,9,9
Salt,Grocery,29.52,2021-09-21,1,0,0,0,0,0,21–50,1,0.0,1,9,21
Salt,Grocery,61.3,2021-09-23,1,0,0,0,0,0,51–80,0,67.0,3,9,23
Salt,Grocery,13.83,2021-10-21,0,0,0,1,0,0,≤20,0,96.0,3,10,21
Salt,Grocery,28.12,2021-10-23,0,0,0,1,0,0,21–50,1,0.0,5,10,23
Salt,Grocery,89.66,2021-11-09,0,0,0,1,0,0,81–120,0,73.0,1,11,9
Salt,Grocery,24.66,2021-12-08,0,0,0,0,0,0,21–50,0,74.0,2,12,8
Salt,Grocery,93.57,2021-12-15,0,0,0,0,0,0,81–120,0,51.0,2,12,15
Salt,Grocery,13.08,2021-12-20,0,0,0,0,0,0,≤20,0,74.0,0,12,20
Salt,Grocery,34.33,2021-12-24,0,0,0,0,0,0,21–50,0,70.0,4,12,24
Salt,Grocery,93.66,2021-12-31,0,1,0,0,0,0,81–120,0,73.0,4,12,31
Salt,Grocery,93.67,2022-01-08,0,0,0,0,0,0,81–120,0,48.0,5,1,8
Salt,Grocery,22.47,2022-02-10,0,0,0,0,0,0,21–50,0,75.0,3,2,10
Salt,Grocery,57.49,2022-03-06,0,0,0,0,1,0,51–80,0,62.0,6,3,6
Salt,Grocery,11.12,2022-04-09,0,0,0,0,0,0,≤20,0,76.0,5,4,9
Salt,Grocery,12.84,2022-04-28,0,1,0,0,0,1,≤20,0,95.0,3,4,28
Salt,Grocery,54.48,2022-05-01,0,1,1,0,0,1,51–80,0,99.0,6,5,1
Salt,Grocery,85.66,2022-05-14,0,0,0,0,0,1,81–120,0,65.0,5,5,14
Salt,Grocery,77.11,2022-05-19,0,0,0,0,0,1,51–80,0,65.0,3,5,19
Salt,Grocery,22.55,2022-05-29,0,1,0,0,0,0,21–50,0,87.0,6,5,29
Salt,Grocery,46.93,2022-06-01,1,1,0,0,0,0,21–50,0,79.0,2,6,1
Salt,Grocery,70.67,2022-06-11,1,0,0,0,0,0,51–80,0,65.0,5,6,11
Salt,Grocery,19.05,2022-06-12,1,0,0,0,0,0,≤20,0,75.0,6,6,12
Salt,Grocery,98.96,2022-06-21,1,0,0,0,0,0,81–120,0,65.0,1,6,21
Salt,Grocery,99.84,2022-06-23,1,0,0,0,0,0,81–120,0,63.0,3,6,23
Salt,Grocery,51.65,2022-07-02,1,1,0,0,0,0,51–80,0,84.0,5,7,2
Salt,Grocery,66.08,2022-07-21,1,0,0,0,0,0,51–80,0,69.0,3,7,21
Salt,Grocery,23.43,2022-07-22,1,0,0,0,0,0,21–50,0,85.0,4,7,22
Salt,Grocery,58.0,2022-07-25,1,0,0,0,0,0,51–80,0,72.0,0,7,25
Salt,Grocery,31.97,2022-07-26,1,0,0,0,0,0,21–50,0,83.0,1,7,26
Salt,Grocery,89.37,2022-07-31,1,1,0,0,0,0,81–120,0,71.0,6,7,31
Salt,Grocery,76.81,2022-08-25,1,0,0,0,0,0,51–80,0,52.0,3,8,25
Salt,Grocery,29.98,2022-09-11,1,0,0,0,0,0,21–50,0,89.0,6,9,11
Salt,Grocery,50.83,2022-09-13,1,0,0,0,0,0,51–80,0,76.0,1,9,13
Salt,Grocery,15.73,2022-09-29,1,1,0,0,0,0,≤20,0,94.0,3,9,29
Salt,Grocery,96.79,2022-10-04,0,0,0,0,0,0,81–120,0,51.0,1,10,4
Salt,Grocery,16.9,2022-10-06,0,0,0,0,0,0,≤20,0,69.0,3,10,6
Salt,Grocery,17.25,2022-10-11,0,0,0,0,0,0,≤20,0,82.0,1,10,11
Salt,Grocery,13.87,2022-11-01,0,1,1,1,0,0,≤20,0,114.0,1,11,1
Salt,Grocery,57.22,2022-11-23,0,0,0,1,0,0,51–80,0,87.0,2,11,23
Salt,Grocery,81.6,2022-11-26,0,0,0,0,0,0,81–120,0,60.0,5,11,26
Salt,Grocery,38.32,2022-12-01,0,1,0,0,0,0,21–50,0,74.0,3,12,1
Salt,Grocery,68.32,2022-12-11,0,0,0,0,0,0,51–80,0,63.0,6,12,11
Salt,Grocery,80.41,2022-12-27,0,0,0,0,0,0,81–120,0,51.0,1,12,27
Salt,Grocery,62.94,2023-01-06,0,0,0,0,0,0,51–80,0,60.0,4,1,6
Salt,Grocery,41.5,2023-02-19,0,0,0,0,0,0,21–50,0,66.0,6,2,19
Salt,Grocery,87.33,2023-02-20,0,0,0,0,0,0,81–120,0,57.0,0,2,20
Salt,Grocery,94.21,2023-04-06,0,0,0,0,0,0,81–120,0,56.0,3,4,6
Salt,Grocery,34.99,2023-04-18,0,0,0,0,0,1,21–50,0,84.0,1,4,18
Salt,Grocery,73.56,2023-04-20,0,0,0,0,0,1,51–80,0,67.0,3,4,20
Salt,Grocery,69.44,2023-05-07,0,0,0,0,0,1,51–80,0,72.0,6,5,7
Salt,Grocery,16.87,2023-05-23,0,0,0,0,0,1,≤20,0,93.0,1,5,23
Salt,Grocery,86.22,2023-06-10,1,0,0,0,0,0,81–120,0,60.0,5,6,10
Salt,Grocery,43.01,2023-06-13,1,0,0,0,0,0,21–50,0,63.0,1,6,13
Salt,Grocery,19.09,2023-06-25,1,0,0,0,0,0,≤20,0,79.0,6,6,25
Salt,Grocery,51.36,2023-07-17,1,0,0,0,0,0,51–80,0,64.0,0,7,17
Salt,Grocery,42.1,2023-07-29,1,1,0,0,0,0,21–50,0,88.0,5,7,29
Salt,Grocery,83.4,2023-08-14,1,0,0,0,0,0,81–120,0,64.0,0,8,14
Salt,Grocery,99.49,2023-08-20,1,0,0,0,0,0,81–120,0,61.0,6,8,20
Salt,Grocery,76.75,2023-09-09,1,0,0,0,0,0,51–80,0,70.0,5,9,9
Salt,Grocery,69.35,2023-09-10,1,0,0,0,0,0,51–80,0,71.0,6,9,10
Salt,Grocery,35.22,2023-10-15,0,0,0,1,0,0,21–50,0,95.0,6,10,15
Salt,Grocery,17.63,2023-10-25,0,0,0,1,0,0,≤20,0,100.0,2,10,25
Salt,Grocery,86.55,2023-10-26,0,0,0,1,0,0,81–120,0,83.0,3,10,26
Salt,Grocery,71.33,2023-10-27,0,0,0,1,0,0,51–80,0,77.0,4,10,27
Salt,Grocery,12.2,2023-11-05,0,0,0,1,0,0,≤20,0,103.0,6,11,5
Salt,Grocery,69.45,2023-11-07,0,0,0,1,0,0,51–80,0,82.0,1,11,7
Salt,Grocery,83.92,2023-11-10,0,0,0,1,0,0,81–120,0,87.0,4,11,10
Salt,Grocery,72.99,2023-11-18,0,0,0,1,0,0,51–80,0,74.0,5,11,18
Salt,Grocery,39.08,2023-11-21,0,0,0,1,0,0,21–50,0,90.0,1,11,21
Salt,Grocery,39.34,2023-11-26,0,0,0,0,0,0,21–50,0,67.0,6,11,26
Salt,Grocery,75.43,2023-12-12,0,0,0,0,0,0,51–80,0,61.0,1,12,12
Salt,Grocery,81.42,2023-12-17,0,0,0,0,0,0,81–120,0,59.0,6,12,17
Salt,Grocery,28.15,2024-01-26,0,0,1,0,0,0,21–50,0,68.0,4,1,26
Salt,Grocery,44.88,2024-02-03,0,1,0,0,0,0,21–50,0,88.0,5,2,3
Salt,Grocery,64.24,2024-02-04,0,0,0,0,0,0,51–80,0,62.0,6,2,4
Salt,Grocery,49.79,2024-02-07,0,0,0,0,0,0,21–50,0,63.0,2,2,7
Salt,Grocery,89.15,2024-02-11,0,0,0,0,0,0,81–120,0,63.0,6,2,11
Salt,Grocery,53.65,2024-02-17,0,0,0,0,0,0,51–80,0,60.0,5,2,17
Salt,Grocery,69.66,2024-03-09,0,0,0,0,1,0,51–80,0,64.0,5,3,9
Salt,Grocery,25.18,2024-03-26,0,0,0,0,0,0,21–50,0,74.0,1,3,26
Salt,Grocery,98.59,2024-03-30,0,1,0,0,0,0,81–120,0,64.0,5,3,30
Salt,Grocery,94.36,2024-04-03,0,1,0,0,0,0,81–120,0,58.0,2,4,3
Salt,Grocery,87.56,2024-04-06,0,0,0,0,0,0,81–120,0,50.0,5,4,6
Salt,Grocery,12.05,2024-04-07,0,0,0,0,0,0,≤20,0,67.0,6,4,7
Salt,Grocery,17.92,2024-04-21,0,0,0,0,0,1,≤20,0,92.0,6,4,21
Salt,Grocery,76.01,2024-04-25,0,0,0,0,0,1,51–80,0,58.0,3,4,25
Salt,Grocery,64.76,2024-05-02,0,1,0,0,0,1,51–80,0,78.0,3,5,2
Salt,Grocery,49.81,2024-05-12,0,0,0,0,0,1,21–50,1,0.0,6,5,12
Salt,Grocery,88.29,2024-05-24,0,0,0,0,0,1,81–120,0,66.0,4,5,24
Salt,Grocery,46.62,2024-06-07,1,0,0,0,0,0,21–50,0,79.0,4,6,7
Salt,Grocery,91.02,2024-06-20,1,0,0,0,0,0,81–120,0,58.0,3,6,20
Salt,Grocery,80.57,2024-06-21,1,0,0,0,0,0,81–120,0,66.0,4,6,21
Salt,Grocery,83.07,2024-07-12,1,0,0,0,0,0,81–120,0,65.0,4,7,12
Salt,Grocery,25.85,2024-08-13,1,0,0,0,0,0,21–50,0,77.0,1,8,13
Salt,Grocery,39.34,2024-08-19,1,0,0,0,0,0,21–50,0,74.0,0,8,19
Salt,Grocery,57.55,2024-09-13,1,0,0,0,0,0,51–80,0,68.0,4,9,13
Salt,Grocery,90.61,2024-10-03,0,1,0,0,0,0,81–120,0,59.0,3,10,3
Salt,Grocery,65.15,2024-10-04,0,0,0,0,0,0,51–80,0,63.0,4,10,4
Salt,Grocery,13.31,2024-10-08,0,0,0,0,0,0,≤20,0,75.0,1,10,8
Salt,Grocery,72.16,2024-10-19,0,0,0,1,0,0,51–80,0,81.0,5,10,19
Salt,Grocery,79.47,2024-10-20,0,0,0,1,0,0,51–80,0,80.0,6,10,20
Salt,Grocery,69.36,2024-10-21,0,0,0,1,0,0,51–80,0,81.0,0,10,21
Salt,Grocery,56.23,2024-11-07,0,0,0,1,0,0,51–80,0,91.0,3,11,7
Salt,Grocery,67.19,2024-11-21,0,0,0,1,0,0,51–80,0,89.0,3,11,21
Salt,Grocery,79.95,2024-11-24,0,0,0,1,0,0,51–80,0,72.0,6,11,24
Salt,Grocery,32.3,2024-11-28,0,1,0,0,0,0,21–50,0,80.0,3,11,28
Salt,Grocery,21.2,2024-12-27,0,0,0,0,0,0,21–50,0,72.0,4,12,27
Salt,Grocery,65.46,2025-01-13,0,0,0,0,0,0,51–80,0,48.0,0,1,13
Salt,Grocery,55.53,2025-02-13,0,0,0,0,0,0,51–80,0,66.0,3,2,13
Salt,Grocery,65.46,2025-02-26,0,0,0,0,1,0,51–80,0,64.0,2,2,26
Salt,Grocery,28.42,2025-02-27,0,0,0,0,1,0,21–50,0,72.0,3,2,27
Salt,Grocery,67.99,2025-03-12,0,0,0,0,1,0,51–80,0,60.0,2,3,12
Salt,Grocery,73.85,2025-03-15,0,0,0,0,1,0,51–80,0,60.0,5,3,15
Salt,Grocery,40.33,2025-03-23,0,0,0,0,0,0,21–50,0,65.0,6,3,23
Salt,Grocery,35.57,2025-03-25,0,0,0,0,0,0,21–50,0,68.0,1,3,25
Salt,Grocery,22.3,2025-04-07,0,0,0,0,0,0,21–50,0,73.0,0,4,7
Salt,Grocery,24.5,2025-04-10,0,0,0,0,0,1,21–50,1,0.0,3,4,10
Salt,Grocery,86.86,2025-05-24,0,0,0,0,0,1,81–120,0,67.0,5,5,24
Salt,Grocery,82.76,2025-06-11,1,0,0,0,0,0,81–120,1,0.0,2,6,11
Salt,Grocery,62.47,2025-06-13,1,0,0,0,0,0,51–80,0,74.0,4,6,13
Salt,Grocery,81.32,2025-06-15,1,0,0,0,0,0,81–120,0,62.0,6,6,15
Salt,Grocery,86.03,2025-06-25,1,0,0,0,0,0,81–120,0,74.0,2,6,25
Salt,Grocery,38.55,2025-07-22,1,0,0,0,0,0,21–50,0,74.0,1,7,22
Salt,Grocery,60.0,2025-07-31,1,1,0,0,0,0,51–80,0,75.0,3,7,31
Salt,Grocery,39.54,2025-08-23,1,0,0,0,0,0,21–50,0,78.0,5,8,23
Salt,Grocery,63.51,2025-09-04,1,0,0,0,0,0,51–80,0,67.0,3,9,4
Salt,Grocery,63.69,2025-09-11,1,0,0,0,0,0,51–80,0,67.0,3,9,11
Salt,Grocery,27.77,2025-10-09,0,0,0,0,0,0,21–50,0,72.0,3,10,9
