inventory_with_india_features.csv
Item Name,Category,Price,Date,IsMonsoon,IsPaydayWindow,IsLocalHoliday,IsDiwaliSeason,IsHoliSeason,IsEidSeason,MRPBand,IsStockout,Quantity,DayOfWeek,Month,Day
Shampoo,Personal Care,18.48,2020-04-20,0,0,0,0,0,1,≤20,0,29.0,0,4,20
Shampoo,Personal Care,62.13,2020-05-21,0,0,0,0,0,1,51–80,0,20.0,3,5,21
Shampoo,Personal Care,23.01,2020-05-25,0,0,0,0,0,1,21–50,0,42.0,0,5,25
Shampoo,Personal Care,52.61,2020-05-30,0,1,0,0,0,0,51–80,0,29.0,5,5,30
Shampoo,Personal Care,79.18,2020-06-03,1,1,0,0,0,0,51–80,0,26.0,2,6,3
Shampoo,Personal Care,94.24,2020-06-07,1,0,0,0,0,0,81–120,0,15.0,6,6,7
Shampoo,Personal Care,97.46,2020-06-15,1,0,0,0,0,0,81–120,0,11.0,0,6,15
Shampoo,Personal Care,20.96,2020-06-17,1,0,0,0,0,0,21–50,0,34.0,2,6,17
Shampoo,Personal Care,27.98,2020-06-18,1,0,0,0,0,0,21–50,0,31.0,3,6,18
Shampoo,Personal Care,24.9,2020-07-03,1,1,0,0,0,0,21–50,0,35.0,4,7,3
Shampoo,Personal Care,96.3,2020-07-24,1,0,0,0,0,0,81–120,0,9.0,4,7,24
Shampoo,Personal Care,57.04,2020-07-28,1,1,0,0,0,0,51–80,0,28.0,1,7,28
Shampoo,Personal Care,74.6,2020-08-06,1,0,0,0,0,0,51–80,0,23.0,3,8,6
Shampoo,Personal Care,37.17,2020-08-10,1,0,0,0,0,0,21–50,0,32.0,0,8,10
Shampoo,Personal Care,72.83,2020-08-19,1,0,0,0,0,0,51–80,0,25.0,2,8,19
Shampoo,Personal Care,89.57,2020-08-24,1,0,0,0,0,0,81–120,0,5.0,0,8,24
Shampoo,Personal Care,95.14,2020-08-27,1,0,0,0,0,0,81–120,0,10.0,3,8,27
Shampoo,Personal Care,48.51,2020-08-31,1,1,0,0,0,0,21–50,0,32.0,0,8,31
Shampoo,Personal Care,64.08,2020-09-13,1,0,0,0,0,0,51–80,0,14.0,6,9,13
Shampoo,Personal Care,37.68,2020-10-02,0,1,1,0,0,0,21–50,1,0.0,4,10,2
Shampoo,Personal Care,65.83,2020-10-04,0,0,0,0,0,0,51–80,0,26.0,6,10,4
Shampoo,Personal Care,93.22,2020-10-13,0,0,0,0,0,0,81–120,0,15.0,1,10,13
Shampoo,Personal Care,90.61,2020-10-19,0,0,0,1,0,0,81–120,0,23.0,0,10,19
Shampoo,Personal Care,60.6,2020-11-06,0,0,0,1,0,0,51–80,0,33.0,4,11,6
Shampoo,Personal Care,30.54,2020-11-17,0,0,0,1,0,0,21–50,0,36.0,1,11,17
Shampoo,Personal Care,76.47,2020-11-30,0,1,0,0,0,0,51–80,0,27.0,0,11,30
Shampoo,Personal Care,74.74,2020-12-21,0,0,0,0,0,0,51–80,0,17.0,0,12,21
Shampoo,Personal Care,89.29,2020-12-27,0,0,0,0,0,0,81–120,0,9.0,6,12,27
Shampoo,Personal Care,91.15,2021-01-01,0,1,0,0,0,0,81–120,0,21.0,4,1,1
Shampoo,Personal Care,24.43,2021-01-05,0,0,0,0,0,0,21–50,0,37.0,1,1,5
Shampoo,Personal Care,66.91,2021-01-27,0,0,0,0,0,0,51–80,0,21.0,2,1,27
Shampoo,Personal Care,25.95,2021-01-30,0,1,0,0,0,0,21–50,0,39.0,5,1,30
Shampoo,Personal Care,22.48,2021-02-10,0,0,0,0,0,0,21–50,0,36.0,2,2,10
Shampoo,Personal Care,48.23,2021-03-06,0,0,0,0,1,0,21–50,0,30.0,5,3,6
Shampoo,Personal Care,80.87,2021-03-07,0,0,0,0,1,0,81–120,0,10.0,6,3,7
Shampoo,Personal Care,84.08,2021-03-13,0,0,0,0,1,0,81–120,0,16.0,5,3,13
Shampoo,Personal Care,27.59,2021-04-02,0,1,0,0,0,0,21–50,0,31.0,4,4,2
Shampoo,Personal Care,18.92,2021-04-03,0,1,0,0,0,0,≤20,0,31.0,5,4,3
Shampoo,Personal Care,21.52,2021-04-14,0,0,0,0,0,1,21–50,0,38.0,2,4,14
Shampoo,Personal Care,48.61,2021-05-14,0,0,0,0,0,1,21–50,0,29.0,4,5,14
Shampoo,Personal Care,58.91,2021-05-25,0,0,0,0,0,1,51–80,0,25.0,1,5,25
Shampoo,Personal Care,44.05,2021-06-06,1,0,0,0,0,0,21–50,0,26.0,6,6,6
Shampoo,Personal Care,96.45,2021-06-18,1,0,0,0,0,0,81–120,0,7.0,4,6,18
Shampoo,Personal Care,80.4,2021-06-28,1,1,0,0,0,0,81–120,0,15.0,0,6,28
Shampoo,Personal Care,51.74,2021-07-29,1,1,0,0,0,0,51–80,0,32.0,3,7,29
Shampoo,Personal Care,71.02,2021-08-12,1,0,0,0,0,0,51–80,0,18.0,3,8,12
Shampoo,Personal Care,80.13,2021-08-25,1,0,0,0,0,0,81–120,0,29.0,2,8,25
Shampoo,Personal Care,17.8,2021-09-14,1,0,0,0,0,0,≤20,0,40.0,1,9,14
Shampoo,Personal Care,52.15,2021-09-20,1,0,0,0,0,0,51–80,0,31.0,0,9,20
Shampoo,Personal Care,34.75,2021-10-09,0,0,0,0,0,0,21–50,0,32.0,5,10,9
Shampoo,Personal Care,25.73,2021-10-31,0,1,0,1,0,0,21–50,0,32.0,6,10,31
Shampoo,Personal Care,94.83,2021-11-01,0,1,1,1,0,0,81–120,0,31.0,0,11,1
Shampoo,Personal Care,65.68,2021-11-03,0,1,0,1,0,0,51–80,0,22.0,2,11,3
Shampoo,Personal Care,22.58,2021-11-11,0,0,0,1,0,0,21–50,0,35.0,3,11,11
Shampoo,Personal Care,82.62,2021-12-06,0,0,0,0,0,0,81–120,0,12.0,0,12,6
Shampoo,Personal Care,73.93,2021-12-07,0,0,0,0,0,0,51–80,0,12.0,1,12,7
Shampoo,Personal Care,49.84,2022-01-05,0,0,0,0,0,0,21–50,0,22.0,2,1,5
Shampoo,Personal Care,50.72,2022-01-09,0,0,0,0,0,0,51–80,0,23.0,6,1,9
Shampoo,Personal Care,27.73,2022-01-16,0,0,0,0,0,0,21–50,0,30.0,6,1,16
Shampoo,Personal Care,25.33,2022-02-12,0,0,0,0,0,0,21–50,0,38.0,5,2,12
Shampoo,Personal Care,58.37,2022-03-05,0,0,0,0,1,0,51–80,0,37.0,5,3,5
Shampoo,Personal Care,74.65,2022-03-10,0,0,0,0,1,0,51–80,0,11.0,3,3,10
Shampoo,Personal Care,49.34,2022-03-12,0,0,0,0,1,0,21–50,0,26.0,5,3,12
Shampoo,Personal Care,62.47,2022-03-15,0,0,0,0,1,0,51–80,0,26.0,1,3,15
Shampoo,Personal Care,56.78,2022-03-22,0,0,0,0,0,0,51–80,0,30.0,1,3,22
Shampoo,Personal Care,43.78,2022-04-11,0,0,0,0,0,1,21–50,0,32.0,0,4,11
Shampoo,Personal Care,99.6,2022-04-18,0,0,0,0,0,1,81–120,0,12.0,0,4,18
Shampoo,Personal Care,48.02,2022-05-04,0,0,0,0,0,1,21–50,0,29.0,2,5,4
Shampoo,Personal Care,32.96,2022-05-22,0,0,0,0,0,1,21–50,0,32.0,6,5,22
Shampoo,Personal Care,24.93,2022-05-24,0,0,0,0,0,1,21–50,0,40.0,1,5,24
Shampoo,Personal Care,67.85,2022-05-28,0,1,0,0,0,0,51–80,0,35.0,5,5,28
Shampoo,Personal Care,81.78,2022-06-10,1,0,0,0,0,0,81–120,0,23.0,4,6,10
Shampoo,Personal Care,20.71,2022-06-24,1,0,0,0,0,0,21–50,0,26.0,4,6,24
Shampoo,Personal Care,75.79,2022-06-25,1,0,0,0,0,0,51–80,0,23.0,5,6,25
Shampoo,Personal Care,30.93,2022-07-06,1,0,0,0,0,0,21–50,0,33.0,2,7,6
Shampoo,Personal Care,17.96,2022-07-20,1,0,0,0,0,0,≤20,0,40.0,2,7,20
Shampoo,Personal Care,61.1,2022-07-24,1,0,0,0,0,0,51–80,0,17.0,6,7,24
Shampoo,Personal Care,68.36,2022-09-03,1,1,0,0,0,0,51–80,0,26.0,5,9,3
Shampoo,Personal Care,11.46,2022-09-08,1,0,0,0,0,0,≤20,0,44.0,3,9,8
Shampoo,Personal Care,33.19,2022-09-16,1,0,0,0,0,0,21–50,0,28.0,4,9,16
Shampoo,Personal Care,34.56,2022-09-22,1,0,0,0,0,0,21–50,0,33.0,3,9,22
Shampoo,Personal Care,39.81,2022-09-23,1,0,0,0,0,0,21–50,0,36.0,4,9,23
Shampoo,Personal Care,10.07,2022-10-01,0,1,0,0,0,0,≤20,0,32.0,5,10,1
Shampoo,Personal Care,60.67,2022-10-27,0,0,0,1,0,0,51–80,0,22.0,3,10,27
Shampoo,Personal Care,53.83,2022-11-11,0,0,0,1,0,0,51–80,0,34.0,4,11,11
Shampoo,Personal Care,15.76,2022-11-17,0,0,0,1,0,0,≤20,0,33.0,3,11,17
Shampoo,Personal Care,73.69,2022-11-19,0,0,0,1,0,0,51–80,0,17.0,5,11,19
Shampoo,Personal Care,12.96,2022-11-27,0,0,0,0,0,0,≤20,0,26.0,6,11,27
Shampoo,Personal Care,39.6,2022-11-28,0,1,0,0,0,0,21–50,0,21.0,0,11,28
Shampoo,Personal Care,50.94,2022-12-05,0,0,0,0,0,0,51–80,0,29.0,0,12,5
Shampoo,Personal Care,14.89,2022-12-15,0,0,0,0,0,0,≤20,0,37.0,3,12,15
Shampoo,Personal Care,89.06,2022-12-19,0,0,0,0,0,0,81–120,0,15.0,0,12,19
Shampoo,Personal Care,89.11,2022-12-24,0,0,0,0,0,0,81–120,0,11.0,5,12,24
Shampoo,Personal Care,70.88,2023-01-05,0,0,0,0,0,0,51–80,0,27.0,3,1,5
Shampoo,Personal Care,80.14,2023-02-03,0,1,0,0,0,0,81–120,0,22.0,4,2,3
Shampoo,Personal Care,38.85,2023-02-11,0,0,0,0,0,0,21–50,0,21.0,5,2,11
Shampoo,Personal Care,18.3,2023-03-04,0,0,0,0,1,0,≤20,0,40.0,5,3,4
Shampoo,Personal Care,81.62,2023-03-17,0,0,0,0,1,0,81–120,0,21.0,4,3,17
Shampoo,Personal Care,24.86,2023-03-23,0,0,0,0,0,0,21–50,0,22.0,3,3,23
Shampoo,Personal Care,17.96,2023-03-24,0,0,0,0,0,0,≤20,0,29.0,4,3,24
Shampoo,Personal Care,73.4,2023-03-28,0,1,0,0,0,0,51–80,0,25.0,1,3,28
Shampoo,Personal Care,11.81,2023-04-05,0,0,0,0,0,0,≤20,0,38.0,2,4,5
Shampoo,Personal Care,58.45,2023-04-10,0,0,0,0,0,1,51–80,0,22.0,0,4,10
Shampoo,Personal Care,35.47,2023-04-15,0,0,0,0,0,1,21–50,0,35.0,5,4,15
Shampoo,Personal Care,98.82,2023-04-28,0,1,0,0,0,1,81–120,0,11.0,4,4,28
Shampoo,Personal Care,32.93,2023-04-29,0,1,0,0,0,1,21–50,0,34.0,5,4,29
Shampoo,Personal Care,52.71,2023-05-05,0,0,0,0,0,1,51–80,0,32.0,4,5,5
Shampoo,Personal Care,37.44,2023-05-06,0,0,0,0,0,1,21–50,0,29.0,5,5,6
Shampoo,Personal Care,41.14,2023-05-08,0,0,0,0,0,1,21–50,0,28.0,0,5,8
Shampoo,Personal Care,32.55,2023-06-04,1,0,0,0,0,0,21–50,0,35.0,6,6,4
Shampoo,Personal Care,29.95,2023-06-05,1,0,0,0,0,0,21–50,0,28.0,0,6,5
Shampoo,Personal Care,81.86,2023-07-06,1,0,0,0,0,0,81–120,0,17.0,3,7,6
Shampoo,Personal Care,25.47,2023-08-05,1,0,0,0,0,0,21–50,0,32.0,5,8,5
Shampoo,Personal Care,72.24,2023-09-08,1,0,0,0,0,0,51–80,0,15.0,4,9,8
Shampoo,Personal Care,88.75,2023-09-23,1,0,0,0,0,0,81–120,0,15.0,5,9,23
Shampoo,Personal Care,79.77,2023-09-25,1,0,0,0,0,0,51–80,1,0.0,0,9,25
Shampoo,Personal Care,65.22,2023-09-27,1,0,0,0,0,0,51–80,0,36.0,2,9,27
Shampoo,Personal Care,62.57,2023-10-07,0,0,0,0,0,0,51–80,0,16.0,5,10,7
Shampoo,Personal Care,65.63,2023-10-20,0,0,0,1,0,0,51–80,0,17.0,4,10,20
Shampoo,Personal Care,47.05,2023-10-21,0,0,0,1,0,0,21–50,0,37.0,5,10,21
Shampoo,Personal Care,34.68,2023-11-06,0,0,0,1,0,0,21–50,0,30.0,0,11,6
Shampoo,Personal Care,55.52,2023-11-13,0,0,0,1,0,0,51–80,0,29.0,0,11,13
Shampoo,Personal Care,29.88,2023-11-28,0,1,0,0,0,0,21–50,1,0.0,1,11,28
Shampoo,Personal Care,92.66,2023-11-30,0,1,0,0,0,0,81–120,0,21.0,3,11,30
Shampoo,Personal Care,51.73,2023-12-01,0,1,0,0,0,0,51–80,0,23.0,4,12,1
Shampoo,Personal Care,58.88,2023-12-20,0,0,0,0,0,0,51–80,0,23.0,2,12,20
Shampoo,Personal Care,64.47,2023-12-22,0,0,0,0,0,0,51–80,0,18.0,4,12,22
Shampoo,Personal Care,75.67,2024-01-13,0,0,0,0,0,0,51–80,0,16.0,5,1,13
Shampoo,Personal Care,11.43,2024-01-16,0,0,0,0,0,0,≤20,0,41.0,1,1,16
Shampoo,Personal Care,26.1,2024-01-19,0,0,0,0,0,0,21–50,0,34.0,4,1,19
Shampoo,Personal Care,86.09,2024-02-05,0,0,0,0,0,0,81–120,0,6.0,0,2,5
Shampoo,Personal Care,99.97,2024-02-06,0,0,0,0,0,0,81–120,0,19.0,1,2,6
Shampoo,Personal Care,89.05,2024-02-10,0,0,0,0,0,0,81–120,0,5.0,5,2,10
Shampoo,Personal Care,51.86,2024-03-02,0,1,0,0,1,0,51–80,0,23.0,5,3,2
Shampoo,Personal Care,91.96,2024-03-03,0,1,0,0,1,0,81–120,0,10.0,6,3,3
Shampoo,Personal Care,24.46,2024-03-04,0,0,0,0,1,0,21–50,0,37.0,0,3,4
Shampoo,Personal Care,52.4,2024-03-08,0,0,0,0,1,0,51–80,0,29.0,4,3,8
Shampoo,Personal Care,47.22,2024-04-02,0,1,0,0,0,0,21–50,0,30.0,1,4,2
Shampoo,Personal Care,25.31,2024-05-06,0,0,0,0,0,1,21–50,0,34.0,0,5,6
Shampoo,Personal Care,60.48,2024-05-11,0,0,0,0,0,1,51–80,0,18.0,5,5,11
Shampoo,Personal Care,46.53,2024-05-14,0,0,0,0,0,1,21–50,0,27.0,1,5,14
Shampoo,Personal Care,68.01,2024-06-19,1,0,0,0,0,0,51–80,0,16.0,2,6,19
Shampoo,Personal Care,58.35,2024-08-01,1,1,0,0,0,0,51–80,0,29.0,3,8,1
Shampoo,Personal Care,95.55,2024-08-22,1,0,0,0,0,0,81–120,0,8.0,3,8,22
Shampoo,Personal Care,79.19,2024-09-03,1,1,0,0,0,0,51–80,0,18.0,1,9,3
Shampoo,Personal Care,74.03,2024-09-06,1,0,0,0,0,0,51–80,0,16.0,4,9,6
Shampoo,Personal Care,87.0,2024-09-22,1,0,0,0,0,0,81–120,0,23.0,6,9,22
Shampoo,Personal Care,47.31,2024-09-25,1,0,0,0,0,0,21–50,0,25.0,2,9,25
Shampoo,Personal Care,95.86,2024-10-07,0,0,0,0,0,0,81–120,0,18.0,0,10,7
Shampoo,Personal Care,81.44,2024-10-26,0,0,0,1,0,0,81–120,0,23.0,5,10,26
Shampoo,Personal Care,29.75,2024-11-04,0,0,0,1,0,0,21–50,0,19.0,0,11,4
Shampoo,Personal Care,13.9,2024-11-06,0,0,0,1,0,0,≤20,0,45.0,2,11,6
Shampoo,Personal Care,13.78,2024-11-15,0,0,0,1,0,0,≤20,0,39.0,4,11,15
Shampoo,Personal Care,34.53,2024-11-23,0,0,0,1,0,0,21–50,0,34.0,5,11,23
Shampoo,Personal Care,69.0,2024-11-30,0,1,0,0,0,0,51–80,0,16.0,5,11,30
Shampoo,Personal Care,54.78,2024-12-07,0,0,0,0,0,0,51–80,0,26.0,5,12,7
Shampoo,Personal Care,78.01,2024-12-11,0,0,0,0,0,0,51–80,0,9.0,2,12,11
Shampoo,Personal Care,86.03,2025-01-16,0,0,0,0,0,0,81–120,0,20.0,3,1,16
Shampoo,Personal Care,98.18,2025-01-17,0,0,0,0,0,0,81–120,0,10.0,4,1,17
Shampoo,Personal Care,27.15,2025-01-26,0,0,1,0,0,0,21–50,0,34.0,6,1,26
Shampoo,Personal Care,74.89,2025-01-30,0,1,0,0,0,0,51–80,0,14.0,3,1,30
Shampoo,Personal Care,18.73,2025-01-31,0,1,0,0,0,0,≤20,0,41.0,4,1,31
Shampoo,Personal Care,10.36,2025-02-01,0,1,0,0,0,0,≤20,0,36.0,5,2,1
Shampoo,Personal Care,68.71,2025-02-03,0,1,0,0,0,0,51–80,0,14.0,0,2,3
Shampoo,Personal Care,74.75,2025-02-09,0,0,0,0,0,0,51–80,0,17.0,6,2,9
Shampoo,Personal Care,45.62,2025-02-14,0,0,0,0,0,0,21–50,0,31.0,4,2,14
Shampoo,Personal Care,85.45,2025-03-03,0,1,0,0,1,0,81–120,0,13.0,0,3,3
Shampoo,Personal Care,28.91,2025-03-06,0,0,0,0,1,0,21–50,0,35.0,3,3,6
Shampoo,Personal Care,28.4,2025-03-13,0,0,0,0,1,0,21–50,0,30.0,3,3,13
Shampoo,Personal Care,62.11,2025-03-20,0,0,0,0,1,0,51–80,0,24.0,3,3,20
Shampoo,Personal Care,44.97,2025-04-20,0,0,0,0,0,1,21–50,0,27.0,6,4,20
Shampoo,Personal Care,88.16,2025-05-03,0,1,0,0,0,1,81–120,0,24.0,5,5,3
Shampoo,Personal Care,97.2,2025-05-30,0,1,0,0,0,0,81–120,0,13.0,4,5,30
Shampoo,Personal Care,45.46,2025-06-05,1,0,0,0,0,0,21–50,0,26.0,3,6,5
Shampoo,Personal Care,87.94,2025-06-07,1,0,0,0,0,0,81–120,0,21.0,5,6,7
Shampoo,Personal Care,82.56,2025-06-24,1,0,0,0,0,0,81–120,0,27.0,1,6,24
Shampoo,Personal Care,47.66,2025-07-10,1,0,0,0,0,0,21–50,0,27.0,3,7,10
Shampoo,Personal Care,86.87,2025-07-13,1,0,0,0,0,0,81–120,0,18.0,6,7,13
Shampoo,Personal Care,11.51,2025-07-18,1,0,0,0,0,0,≤20,0,39.0,4,7,18
Shampoo,Personal Care,41.94,2025-07-26,1,0,0,0,0,0,21–50,0,23.0,5,7,26
Shampoo,Personal Care,74.29,2025-07-30,1,1,0,0,0,0,51–80,0,19.0,2,7,30
Shampoo,Personal Care,15.66,2025-08-24,1,0,0,0,0,0,≤20,0,34.0,6,8,24
Shampoo,Personal Care,23.9,2025-08-28,1,1,0,0,0,0,21–50,0,26.0,3,8,28
Shampoo,Personal Care,33.45,2025-09-06,1,0,0,0,0,0,21–50,0,33.0,5,9,6
Shampoo,Personal Care,16.63,2025-09-30,1,1,0,0,0,0,≤20,1,0.0,1,9,30
Shampoo,Personal Care,32.6,2025-10-05,0,0,0,0,0,0,21–50,0,23.0,6,10,5
