inventory_with_india_features.csv
Item Name,Category,Price,Date,IsMonsoon,IsPaydayWindow,IsLocalHoliday,IsDiwaliSeason,IsHoliSeason,IsEidSeason,MRPBand,IsStockout,Quantity,DayOfWeek,Month,Day
Toothpaste,Personal Care,21.53,2020-04-21,0,0,0,0,0,1,21–50,0,31.0,1,4,21
Toothpaste,Personal Care,38.11,2020-05-01,0,1,1,0,0,1,21–50,0,36.0,4,5,1
Toothpaste,Personal Care,90.65,2020-06-01,1,1,0,0,0,0,81–120,0,17.0,0,6,1
Toothpaste,Personal Care,52.06,2020-06-25,1,0,0,0,0,0,51–80,1,0.0,3,6,25
Toothpaste,Personal Care,14.8,2020-07-05,1,0,0,0,0,0,≤20,0,39.0,6,7,5
Toothpaste,Personal Care,86.6,2020-07-07,1,0,0,0,0,0,81–120,0,16.0,1,7,7
Toothpaste,Personal Care,91.24,2020-07-11,1,0,0,0,0,0,81–120,0,8.0,5,7,11
Toothpaste,Personal Care,67.82,2020-07-12,1,0,0,0,0,0,51–80,0,19.0,6,7,12
Toothpaste,Personal Care,53.14,2020-08-05,1,0,0,0,0,0,51–80,0,25.0,2,8,5
Toothpaste,Personal Care,68.51,2020-08-13,1,0,0,0,0,0,51–80,0,24.0,3,8,13
Toothpaste,Personal Care,12.61,2020-08-14,1,0,0,0,0,0,≤20,0,33.0,4,8,14
Toothpaste,Personal Care,26.52,2020-08-25,1,0,0,0,0,0,21–50,0,27.0,1,8,25
Toothpaste,Personal Care,55.75,2020-08-29,1,1,0,0,0,0,51–80,0,30.0,5,8,29
Toothpaste,Personal Care,66.34,2020-09-06,1,0,0,0,0,0,51–80,0,34.0,6,9,6
Toothpaste,Personal Care,58.56,2020-09-26,1,0,0,0,0,0,51–80,0,26.0,5,9,26
Toothpaste,Personal Care,63.13,2020-10-21,0,0,0,1,0,0,51–80,0,23.0,2,10,21
Toothpaste,Personal Care,35.49,2020-11-03,0,1,0,1,0,0,21–50,0,39.0,1,11,3
Toothpaste,Personal Care,80.54,2020-11-04,0,0,0,1,0,0,81–120,0,23.0,2,11,4
Toothpaste,Personal Care,70.71,2020-11-05,0,0,0,1,0,0,51–80,0,20.0,3,11,5
Toothpaste,Personal Care,86.99,2020-11-24,0,0,0,1,0,0,81–120,0,17.0,1,11,24
Toothpaste,Personal Care,64.31,2020-11-25,0,0,0,1,0,0,51–80,0,33.0,2,11,25
Toothpaste,Personal Care,11.63,2020-12-07,0,0,0,0,0,0,≤20,0,41.0,0,12,7
Toothpaste,Personal Care,88.65,2020-12-08,0,0,0,0,0,0,81–120,0,13.0,1,12,8
Toothpaste,Personal Care,58.81,2021-01-04,0,0,0,0,0,0,51–80,0,20.0,0,1,4
Toothpaste,Personal Care,21.86,2021-01-15,0,0,0,0,0,0,21–50,0,33.0,4,1,15
Toothpaste,Personal Care,75.36,2021-01-28,0,1,0,0,0,0,51–80,0,26.0,3,1,28
Toothpaste,Personal Care,40.81,2021-02-05,0,0,0,0,0,0,21–50,0,25.0,4,2,5
Toothpaste,Personal Care,27.8,2021-02-08,0,0,0,0,0,0,21–50,0,29.0,0,2,8
Toothpaste,Personal Care,28.23,2021-02-11,0,0,0,0,0,0,21–50,0,34.0,3,2,11
Toothpaste,Personal Care,66.9,2021-02-17,0,0,0,0,0,0,51–80,0,16.0,2,2,17
Toothpaste,Personal Care,25.09,2021-02-23,0,0,0,0,0,0,21–50,0,32.0,1,2,23
Toothpaste,Personal Care,81.78,2021-02-24,0,0,0,0,0,0,81–120,0,22.0,2,2,24
Toothpaste,Personal Care,22.42,2021-02-28,0,1,0,0,1,0,21–50,0,41.0,6,2,28
Toothpaste,Personal Care,60.98,2021-03-24,0,0,0,0,0,0,51–80,0,17.0,2,3,24
Toothpaste,Personal Care,53.76,2021-03-26,0,0,0,0,0,0,51–80,0,23.0,4,3,26
Toothpaste,Personal Care,90.12,2021-03-31,0,1,0,0,0,0,81–120,0,24.0,2,3,31
Toothpaste,Personal Care,42.47,2021-04-05,0,0,0,0,0,0,21–50,0,22.0,0,4,5
Toothpaste,Personal Care,46.78,2021-04-16,0,0,0,0,0,1,21–50,0,33.0,4,4,16
Toothpaste,Personal Care,78.0,2021-04-22,0,0,0,0,0,1,51–80,0,18.0,3,4,22
Toothpaste,Personal Care,98.39,2021-05-04,0,0,0,0,0,1,81–120,0,7.0,1,5,4
Toothpaste,Personal Care,84.7,2021-05-23,0,0,0,0,0,1,81–120,0,20.0,6,5,23
Toothpaste,Personal Care,38.87,2021-06-07,1,0,0,0,0,0,21–50,0,30.0,0,6,7
Toothpaste,Personal Care,34.61,2021-06-26,1,0,0,0,0,0,21–50,0,27.0,5,6,26
Toothpaste,Personal Care,52.95,2021-07-07,1,0,0,0,0,0,51–80,0,28.0,2,7,7
Toothpaste,Personal Care,95.44,2021-07-14,1,0,0,0,0,0,81–120,0,10.0,2,7,14
Toothpaste,Personal Care,27.27,2021-07-15,1,0,0,0,0,0,21–50,0,36.0,3,7,15
Toothpaste,Personal Care,32.13,2021-07-27,1,0,0,0,0,0,21–50,0,26.0,1,7,27
Toothpaste,Personal Care,32.93,2021-07-31,1,1,0,0,0,0,21–50,0,35.0,5,7,31
Toothpaste,Personal Care,80.82,2021-08-11,1,0,0,0,0,0,81–120,0,14.0,2,8,11
Toothpaste,Personal Care,83.06,2021-08-29,1,1,0,0,0,0,81–120,0,9.0,6,8,29
Toothpaste,Personal Care,39.89,2021-08-31,1,1,0,0,0,0,21–50,0,36.0,1,8,31
Toothpaste,Personal Care,79.7,2021-09-03,1,1,0,0,0,0,51–80,0,21.0,4,9,3
Toothpaste,Personal Care,93.52,2021-09-17,1,0,0,0,0,0,81–120,0,6.0,4,9,17
Toothpaste,Personal Care,34.22,2021-10-03,0,1,0,0,0,0,21–50,0,28.0,6,10,3
Toothpaste,Personal Care,44.04,2021-11-02,0,1,0,1,0,0,21–50,0,29.0,1,11,2
Toothpaste,Personal Care,70.68,2021-11-05,0,0,0,1,0,0,51–80,0,18.0,4,11,5
Toothpaste,Personal Care,82.93,2021-11-15,0,0,0,1,0,0,81–120,0,19.0,0,11,15
Toothpaste,Personal Care,98.29,2021-11-20,0,0,0,1,0,0,81–120,0,12.0,5,11,20
Toothpaste,Personal Care,18.16,2021-11-25,0,0,0,1,0,0,≤20,0,41.0,3,11,25
Toothpaste,Personal Care,26.78,2021-11-29,0,1,0,0,0,0,21–50,0,39.0,0,11,29
Toothpaste,Personal Care,74.51,2021-12-02,0,1,0,0,0,0,51–80,0,17.0,3,12,2
Toothpaste,Personal Care,86.74,2021-12-03,0,1,0,0,0,0,81–120,0,21.0,4,12,3
Toothpaste,Personal Care,27.36,2021-12-12,0,0,0,0,0,0,21–50,0,31.0,6,12,12
Toothpaste,Personal Care,37.76,2021-12-18,0,0,0,0,0,0,21–50,0,24.0,5,12,18
Toothpaste,Personal Care,39.5,2021-12-25,0,0,1,0,0,0,21–50,0,32.0,5,12,25
Toothpaste,Personal Care,55.24,2021-12-26,0,0,0,0,0,0,51–80,0,24.0,6,12,26
Toothpaste,Personal Care,93.01,2022-01-07,0,0,0,0,0,0,81–120,0,18.0,4,1,7
Toothpaste,Personal Care,18.35,2022-01-21,0,0,0,0,0,0,≤20,0,30.0,4,1,21
Toothpaste,Personal Care,44.62,2022-02-04,0,0,0,0,0,0,21–50,0,25.0,4,2,4
Toothpaste,Personal Care,46.29,2022-02-07,0,0,0,0,0,0,21–50,0,30.0,0,2,7
Toothpaste,Personal Care,15.07,2022-02-15,0,0,0,0,0,0,≤20,0,31.0,1,2,15
Toothpaste,Personal Care,39.42,2022-02-21,0,0,0,0,0,0,21–50,0,33.0,0,2,21
Toothpaste,Personal Care,40.45,2022-03-25,0,0,0,0,0,0,21–50,0,22.0,4,3,25
Toothpaste,Personal Care,82.24,2022-03-26,0,0,0,0,0,0,81–120,0,10.0,5,3,26
Toothpaste,Personal Care,59.7,2022-03-28,0,1,0,0,0,0,51–80,0,29.0,0,3,28
Toothpaste,Personal Care,96.23,2022-04-08,0,0,0,0,0,0,81–120,0,6.0,4,4,8
Toothpaste,Personal Care,72.35,2022-04-14,0,0,0,0,0,1,51–80,0,23.0,3,4,14
Toothpaste,Personal Care,83.73,2022-04-30,0,1,0,0,0,1,81–120,0,10.0,5,4,30
Toothpaste,Personal Care,51.8,2022-05-07,0,0,0,0,0,1,51–80,0,32.0,5,5,7
Toothpaste,Personal Care,87.66,2022-05-09,0,0,0,0,0,1,81–120,0,20.0,0,5,9
Toothpaste,Personal Care,88.37,2022-05-25,0,0,0,0,0,1,81–120,0,12.0,2,5,25
Toothpaste,Personal Care,34.48,2022-06-04,1,0,0,0,0,0,21–50,0,33.0,5,6,4
Toothpaste,Personal Care,95.03,2022-06-13,1,0,0,0,0,0,81–120,0,13.0,0,6,13
Toothpaste,Personal Care,83.13,2022-07-01,1,1,0,0,0,0,81–120,0,11.0,4,7,1
Toothpaste,Personal Care,38.88,2022-07-08,1,0,0,0,0,0,21–50,0,28.0,4,7,8
Toothpaste,Personal Care,19.38,2022-07-11,1,0,0,0,0,0,≤20,0,34.0,0,7,11
Toothpaste,Personal Care,19.75,2022-07-18,1,0,0,0,0,0,≤20,0,35.0,0,7,18
Toothpaste,Personal Care,68.39,2022-07-23,1,0,0,0,0,0,51–80,0,26.0,5,7,23
Toothpaste,Personal Care,63.49,2022-07-30,1,1,0,0,0,0,51–80,0,28.0,5,7,30
Toothpaste,Personal Care,58.86,2022-08-09,1,0,0,0,0,0,51–80,0,27.0,1,8,9
Toothpaste,Personal Care,61.65,2022-08-10,1,0,0,0,0,0,51–80,0,27.0,2,8,10
Toothpaste,Personal Care,83.76,2022-08-12,1,0,0,0,0,0,81–120,0,18.0,4,8,12
Toothpaste,Personal Care,26.59,2022-08-30,1,1,0,0,0,0,21–50,0,37.0,1,8,30
Toothpaste,Personal Care,75.12,2022-09-09,1,0,0,0,0,0,51–80,0,10.0,4,9,9
Toothpaste,Personal Care,64.99,2022-09-10,1,0,0,0,0,0,51–80,0,27.0,5,9,10
Toothpaste,Personal Care,26.75,2022-10-02,0,1,1,0,0,0,21–50,0,34.0,6,10,2
Toothpaste,Personal Care,16.46,2022-11-02,0,1,0,1,0,0,≤20,0,41.0,2,11,2
Toothpaste,Personal Care,69.82,2022-11-07,0,0,0,1,0,0,51–80,0,25.0,0,11,7
Toothpaste,Personal Care,94.32,2022-11-16,0,0,0,1,0,0,81–120,0,18.0,2,11,16
Toothpaste,Personal Care,55.65,2022-12-04,0,0,0,0,0,0,51–80,1,0.0,6,12,4
Toothpaste,Personal Care,16.84,2022-12-21,0,0,0,0,0,0,≤20,0,32.0,2,12,21
Toothpaste,Personal Care,26.91,2022-12-23,0,0,0,0,0,0,21–50,0,34.0,4,12,23
Toothpaste,Personal Care,88.14,2023-01-15,0,0,0,0,0,0,81–120,0,23.0,6,1,15
Toothpaste,Personal Care,85.39,2023-01-17,0,0,0,0,0,0,81–120,0,19.0,1,1,17
Toothpaste,Personal Care,81.58,2023-01-19,0,0,0,0,0,0,81–120,0,22.0,3,1,19
Toothpaste,Personal Care,53.46,2023-01-28,0,1,0,0,0,0,51–80,0,31.0,5,1,28
Toothpaste,Personal Care,35.82,2023-02-06,0,0,0,0,0,0,21–50,0,28.0,0,2,6
Toothpaste,Personal Care,32.18,2023-02-08,0,0,0,0,0,0,21–50,0,25.0,2,2,8
Toothpaste,Personal Care,44.2,2023-02-25,0,0,0,0,1,0,21–50,0,30.0,5,2,25
Toothpaste,Personal Care,71.59,2023-03-07,0,0,0,0,1,0,51–80,0,17.0,1,3,7
Toothpaste,Personal Care,91.62,2023-03-15,0,0,0,0,1,0,81–120,0,7.0,2,3,15
Toothpaste,Personal Care,27.01,2023-03-18,0,0,0,0,1,0,21–50,0,35.0,5,3,18
Toothpaste,Personal Care,21.51,2023-03-31,0,1,0,0,0,0,21–50,0,33.0,4,3,31
Toothpaste,Personal Care,57.09,2023-04-30,0,1,0,0,0,1,51–80,0,33.0,6,4,30
Toothpaste,Personal Care,17.26,2023-05-28,0,1,0,0,0,0,≤20,0,42.0,6,5,28
Toothpaste,Personal Care,26.23,2023-05-30,0,1,0,0,0,0,21–50,0,30.0,1,5,30
Toothpaste,Personal Care,81.02,2023-06-18,1,0,0,0,0,0,81–120,0,18.0,6,6,18
Toothpaste,Personal Care,65.96,2023-06-27,1,0,0,0,0,0,51–80,0,28.0,1,6,27
Toothpaste,Personal Care,23.73,2023-07-05,1,0,0,0,0,0,21–50,0,37.0,2,7,5
Toothpaste,Personal Care,12.81,2023-07-11,1,0,0,0,0,0,≤20,0,34.0,1,7,11
Toothpaste,Personal Care,87.4,2023-07-15,1,0,0,0,0,0,81–120,0,14.0,5,7,15
Toothpaste,Personal Care,19.37,2023-07-22,1,0,0,0,0,0,≤20,0,35.0,5,7,22
Toothpaste,Personal Care,87.11,2023-08-17,1,0,0,0,0,0,81–120,0,11.0,3,8,17
Toothpaste,Personal Care,84.18,2023-08-29,1,1,0,0,0,0,81–120,0,22.0,1,8,29
Toothpaste,Personal Care,94.57,2023-09-01,1,1,0,0,0,0,81–120,0,12.0,4,9,1
Toothpaste,Personal Care,56.76,2023-09-06,1,0,0,0,0,0,51–80,0,26.0,2,9,6
Toothpaste,Personal Care,52.78,2023-09-11,1,0,0,0,0,0,51–80,0,22.0,0,9,11
Toothpaste,Personal Care,52.44,2023-09-16,1,0,0,0,0,0,51–80,0,12.0,5,9,16
Toothpaste,Personal Care,84.59,2023-10-01,0,1,0,0,0,0,81–120,0,23.0,6,10,1
Toothpaste,Personal Care,85.8,2023-10-05,0,0,0,0,0,0,81–120,0,2.0,3,10,5
Toothpaste,Personal Care,35.08,2023-10-11,0,0,0,0,0,0,21–50,0,28.0,2,10,11
Toothpaste,Personal Care,35.95,2023-10-16,0,0,0,1,0,0,21–50,0,31.0,0,10,16
Toothpaste,Personal Care,99.65,2023-10-17,0,0,0,1,0,0,81–120,0,22.0,1,10,17
Toothpaste,Personal Care,87.91,2023-10-30,0,1,0,1,0,0,81–120,0,22.0,0,10,30
Toothpaste,Personal Care,26.36,2023-11-16,0,0,0,1,0,0,21–50,0,31.0,3,11,16
Toothpaste,Personal Care,66.08,2023-11-17,0,0,0,1,0,0,51–80,0,21.0,4,11,17
Toothpaste,Personal Care,94.47,2023-11-23,0,0,0,1,0,0,81–120,0,14.0,3,11,23
Toothpaste,Personal Care,63.13,2023-12-19,0,0,0,0,0,0,51–80,0,21.0,1,12,19
Toothpaste,Personal Care,77.13,2023-12-24,0,0,0,0,0,0,51–80,0,19.0,6,12,24
Toothpaste,Personal Care,91.81,2024-01-20,0,0,0,0,0,0,81–120,0,18.0,5,1,20
Toothpaste,Personal Care,32.01,2024-02-01,0,1,0,0,0,0,21–50,0,43.0,3,2,1
Toothpaste,Personal Care,29.88,2024-02-08,0,0,0,0,0,0,21–50,0,30.0,3,2,8
Toothpaste,Personal Care,70.11,2024-02-14,0,0,0,0,0,0,51–80,0,16.0,2,2,14
Toothpaste,Personal Care,45.07,2024-02-15,0,0,0,0,0,0,21–50,0,28.0,3,2,15
Toothpaste,Personal Care,31.41,2024-02-24,0,0,0,0,0,0,21–50,0,25.0,5,2,24
Toothpaste,Personal Care,74.32,2024-02-26,0,0,0,0,1,0,51–80,0,21.0,0,2,26
Toothpaste,Personal Care,43.34,2024-02-28,0,1,0,0,1,0,21–50,0,37.0,2,2,28
Toothpaste,Personal Care,88.55,2024-03-01,0,1,0,0,1,0,81–120,0,10.0,4,3,1
Toothpaste,Personal Care,13.95,2024-03-10,0,0,0,0,1,0,≤20,0,40.0,6,3,10
Toothpaste,Personal Care,73.17,2024-03-11,0,0,0,0,1,0,51–80,0,19.0,0,3,11
Toothpaste,Personal Care,40.93,2024-03-29,0,1,0,0,0,0,21–50,0,27.0,4,3,29
Toothpaste,Personal Care,24.82,2024-04-08,0,0,0,0,0,0,21–50,0,34.0,0,4,8
Toothpaste,Personal Care,94.24,2024-04-10,0,0,0,0,0,1,81–120,0,10.0,2,4,10
Toothpaste,Personal Care,21.31,2024-04-24,0,0,0,0,0,1,21–50,0,31.0,2,4,24
Toothpaste,Personal Care,85.35,2024-04-27,0,0,0,0,0,1,81–120,0,18.0,5,4,27
Toothpaste,Personal Care,27.29,2024-04-28,0,1,0,0,0,1,21–50,0,38.0,6,4,28
Toothpaste,Personal Care,66.42,2024-05-15,0,0,0,0,0,1,51–80,0,26.0,2,5,15
Toothpaste,Personal Care,37.53,2024-05-17,0,0,0,0,0,1,21–50,0,31.0,4,5,17
Toothpaste,Personal Care,82.36,2024-05-20,0,0,0,0,0,1,81–120,0,17.0,0,5,20
Toothpaste,Personal Care,37.24,2024-05-28,0,1,0,0,0,0,21–50,0,22.0,1,5,28
Toothpaste,Personal Care,66.9,2024-06-04,1,0,0,0,0,0,51–80,0,36.0,1,6,4
Toothpaste,Personal Care,67.08,2024-06-08,1,0,0,0,0,0,51–80,0,15.0,5,6,8
Toothpaste,Personal Care,75.11,2024-06-15,1,0,0,0,0,0,51–80,0,25.0,5,6,15
Toothpaste,Personal Care,41.92,2024-07-02,1,1,0,0,0,0,21–50,0,34.0,1,7,2
Toothpaste,Personal Care,34.09,2024-07-03,1,1,0,0,0,0,21–50,0,36.0,2,7,3
Toothpaste,Personal Care,77.28,2024-07-15,1,0,0,0,0,0,51–80,0,13.0,0,7,15
Toothpaste,Personal Care,81.65,2024-07-19,1,0,0,0,0,0,81–120,0,17.0,4,7,19
Toothpaste,Personal Care,87.44,2024-07-27,1,0,0,0,0,0,81–120,0,14.0,5,7,27
Toothpaste,Personal Care,55.61,2024-07-29,1,1,0,0,0,0,51–80,0,33.0,0,7,29
Toothpaste,Personal Care,35.91,2024-08-12,1,0,0,0,0,0,21–50,0,24.0,0,8,12
Toothpaste,Personal Care,11.69,2024-08-18,1,0,0,0,0,0,≤20,0,37.0,6,8,18
Toothpaste,Personal Care,62.62,2024-08-24,1,0,0,0,0,0,51–80,0,21.0,5,8,24
Toothpaste,Personal Care,90.76,2024-08-27,1,0,0,0,0,0,81–120,0,11.0,1,8,27
Toothpaste,Personal Care,65.31,2024-09-02,1,1,0,0,0,0,51–80,0,24.0,0,9,2
Toothpaste,Personal Care,68.55,2024-10-01,0,1,0,0,0,0,51–80,0,28.0,1,10,1
Toothpaste,Personal Care,90.72,2024-10-06,0,0,0,0,0,0,81–120,0,15.0,6,10,6
Toothpaste,Personal Care,83.32,2024-10-18,0,0,0,1,0,0,81–120,0,11.0,4,10,18
Toothpaste,Personal Care,96.51,2024-11-22,0,0,0,1,0,0,81–120,0,27.0,4,11,22
Toothpaste,Personal Care,63.49,2024-12-01,0,1,0,0,0,0,51–80,0,23.0,6,12,1
Toothpaste,Personal Care,41.38,2025-01-12,0,0,0,0,0,0,21–50,0,31.0,6,1,12
Toothpaste,Personal Care,35.87,2025-01-24,0,0,0,0,0,0,21–50,0,28.0,4,1,24
Toothpaste,Personal Care,53.74,2025-02-11,0,0,0,0,0,0,51–80,0,28.0,1,2,11
Toothpaste,Personal Care,25.03,2025-02-25,0,0,0,0,1,0,21–50,0,39.0,1,2,25
Toothpaste,Personal Care,23.74,2025-03-16,0,0,0,0,1,0,21–50,0,31.0,6,3,16
Toothpaste,Personal Care,57.83,2025-03-17,0,0,0,0,1,0,51–80,0,32.0,0,3,17
Toothpaste,Personal Care,52.0,2025-04-18,0,0,0,0,0,1,51–80,0,26.0,4,4,18
Toothpaste,Personal Care,30.25,2025-04-27,0,0,0,0,0,1,21–50,0,40.0,6,4,27
Toothpaste,Personal Care,20.35,2025-05-01,0,1,1,0,0,1,21–50,0,45.0,3,5,1
Toothpaste,Personal Care,35.2,2025-05-22,0,0,0,0,0,1,21–50,0,41.0,3,5,22
Toothpaste,Personal Care,77.44,2025-05-31,0,1,0,0,0,0,51–80,0,20.0,5,5,31
Toothpaste,Personal Care,49.13,2025-06-03,1,1,0,0,0,0,21–50,0,24.0,1,6,3
Toothpaste,Personal Care,87.07,2025-07-07,1,0,0,0,0,0,81–120,0,12.0,0,7,7
Toothpaste,Personal Care,66.27,2025-07-09,1,0,0,0,0,0,51–80,0,15.0,2,7,9
Toothpaste,Personal Care,95.82,2025-08-15,1,0,1,0,0,0,81–120,0,19.0,4,8,15
Toothpaste,Personal Care,31.0,2025-08-17,1,0,0,0,0,0,21–50,0,26.0,6,8,17
Toothpaste,Personal Care,39.23,2025-08-19,1,0,0,0,0,0,21–50,0,26.0,1,8,19
Toothpaste,Personal Care,97.73,2025-09-07,1,0,0,0,0,0,81–120,0,20.0,6,9,7
Toothpaste,Personal Care,91.5,2025-09-09,1,0,0,0,0,0,81–120,0,10.0,1,9,9
Toothpaste,Personal Care,74.52,2025-09-14,1,0,0,0,0,0,51–80,0,26.0,6,9,14
Toothpaste,Personal Care,15.2,2025-09-24,1,0,0,0,0,0,≤20,0,36.0,2,9,24
Toothpaste,Personal Care,12.46,2025-10-02,0,1,1,0,0,0,≤20,0,47.0,3,10,2
Toothpaste,Personal Care,30.6,2025-10-06,0,0,0,0,0,0,21–50,0,39.0,0,10,6
