inventory_with_india_features.csv
Item Name,Category,Price,Date,IsMonsoon,IsPaydayWindow,IsLocalHoliday,IsDiwaliSeason,IsHoliSeason,IsEidSeason,MRPBand,IsStockout,Quantity,DayOfWeek,Month,Day
Juice,Beverages,93.41,2020-04-22,0,0,0,0,0,1,81–120,0,24.0,2,4,22
Juice,Beverages,69.84,2020-05-04,0,0,0,0,0,1,51–80,0,24.0,0,5,4
Juice,Beverages,37.36,2020-05-08,0,0,0,0,0,1,21–50,0,39.0,4,5,8
Juice,Beverages,46.57,2020-05-12,0,0,0,0,0,1,21–50,0,40.0,1,5,12
Juice,Beverages,25.35,2020-05-26,0,0,0,0,0,0,21–50,0,37.0,1,5,26
Juice,Beverages,54.16,2020-05-29,0,1,0,0,0,0,51–80,0,40.0,4,5,29
Juice,Beverages,13.37,2020-06-04,1,0,0,0,0,0,≤20,0,43.0,3,6,4
Juice,Beverages,45.78,2020-06-20,1,0,0,0,0,0,21–50,0,36.0,5,6,20
Juice,Beverages,14.43,2020-07-09,1,0,0,0,0,0,≤20,0,41.0,3,7,9
Juice,Beverages,93.24,2020-07-10,1,0,0,0,0,0,81–120,0,14.0,4,7,10
Juice,Beverages,58.19,2020-07-19,1,0,0,0,0,0,51–80,0,42.0,6,7,19
Juice,Beverages,36.58,2020-08-09,1,0,0,0,0,0,21–50,0,32.0,6,8,9
Juice,Beverages,47.06,2020-09-01,1,1,0,0,0,0,21–50,0,38.0,1,9,1
Juice,Beverages,77.98,2020-09-20,1,0,0,0,0,0,51–80,0,29.0,6,9,20
Juice,Beverages,74.19,2020-10-15,0,0,0,1,0,0,51–80,0,44.0,3,10,15
Juice,Beverages,92.38,2020-10-26,0,0,0,1,0,0,81–120,0,46.0,0,10,26
Juice,Beverages,50.8,2020-10-28,0,1,0,1,0,0,51–80,0,57.0,2,10,28
Juice,Beverages,15.45,2020-11-11,0,0,0,1,0,0,≤20,0,55.0,2,11,11
Juice,Beverages,20.09,2020-11-13,0,0,0,1,0,0,21–50,1,0.0,4,11,13
Juice,Beverages,39.02,2020-11-16,0,0,0,1,0,0,21–50,0,41.0,0,11,16
Juice,Beverages,14.26,2020-11-19,0,0,0,1,0,0,≤20,0,59.0,3,11,19
Juice,Beverages,63.12,2020-11-22,0,0,0,1,0,0,51–80,1,0.0,6,11,22
Juice,Beverages,21.34,2020-12-01,0,1,0,0,0,0,21–50,0,49.0,1,12,1
Juice,Beverages,45.65,2020-12-09,0,0,0,0,0,0,21–50,0,38.0,2,12,9
Juice,Beverages,56.31,2020-12-11,0,0,0,0,0,0,51–80,0,32.0,4,12,11
Juice,Beverages,78.4,2021-01-07,0,0,0,0,0,0,51–80,0,25.0,3,1,7
Juice,Beverages,13.62,2021-01-31,0,1,0,0,0,0,≤20,0,43.0,6,1,31
Juice,Beverages,69.66,2021-02-07,0,0,0,0,0,0,51–80,0,30.0,6,2,7
Juice,Beverages,86.86,2021-02-16,0,0,0,0,0,0,81–120,0,19.0,1,2,16
Juice,Beverages,20.41,2021-02-25,0,0,0,0,1,0,21–50,0,52.0,3,2,25
Juice,Beverages,69.71,2021-03-01,0,1,0,0,1,0,51–80,0,38.0,0,3,1
Juice,Beverages,71.75,2021-03-03,0,1,0,0,1,0,51–80,0,45.0,2,3,3
Juice,Beverages,29.1,2021-03-30,0,1,0,0,0,0,21–50,0,44.0,1,3,30
Juice,Beverages,98.08,2021-04-12,0,0,0,0,0,1,81–120,0,17.0,0,4,12
Juice,Beverages,69.29,2021-04-19,0,0,0,0,0,1,51–80,0,28.0,0,4,19
Juice,Beverages,43.58,2021-04-29,0,1,0,0,0,1,21–50,0,48.0,3,4,29
Juice,Beverages,58.11,2021-05-15,0,0,0,0,0,1,51–80,0,29.0,5,5,15
Juice,Beverages,14.06,2021-05-17,0,0,0,0,0,1,≤20,0,51.0,0,5,17
Juice,Beverages,15.38,2021-05-18,0,0,0,0,0,1,≤20,0,57.0,1,5,18
Juice,Beverages,18.49,2021-05-22,0,0,0,0,0,1,≤20,0,53.0,5,5,22
Juice,Beverages,84.0,2021-06-15,1,0,0,0,0,0,81–120,0,25.0,1,6,15
Juice,Beverages,48.54,2021-06-16,1,0,0,0,0,0,21–50,0,36.0,2,6,16
Juice,Beverages,73.45,2021-06-27,1,0,0,0,0,0,51–80,0,27.0,6,6,27
Juice,Beverages,30.27,2021-07-09,1,0,0,0,0,0,21–50,0,46.0,4,7,9
Juice,Beverages,99.53,2021-07-10,1,0,0,0,0,0,81–120,0,29.0,5,7,10
Juice,Beverages,25.28,2021-07-13,1,0,0,0,0,0,21–50,0,36.0,1,7,13
Juice,Beverages,32.77,2021-07-19,1,0,0,0,0,0,21–50,0,40.0,0,7,19
Juice,Beverages,28.72,2021-07-22,1,0,0,0,0,0,21–50,0,42.0,3,7,22
Juice,Beverages,18.8,2021-07-28,1,1,0,0,0,0,≤20,0,57.0,2,7,28
Juice,Beverages,86.35,2021-08-04,1,0,0,0,0,0,81–120,0,33.0,2,8,4
Juice,Beverages,81.57,2021-08-13,1,0,0,0,0,0,81–120,0,18.0,4,8,13
Juice,Beverages,88.8,2021-08-16,1,0,0,0,0,0,81–120,0,26.0,0,8,16
Juice,Beverages,45.68,2021-08-22,1,0,0,0,0,0,21–50,0,42.0,6,8,22
Juice,Beverages,22.16,2021-09-12,1,0,0,0,0,0,21–50,0,38.0,6,9,12
Juice,Beverages,53.34,2021-09-19,1,0,0,0,0,0,51–80,0,30.0,6,9,19
Juice,Beverages,91.52,2021-09-26,1,0,0,0,0,0,81–120,0,24.0,6,9,26
Juice,Beverages,32.54,2021-09-28,1,1,0,0,0,0,21–50,0,47.0,1,9,28
Juice,Beverages,98.71,2021-10-02,0,1,1,0,0,0,81–120,0,26.0,5,10,2
Juice,Beverages,11.9,2021-10-08,0,0,0,0,0,0,≤20,0,49.0,4,10,8
Juice,Beverages,64.59,2021-10-11,0,0,0,0,0,0,51–80,0,33.0,0,10,11
Juice,Beverages,16.46,2021-10-12,0,0,0,0,0,0,≤20,0,50.0,1,10,12
Juice,Beverages,59.53,2021-10-26,0,0,0,1,0,0,51–80,0,49.0,1,10,26
Juice,Beverages,11.96,2021-11-16,0,0,0,1,0,0,≤20,0,62.0,1,11,16
Juice,Beverages,21.78,2021-11-24,0,0,0,1,0,0,21–50,0,59.0,2,11,24
Juice,Beverages,85.43,2021-12-29,0,1,0,0,0,0,81–120,0,27.0,2,12,29
Juice,Beverages,91.88,2022-01-19,0,0,0,0,0,0,81–120,0,24.0,2,1,19
Juice,Beverages,78.78,2022-01-28,0,1,0,0,0,0,51–80,0,26.0,4,1,28
Juice,Beverages,73.74,2022-01-29,0,1,0,0,0,0,51–80,0,25.0,5,1,29
Juice,Beverages,39.22,2022-02-02,0,1,0,0,0,0,21–50,0,44.0,2,2,2
Juice,Beverages,35.87,2022-02-05,0,0,0,0,0,0,21–50,0,42.0,5,2,5
Juice,Beverages,14.66,2022-02-18,0,0,0,0,0,0,≤20,0,52.0,4,2,18
Juice,Beverages,23.49,2022-02-22,0,0,0,0,0,0,21–50,0,31.0,1,2,22
Juice,Beverages,72.75,2022-03-11,0,0,0,0,1,0,51–80,0,35.0,4,3,11
Juice,Beverages,18.14,2022-03-19,0,0,0,0,1,0,≤20,0,62.0,5,3,19
Juice,Beverages,92.1,2022-04-05,0,0,0,0,0,0,81–120,0,20.0,1,4,5
Juice,Beverages,49.33,2022-04-10,0,0,0,0,0,1,21–50,0,44.0,6,4,10
Juice,Beverages,77.21,2022-04-16,0,0,0,0,0,1,51–80,0,31.0,5,4,16
Juice,Beverages,12.34,2022-04-21,0,0,0,0,0,1,≤20,0,39.0,3,4,21
Juice,Beverages,77.01,2022-05-12,0,0,0,0,0,1,51–80,0,25.0,3,5,12
Juice,Beverages,54.24,2022-05-15,0,0,0,0,0,1,51–80,0,31.0,6,5,15
Juice,Beverages,55.29,2022-05-30,0,1,0,0,0,0,51–80,1,0.0,0,5,30
Juice,Beverages,10.24,2022-06-03,1,1,0,0,0,0,≤20,0,50.0,4,6,3
Juice,Beverages,99.19,2022-06-14,1,0,0,0,0,0,81–120,0,23.0,1,6,14
Juice,Beverages,89.87,2022-06-15,1,0,0,0,0,0,81–120,0,28.0,2,6,15
Juice,Beverages,71.12,2022-06-29,1,1,0,0,0,0,51–80,0,39.0,2,6,29
Juice,Beverages,20.66,2022-07-14,1,0,0,0,0,0,21–50,0,42.0,3,7,14
Juice,Beverages,98.8,2022-08-02,1,1,0,0,0,0,81–120,0,20.0,1,8,2
Juice,Beverages,92.45,2022-09-14,1,0,0,0,0,0,81–120,0,13.0,2,9,14
Juice,Beverages,70.84,2022-09-18,1,0,0,0,0,0,51–80,0,24.0,6,9,18
Juice,Beverages,34.68,2022-10-21,0,0,0,1,0,0,21–50,0,58.0,4,10,21
Juice,Beverages,73.89,2022-11-05,0,0,0,1,0,0,51–80,0,40.0,5,11,5
Juice,Beverages,53.51,2022-11-06,0,0,0,1,0,0,51–80,0,47.0,6,11,6
Juice,Beverages,47.89,2022-11-09,0,0,0,1,0,0,21–50,0,45.0,2,11,9
Juice,Beverages,54.73,2022-11-12,0,0,0,1,0,0,51–80,1,0.0,5,11,12
Juice,Beverages,74.68,2022-11-14,0,0,0,1,0,0,51–80,0,45.0,0,11,14
Juice,Beverages,19.32,2022-11-25,0,0,0,1,0,0,≤20,0,59.0,4,11,25
Juice,Beverages,53.25,2022-11-29,0,1,0,0,0,0,51–80,0,42.0,1,11,29
Juice,Beverages,38.63,2022-11-30,0,1,0,0,0,0,21–50,0,39.0,2,11,30
Juice,Beverages,68.27,2022-12-02,0,1,0,0,0,0,51–80,0,35.0,4,12,2
Juice,Beverages,19.07,2022-12-14,0,0,0,0,0,0,≤20,0,42.0,2,12,14
Juice,Beverages,60.63,2022-12-20,0,0,0,0,0,0,51–80,0,30.0,1,12,20
Juice,Beverages,60.33,2022-12-26,0,0,0,0,0,0,51–80,0,31.0,0,12,26
Juice,Beverages,97.01,2022-12-31,0,1,0,0,0,0,81–120,0,21.0,5,12,31
Juice,Beverages,60.79,2023-01-03,0,1,0,0,0,0,51–80,0,33.0,1,1,3
Juice,Beverages,47.26,2023-01-09,0,0,0,0,0,0,21–50,1,0.0,0,1,9
Juice,Beverages,53.21,2023-01-22,0,0,0,0,0,0,51–80,0,44.0,6,1,22
Juice,Beverages,39.01,2023-01-30,0,1,0,0,0,0,21–50,0,44.0,0,1,30
Juice,Beverages,33.1,2023-01-31,0,1,0,0,0,0,21–50,0,50.0,1,1,31
Juice,Beverages,94.2,2023-02-07,0,0,0,0,0,0,81–120,0,21.0,1,2,7
Juice,Beverages,28.28,2023-02-21,0,0,0,0,0,0,21–50,0,45.0,1,2,21
Juice,Beverages,64.97,2023-02-26,0,0,0,0,1,0,51–80,0,41.0,6,2,26
Juice,Beverages,35.03,2023-02-28,0,1,0,0,1,0,21–50,0,53.0,1,2,28
Juice,Beverages,37.86,2023-03-20,0,0,0,0,1,0,21–50,0,46.0,0,3,20
Juice,Beverages,66.76,2023-03-26,0,0,0,0,0,0,51–80,0,27.0,6,3,26
Juice,Beverages,17.65,2023-03-29,0,1,0,0,0,0,≤20,0,56.0,2,3,29
Juice,Beverages,45.12,2023-04-08,0,0,0,0,0,0,21–50,0,37.0,5,4,8
Juice,Beverages,66.19,2023-04-12,0,0,0,0,0,1,51–80,0,35.0,2,4,12
Juice,Beverages,95.22,2023-05-18,0,0,0,0,0,1,81–120,0,32.0,3,5,18
Juice,Beverages,38.4,2023-05-19,0,0,0,0,0,1,21–50,0,41.0,4,5,19
Juice,Beverages,16.47,2023-05-26,0,0,0,0,0,0,≤20,0,48.0,4,5,26
Juice,Beverages,86.67,2023-05-31,0,1,0,0,0,0,81–120,0,41.0,2,5,31
Juice,Beverages,91.21,2023-06-06,1,0,0,0,0,0,81–120,0,25.0,1,6,6
Juice,Beverages,55.98,2023-06-08,1,0,0,0,0,0,51–80,0,42.0,3,6,8
Juice,Beverages,86.47,2023-06-15,1,0,0,0,0,0,81–120,0,28.0,3,6,15
Juice,Beverages,13.01,2023-07-10,1,0,0,0,0,0,≤20,0,47.0,0,7,10
Juice,Beverages,50.58,2023-07-14,1,0,0,0,0,0,51–80,0,33.0,4,7,14
Juice,Beverages,17.27,2023-07-23,1,0,0,0,0,0,≤20,0,37.0,6,7,23
Juice,Beverages,28.45,2023-07-26,1,0,0,0,0,0,21–50,0,46.0,2,7,26
Juice,Beverages,15.55,2023-07-28,1,1,0,0,0,0,≤20,0,48.0,4,7,28
Juice,Beverages,11.27,2023-08-01,1,1,0,0,0,0,≤20,0,58.0,1,8,1
Juice,Beverages,60.1,2023-08-03,1,1,0,0,0,0,51–80,0,38.0,3,8,3
Juice,Beverages,52.87,2023-08-07,1,0,0,0,0,0,51–80,0,36.0,0,8,7
Juice,Beverages,96.33,2023-08-12,1,0,0,0,0,0,81–120,0,21.0,5,8,12
Juice,Beverages,24.91,2023-09-13,1,0,0,0,0,0,21–50,0,38.0,2,9,13
Juice,Beverages,52.15,2023-09-22,1,0,0,0,0,0,51–80,0,32.0,4,9,22
Juice,Beverages,37.16,2023-10-02,0,1,1,0,0,0,21–50,0,50.0,0,10,2
Juice,Beverages,69.27,2023-10-10,0,0,0,0,0,0,51–80,0,18.0,1,10,10
Juice,Beverages,20.98,2023-10-23,0,0,0,1,0,0,21–50,0,65.0,0,10,23
Juice,Beverages,16.78,2023-11-11,0,0,0,1,0,0,≤20,0,62.0,5,11,11
Juice,Beverages,27.56,2023-11-25,0,0,0,1,0,0,21–50,0,56.0,5,11,25
Juice,Beverages,21.2,2023-12-02,0,1,0,0,0,0,21–50,0,47.0,5,12,2
Juice,Beverages,17.48,2023-12-05,0,0,0,0,0,0,≤20,0,46.0,1,12,5
Juice,Beverages,20.02,2023-12-08,0,0,0,0,0,0,21–50,0,44.0,4,12,8
Juice,Beverages,87.09,2023-12-11,0,0,0,0,0,0,81–120,0,25.0,0,12,11
Juice,Beverages,42.77,2023-12-29,0,1,0,0,0,0,21–50,0,26.0,4,12,29
Juice,Beverages,11.51,2024-01-09,0,0,0,0,0,0,≤20,0,47.0,1,1,9
Juice,Beverages,38.42,2024-01-10,0,0,0,0,0,0,21–50,0,42.0,2,1,10
Juice,Beverages,55.69,2024-01-15,0,0,0,0,0,0,51–80,0,35.0,0,1,15
Juice,Beverages,16.63,2024-01-22,0,0,0,0,0,0,≤20,0,45.0,0,1,22
Juice,Beverages,69.6,2024-01-30,0,1,0,0,0,0,51–80,0,27.0,1,1,30
Juice,Beverages,49.83,2024-01-31,0,1,0,0,0,0,21–50,0,41.0,2,1,31
Juice,Beverages,65.91,2024-02-29,0,1,0,0,1,0,51–80,0,46.0,3,2,29
Juice,Beverages,64.08,2024-03-14,0,0,0,0,1,0,51–80,0,42.0,3,3,14
Juice,Beverages,90.62,2024-03-19,0,0,0,0,1,0,81–120,0,24.0,1,3,19
Juice,Beverages,45.82,2024-03-21,0,0,0,0,0,0,21–50,0,29.0,3,3,21
Juice,Beverages,30.3,2024-03-23,0,0,0,0,0,0,21–50,0,44.0,5,3,23
Juice,Beverages,60.67,2024-04-18,0,0,0,0,0,1,51–80,0,30.0,3,4,18
Juice,Beverages,70.65,2024-04-30,0,1,0,0,0,1,51–80,0,40.0,1,4,30
Juice,Beverages,33.16,2024-05-05,0,0,0,0,0,1,21–50,0,46.0,6,5,5
Juice,Beverages,44.37,2024-05-26,0,0,0,0,0,0,21–50,0,36.0,6,5,26
Juice,Beverages,79.8,2024-06-12,1,0,0,0,0,0,51–80,0,31.0,2,6,12
Juice,Beverages,26.99,2024-07-04,1,0,0,0,0,0,21–50,0,48.0,3,7,4
Juice,Beverages,93.92,2024-07-07,1,0,0,0,0,0,81–120,0,25.0,6,7,7
Juice,Beverages,80.74,2024-07-31,1,1,0,0,0,0,81–120,0,38.0,2,7,31
Juice,Beverages,93.65,2024-08-15,1,0,1,0,0,0,81–120,0,39.0,3,8,15
Juice,Beverages,68.65,2024-08-30,1,1,0,0,0,0,51–80,0,36.0,4,8,30
Juice,Beverages,49.11,2024-09-09,1,0,0,0,0,0,21–50,0,34.0,0,9,9
Juice,Beverages,28.26,2024-09-11,1,0,0,0,0,0,21–50,0,38.0,2,9,11
Juice,Beverages,43.3,2024-09-18,1,0,0,0,0,0,21–50,0,47.0,2,9,18
Juice,Beverages,15.19,2024-09-26,1,0,0,0,0,0,≤20,0,52.0,3,9,26
Juice,Beverages,46.9,2024-10-27,0,0,0,1,0,0,21–50,0,46.0,6,10,27
Juice,Beverages,61.07,2024-11-03,0,1,0,1,0,0,51–80,0,55.0,6,11,3
Juice,Beverages,12.76,2024-11-08,0,0,0,1,0,0,≤20,0,62.0,4,11,8
Juice,Beverages,70.57,2024-11-09,0,0,0,1,0,0,51–80,0,49.0,5,11,9
Juice,Beverages,53.0,2024-11-12,0,0,0,1,0,0,51–80,0,54.0,1,11,12
Juice,Beverages,60.53,2024-11-26,0,0,0,0,0,0,51–80,0,28.0,1,11,26
Juice,Beverages,15.28,2024-12-22,0,0,0,0,0,0,≤20,0,42.0,6,12,22
Juice,Beverages,95.68,2025-01-19,0,0,0,0,0,0,81–120,0,23.0,6,1,19
Juice,Beverages,14.89,2025-03-02,0,1,0,0,1,0,≤20,0,58.0,6,3,2
Juice,Beverages,91.5,2025-03-24,0,0,0,0,0,0,81–120,0,22.0,0,3,24
Juice,Beverages,54.54,2025-03-26,0,0,0,0,0,0,51–80,0,36.0,2,3,26
Juice,Beverages,57.5,2025-04-16,0,0,0,0,0,1,51–80,0,37.0,2,4,16
Juice,Beverages,12.03,2025-04-17,0,0,0,0,0,1,≤20,0,43.0,3,4,17
Juice,Beverages,89.97,2025-05-04,0,0,0,0,0,1,81–120,0,26.0,6,5,4
Juice,Beverages,80.78,2025-05-11,0,0,0,0,0,1,81–120,0,27.0,6,5,11
Juice,Beverages,76.86,2025-05-19,0,0,0,0,0,1,51–80,0,30.0,0,5,19
Juice,Beverages,17.07,2025-05-23,0,0,0,0,0,1,≤20,0,49.0,4,5,23
Juice,Beverages,33.16,2025-06-01,1,1,0,0,0,0,21–50,0,46.0,6,6,1
Juice,Beverages,32.0,2025-06-04,1,0,0,0,0,0,21–50,0,40.0,2,6,4
Juice,Beverages,86.65,2025-06-10,1,0,0,0,0,0,81–120,0,29.0,1,6,10
Juice,Beverages,70.25,2025-06-20,1,0,0,0,0,0,51–80,0,27.0,4,6,20
Juice,Beverages,43.92,2025-06-21,1,0,0,0,0,0,21–50,0,34.0,5,6,21
Juice,Beverages,49.16,2025-06-26,1,0,0,0,0,0,21–50,0,33.0,3,6,26
Juice,Beverages,51.06,2025-07-02,1,1,0,0,0,0,51–80,0,43.0,2,7,2
Juice,Beverages,11.33,2025-07-14,1,0,0,0,0,0,≤20,0,41.0,0,7,14
Juice,Beverages,39.87,2025-07-15,1,0,0,0,0,0,21–50,0,46.0,1,7,15
Juice,Beverages,64.98,2025-07-17,1,0,0,0,0,0,51–80,0,34.0,3,7,17
Juice,Beverages,54.38,2025-08-02,1,1,0,0,0,0,51–80,0,40.0,5,8,2
Juice,Beverages,67.08,2025-08-06,1,0,0,0,0,0,51–80,0,26.0,2,8,6
Juice,Beverages,20.11,2025-08-18,1,0,0,0,0,0,21–50,0,44.0,0,8,18
Juice,Beverages,94.36,2025-08-25,1,0,0,0,0,0,81–120,0,17.0,0,8,25
Juice,Beverages,38.96,2025-08-27,1,0,0,0,0,0,21–50,0,36.0,2,8,27
Juice,Beverages,72.72,2025-09-08,1,0,0,0,0,0,51–80,0,28.0,0,9,8
Juice,Beverages,91.63,2025-09-25,1,0,0,0,0,0,81–120,0,23.0,3,9,25
Juice,Beverages,98.8,2025-10-03,0,1,0,0,0,0,81–120,0,10.0,4,10,3
