inventory_with_india_features.csv
Item Name,Category,Price,Date,IsMonsoon,IsPaydayWindow,IsLocalHoliday,IsDiwaliSeason,IsHoliSeason,IsEidSeason,MRPBand,IsStockout,Quantity,DayOfWeek,Month,Day
Soap,Personal Care,30.45,2020-04-23,0,0,0,0,0,1,21–50,0,34.0,3,4,23
Soap,Personal Care,21.69,2020-04-29,0,1,0,0,0,1,21–50,0,35.0,2,4,29
Soap,Personal Care,44.87,2020-05-02,0,1,0,0,0,1,21–50,0,33.0,5,5,2
Soap,Personal Care,46.77,2020-05-09,0,0,0,0,0,1,21–50,0,21.0,5,5,9
Soap,Personal Care,63.18,2020-05-27,0,0,0,0,0,0,51–80,0,19.0,2,5,27
Soap,Personal Care,30.67,2020-06-16,1,0,0,0,0,0,21–50,0,32.0,1,6,16
Soap,Personal Care,69.66,2020-06-21,1,0,0,0,0,0,51–80,0,26.0,6,6,21
Soap,Personal Care,84.65,2020-06-26,1,0,0,0,0,0,81–120,0,12.0,4,6,26
Soap,Personal Care,77.14,2020-06-30,1,1,0,0,0,0,51–80,0,31.0,1,6,30
Soap,Personal Care,15.99,2020-07-01,1,1,0,0,0,0,≤20,0,38.0,2,7,1
Soap,Personal Care,37.93,2020-07-02,1,1,0,0,0,0,21–50,0,32.0,3,7,2
Soap,Personal Care,94.25,2020-08-03,1,1,0,0,0,0,81–120,0,11.0,0,8,3
Soap,Personal Care,75.67,2020-08-04,1,0,0,0,0,0,51–80,0,14.0,1,8,4
Soap,Personal Care,15.15,2020-08-18,1,0,0,0,0,0,≤20,0,40.0,1,8,18
Soap,Personal Care,56.82,2020-09-08,1,0,0,0,0,0,51–80,0,20.0,1,9,8
Soap,Personal Care,35.26,2020-09-10,1,0,0,0,0,0,21–50,0,32.0,3,9,10
Soap,Personal Care,85.92,2020-09-24,1,0,0,0,0,0,81–120,0,16.0,3,9,24
Soap,Personal Care,53.43,2020-09-27,1,0,0,0,0,0,51–80,0,26.0,6,9,27
Soap,Personal Care,82.08,2020-10-16,0,0,0,1,0,0,81–120,0,20.0,4,10,16
Soap,Personal Care,65.97,2020-10-17,0,0,0,1,0,0,51–80,1,0.0,5,10,17
Soap,Personal Care,99.78,2020-10-25,0,0,0,1,0,0,81–120,0,7.0,6,10,25
Soap,Personal Care,47.83,2020-10-29,0,1,0,1,0,0,21–50,0,25.0,3,10,29
Soap,Personal Care,14.37,2020-11-18,0,0,0,1,0,0,≤20,0,34.0,2,11,18
Soap,Personal Care,14.07,2020-12-29,0,1,0,0,0,0,≤20,0,34.0,1,12,29
Soap,Personal Care,16.46,2021-01-02,0,1,0,0,0,0,≤20,0,40.0,5,1,2
Soap,Personal Care,59.76,2021-01-03,0,1,0,0,0,0,51–80,0,13.0,6,1,3
Soap,Personal Care,21.32,2021-02-06,0,0,0,0,0,0,21–50,0,35.0,5,2,6
Soap,Personal Care,71.69,2021-02-14,0,0,0,0,0,0,51–80,0,20.0,6,2,14
Soap,Personal Care,77.05,2021-02-19,0,0,0,0,0,0,51–80,0,15.0,4,2,19
Soap,Personal Care,89.12,2021-03-10,0,0,0,0,1,0,81–120,0,20.0,2,3,10
Soap,Personal Care,50.39,2021-03-21,0,0,0,0,0,0,51–80,0,25.0,6,3,21
Soap,Personal Care,95.38,2021-04-11,0,0,0,0,0,1,81–120,0,16.0,6,4,11
Soap,Personal Care,93.41,2021-04-17,0,0,0,0,0,1,81–120,0,4.0,5,4,17
Soap,Personal Care,93.48,2021-04-23,0,0,0,0,0,1,81–120,0,17.0,4,4,23
Soap,Personal Care,17.27,2021-05-13,0,0,0,0,0,1,≤20,0,40.0,3,5,13
Soap,Personal Care,28.17,2021-06-03,1,1,0,0,0,0,21–50,0,34.0,3,6,3
Soap,Personal Care,47.96,2021-06-12,1,0,0,0,0,0,21–50,0,28.0,5,6,12
Soap,Personal Care,66.41,2021-06-21,1,0,0,0,0,0,51–80,0,9.0,0,6,21
Soap,Personal Care,83.85,2021-06-29,1,1,0,0,0,0,81–120,0,17.0,1,6,29
Soap,Personal Care,21.78,2021-07-02,1,1,0,0,0,0,21–50,0,41.0,4,7,2
Soap,Personal Care,33.82,2021-07-16,1,0,0,0,0,0,21–50,0,29.0,4,7,16
Soap,Personal Care,87.56,2021-07-25,1,0,0,0,0,0,81–120,0,14.0,6,7,25
Soap,Personal Care,52.65,2021-08-15,1,0,1,0,0,0,51–80,0,35.0,6,8,15
Soap,Personal Care,96.27,2021-08-26,1,0,0,0,0,0,81–120,0,9.0,3,8,26
Soap,Personal Care,65.97,2021-09-11,1,0,0,0,0,0,51–80,0,32.0,5,9,11
Soap,Personal Care,48.88,2021-09-22,1,0,0,0,0,0,21–50,0,25.0,2,9,22
Soap,Personal Care,99.13,2021-09-29,1,1,0,0,0,0,81–120,0,18.0,2,9,29
Soap,Personal Care,77.43,2021-10-05,0,0,0,0,0,0,51–80,0,12.0,1,10,5
Soap,Personal Care,37.02,2021-10-16,0,0,0,1,0,0,21–50,0,41.0,5,10,16
Soap,Personal Care,19.25,2021-10-20,0,0,0,1,0,0,≤20,0,34.0,2,10,20
Soap,Personal Care,93.25,2021-10-24,0,0,0,1,0,0,81–120,1,0.0,6,10,24
Soap,Personal Care,97.32,2021-10-25,0,0,0,1,0,0,81–120,0,16.0,0,10,25
Soap,Personal Care,77.84,2021-11-06,0,0,0,1,0,0,51–80,0,21.0,5,11,6
Soap,Personal Care,95.77,2021-11-08,0,0,0,1,0,0,81–120,0,13.0,0,11,8
Soap,Personal Care,43.63,2021-11-13,0,0,0,1,0,0,21–50,0,34.0,5,11,13
Soap,Personal Care,35.63,2021-11-19,0,0,0,1,0,0,21–50,0,34.0,4,11,19
Soap,Personal Care,45.09,2021-11-28,0,1,0,0,0,0,21–50,0,28.0,6,11,28
Soap,Personal Care,60.92,2021-12-27,0,0,0,0,0,0,51–80,0,23.0,0,12,27
Soap,Personal Care,97.28,2021-12-28,0,1,0,0,0,0,81–120,0,12.0,1,12,28
Soap,Personal Care,83.64,2021-12-30,0,1,0,0,0,0,81–120,0,25.0,3,12,30
Soap,Personal Care,26.74,2022-01-04,0,0,0,0,0,0,21–50,0,33.0,1,1,4
Soap,Personal Care,41.08,2022-01-17,0,0,0,0,0,0,21–50,0,24.0,0,1,17
Soap,Personal Care,10.44,2022-01-31,0,1,0,0,0,0,≤20,0,46.0,0,1,31
Soap,Personal Care,63.84,2022-02-03,0,1,0,0,0,0,51–80,0,27.0,3,2,3
Soap,Personal Care,42.99,2022-02-20,0,0,0,0,0,0,21–50,0,25.0,6,2,20
Soap,Personal Care,71.37,2022-03-04,0,0,0,0,1,0,51–80,0,15.0,4,3,4
Soap,Personal Care,21.15,2022-03-07,0,0,0,0,1,0,21–50,0,34.0,0,3,7
Soap,Personal Care,30.4,2022-04-03,0,1,0,0,0,0,21–50,0,31.0,6,4,3
Soap,Personal Care,72.71,2022-04-20,0,0,0,0,0,1,51–80,0,29.0,2,4,20
Soap,Personal Care,86.83,2022-05-20,0,0,0,0,0,1,81–120,0,17.0,4,5,20
Soap,Personal Care,42.45,2022-06-07,1,0,0,0,0,0,21–50,0,25.0,1,6,7
Soap,Personal Care,54.73,2022-06-08,1,0,0,0,0,0,51–80,0,23.0,2,6,8
Soap,Personal Care,85.23,2022-06-20,1,0,0,0,0,0,81–120,0,9.0,0,6,20
Soap,Personal Care,18.42,2022-07-16,1,0,0,0,0,0,≤20,0,39.0,5,7,16
Soap,Personal Care,32.32,2022-08-07,1,0,0,0,0,0,21–50,0,28.0,6,8,7
Soap,Personal Care,88.76,2022-08-13,1,0,0,0,0,0,81–120,0,3.0,5,8,13
Soap,Personal Care,64.94,2022-08-16,1,0,0,0,0,0,51–80,0,18.0,1,8,16
Soap,Personal Care,19.97,2022-08-21,1,0,0,0,0,0,≤20,0,41.0,6,8,21
Soap,Personal Care,35.07,2022-08-23,1,0,0,0,0,0,21–50,0,34.0,1,8,23
Soap,Personal Care,18.24,2022-08-24,1,0,0,0,0,0,≤20,0,39.0,2,8,24
Soap,Personal Care,32.38,2022-09-02,1,1,0,0,0,0,21–50,0,35.0,4,9,2
Soap,Personal Care,46.87,2022-09-07,1,0,0,0,0,0,21–50,0,21.0,2,9,7
Soap,Personal Care,94.96,2022-09-25,1,0,0,0,0,0,81–120,0,10.0,6,9,25
Soap,Personal Care,10.33,2022-10-17,0,0,0,1,0,0,≤20,0,37.0,0,10,17
Soap,Personal Care,41.65,2022-10-18,0,0,0,1,0,0,21–50,0,36.0,1,10,18
Soap,Personal Care,63.12,2022-10-19,0,0,0,1,0,0,51–80,0,24.0,2,10,19
Soap,Personal Care,22.51,2022-10-22,0,0,0,1,0,0,21–50,0,38.0,5,10,22
Soap,Personal Care,89.15,2022-10-29,0,1,0,1,0,0,81–120,0,25.0,5,10,29
Soap,Personal Care,13.27,2022-12-03,0,1,0,0,0,0,≤20,0,43.0,5,12,3
Soap,Personal Care,49.53,2022-12-08,0,0,0,0,0,0,21–50,0,24.0,3,12,8
Soap,Personal Care,87.47,2022-12-17,0,0,0,0,0,0,81–120,0,6.0,5,12,17
Soap,Personal Care,81.37,2022-12-30,0,1,0,0,0,0,81–120,0,11.0,4,12,30
Soap,Personal Care,82.89,2023-01-11,0,0,0,0,0,0,81–120,0,17.0,2,1,11
Soap,Personal Care,92.7,2023-01-13,0,0,0,0,0,0,81–120,0,12.0,4,1,13
Soap,Personal Care,54.85,2023-01-25,0,0,0,0,0,0,51–80,0,26.0,2,1,25
Soap,Personal Care,81.28,2023-02-01,0,1,0,0,0,0,81–120,0,18.0,2,2,1
Soap,Personal Care,39.53,2023-02-04,0,0,0,0,0,0,21–50,0,30.0,5,2,4
Soap,Personal Care,18.51,2023-03-02,0,1,0,0,1,0,≤20,0,52.0,3,3,2
Soap,Personal Care,39.81,2023-03-08,0,0,0,0,1,0,21–50,0,31.0,2,3,8
Soap,Personal Care,30.36,2023-03-30,0,1,0,0,0,0,21–50,0,34.0,3,3,30
Soap,Personal Care,28.6,2023-04-04,0,0,0,0,0,0,21–50,0,27.0,1,4,4
Soap,Personal Care,71.72,2023-04-09,0,0,0,0,0,0,51–80,0,32.0,6,4,9
Soap,Personal Care,64.73,2023-04-16,0,0,0,0,0,1,51–80,0,21.0,6,4,16
Soap,Personal Care,74.16,2023-04-27,0,0,0,0,0,1,51–80,0,12.0,3,4,27
Soap,Personal Care,11.27,2023-05-29,0,1,0,0,0,0,≤20,0,32.0,0,5,29
Soap,Personal Care,54.58,2023-06-01,1,1,0,0,0,0,51–80,0,27.0,3,6,1
Soap,Personal Care,45.56,2023-06-16,1,0,0,0,0,0,21–50,0,23.0,4,6,16
Soap,Personal Care,50.56,2023-06-22,1,0,0,0,0,0,51–80,0,20.0,3,6,22
Soap,Personal Care,81.61,2023-07-09,1,0,0,0,0,0,81–120,0,15.0,6,7,9
Soap,Personal Care,10.57,2023-07-13,1,0,0,0,0,0,≤20,0,39.0,3,7,13
Soap,Personal Care,99.61,2023-07-18,1,0,0,0,0,0,81–120,0,8.0,1,7,18
Soap,Personal Care,89.61,2023-07-25,1,0,0,0,0,0,81–120,0,10.0,1,7,25
Soap,Personal Care,97.83,2023-07-31,1,1,0,0,0,0,81–120,0,17.0,0,7,31
Soap,Personal Care,75.91,2023-08-04,1,0,0,0,0,0,51–80,0,19.0,4,8,4
Soap,Personal Care,82.02,2023-08-09,1,0,0,0,0,0,81–120,0,12.0,2,8,9
Soap,Personal Care,57.77,2023-08-10,1,0,0,0,0,0,51–80,0,30.0,3,8,10
Soap,Personal Care,99.76,2023-08-24,1,0,0,0,0,0,81–120,1,0.0,3,8,24
Soap,Personal Care,21.31,2023-08-25,1,0,0,0,0,0,21–50,0,39.0,4,8,25
Soap,Personal Care,76.73,2023-08-31,1,1,0,0,0,0,51–80,0,18.0,3,8,31
Soap,Personal Care,56.01,2023-09-03,1,1,0,0,0,0,51–80,0,31.0,6,9,3
Soap,Personal Care,23.88,2023-09-17,1,0,0,0,0,0,21–50,0,42.0,6,9,17
Soap,Personal Care,92.08,2023-10-03,0,1,0,0,0,0,81–120,0,6.0,1,10,3
Soap,Personal Care,54.61,2023-10-12,0,0,0,0,0,0,51–80,0,20.0,3,10,12
Soap,Personal Care,71.49,2023-11-03,0,1,0,1,0,0,51–80,0,27.0,4,11,3
Soap,Personal Care,29.6,2023-11-19,0,0,0,1,0,0,21–50,0,39.0,6,11,19
Soap,Personal Care,40.63,2023-12-06,0,0,0,0,0,0,21–50,0,31.0,2,12,6
Soap,Personal Care,93.89,2023-12-31,0,1,0,0,0,0,81–120,0,15.0,6,12,31
Soap,Personal Care,55.66,2024-01-01,0,1,0,0,0,0,51–80,0,23.0,0,1,1
Soap,Personal Care,37.78,2024-01-06,0,0,0,0,0,0,21–50,0,41.0,5,1,6
Soap,Personal Care,28.79,2024-01-12,0,0,0,0,0,0,21–50,0,28.0,4,1,12
Soap,Personal Care,89.1,2024-01-23,0,0,0,0,0,0,81–120,0,11.0,1,1,23
Soap,Personal Care,59.9,2024-02-02,0,1,0,0,0,0,51–80,0,21.0,4,2,2
Soap,Personal Care,81.32,2024-02-09,0,0,0,0,0,0,81–120,0,21.0,4,2,9
Soap,Personal Care,52.69,2024-02-16,0,0,0,0,0,0,51–80,0,21.0,4,2,16
Soap,Personal Care,66.68,2024-02-18,0,0,0,0,0,0,51–80,0,18.0,6,2,18
Soap,Personal Care,27.07,2024-03-05,0,0,0,0,1,0,21–50,0,32.0,1,3,5
Soap,Personal Care,63.59,2024-03-07,0,0,0,0,1,0,51–80,0,17.0,3,3,7
Soap,Personal Care,57.86,2024-03-12,0,0,0,0,1,0,51–80,0,17.0,1,3,12
Soap,Personal Care,89.12,2024-03-15,0,0,0,0,1,0,81–120,0,15.0,4,3,15
Soap,Personal Care,78.67,2024-03-20,0,0,0,0,1,0,51–80,0,23.0,2,3,20
Soap,Personal Care,30.67,2024-03-22,0,0,0,0,0,0,21–50,0,36.0,4,3,22
Soap,Personal Care,42.17,2024-03-28,0,1,0,0,0,0,21–50,0,33.0,3,3,28
Soap,Personal Care,85.3,2024-04-09,0,0,0,0,0,0,81–120,0,18.0,1,4,9
Soap,Personal Care,64.13,2024-04-11,0,0,0,0,0,1,51–80,0,21.0,3,4,11
Soap,Personal Care,29.24,2024-04-14,0,0,0,0,0,1,21–50,0,35.0,6,4,14
Soap,Personal Care,88.71,2024-04-16,0,0,0,0,0,1,81–120,0,15.0,1,4,16
Soap,Personal Care,32.06,2024-05-08,0,0,0,0,0,1,21–50,0,42.0,2,5,8
Soap,Personal Care,36.36,2024-05-10,0,0,0,0,0,1,21–50,0,36.0,4,5,10
Soap,Personal Care,60.83,2024-05-16,0,0,0,0,0,1,51–80,0,22.0,3,5,16
Soap,Personal Care,74.77,2024-05-27,0,0,0,0,0,0,51–80,0,13.0,0,5,27
Soap,Personal Care,27.98,2024-05-29,0,1,0,0,0,0,21–50,0,43.0,2,5,29
Soap,Personal Care,50.35,2024-05-31,0,1,0,0,0,0,51–80,0,40.0,4,5,31
Soap,Personal Care,33.61,2024-06-02,1,1,0,0,0,0,21–50,0,45.0,6,6,2
Soap,Personal Care,28.34,2024-06-16,1,0,0,0,0,0,21–50,0,34.0,6,6,16
Soap,Personal Care,80.51,2024-06-25,1,0,0,0,0,0,81–120,0,10.0,1,6,25
Soap,Personal Care,38.1,2024-06-29,1,1,0,0,0,0,21–50,0,39.0,5,6,29
Soap,Personal Care,96.39,2024-07-05,1,0,0,0,0,0,81–120,0,13.0,4,7,5
Soap,Personal Care,44.63,2024-07-06,1,0,0,0,0,0,21–50,0,35.0,5,7,6
Soap,Personal Care,18.7,2024-07-20,1,0,0,0,0,0,≤20,0,35.0,5,7,20
Soap,Personal Care,93.95,2024-08-16,1,0,0,0,0,0,81–120,0,18.0,4,8,16
Soap,Personal Care,52.75,2024-08-26,1,0,0,0,0,0,51–80,0,27.0,0,8,26
Soap,Personal Care,49.64,2024-08-31,1,1,0,0,0,0,21–50,0,34.0,5,8,31
Soap,Personal Care,66.04,2024-09-08,1,0,0,0,0,0,51–80,0,27.0,6,9,8
Soap,Personal Care,21.99,2024-09-12,1,0,0,0,0,0,21–50,0,27.0,3,9,12
Soap,Personal Care,72.64,2024-09-14,1,0,0,0,0,0,51–80,0,19.0,5,9,14
Soap,Personal Care,62.56,2024-09-19,1,0,0,0,0,0,51–80,1,0.0,3,9,19
Soap,Personal Care,16.29,2024-09-20,1,0,0,0,0,0,≤20,0,33.0,4,9,20
Soap,Personal Care,27.85,2024-09-28,1,1,0,0,0,0,21–50,0,39.0,5,9,28
Soap,Personal Care,19.03,2024-09-29,1,1,0,0,0,0,≤20,0,40.0,6,9,29
Soap,Personal Care,36.89,2024-10-02,0,1,1,0,0,0,21–50,0,38.0,2,10,2
Soap,Personal Care,54.39,2024-10-10,0,0,0,0,0,0,51–80,0,15.0,3,10,10
Soap,Personal Care,82.12,2024-10-13,0,0,0,0,0,0,81–120,0,15.0,6,10,13
Soap,Personal Care,64.47,2024-10-22,0,0,0,1,0,0,51–80,0,24.0,1,10,22
Soap,Personal Care,99.54,2024-11-05,0,0,0,1,0,0,81–120,1,0.0,1,11,5
Soap,Personal Care,74.12,2024-11-13,0,0,0,1,0,0,51–80,0,24.0,2,11,13
Soap,Personal Care,83.55,2024-11-27,0,0,0,0,0,0,81–120,0,15.0,2,11,27
Soap,Personal Care,33.78,2024-12-02,0,1,0,0,0,0,21–50,0,31.0,0,12,2
Soap,Personal Care,99.59,2024-12-10,0,0,0,0,0,0,81–120,0,14.0,1,12,10
Soap,Personal Care,76.95,2024-12-23,0,0,0,0,0,0,51–80,0,22.0,0,12,23
Soap,Personal Care,16.18,2025-01-09,0,0,0,0,0,0,≤20,0,29.0,3,1,9
Soap,Personal Care,22.56,2025-01-15,0,0,0,0,0,0,21–50,0,28.0,2,1,15
Soap,Personal Care,40.75,2025-01-22,0,0,0,0,0,0,21–50,0,24.0,2,1,22
Soap,Personal Care,72.87,2025-02-04,0,0,0,0,0,0,51–80,0,11.0,1,2,4
Soap,Personal Care,69.45,2025-02-08,0,0,0,0,0,0,51–80,0,15.0,5,2,8
Soap,Personal Care,25.95,2025-02-24,0,0,0,0,0,0,21–50,0,30.0,0,2,24
Soap,Personal Care,55.42,2025-03-09,0,0,0,0,1,0,51–80,0,20.0,6,3,9
Soap,Personal Care,19.89,2025-03-19,0,0,0,0,1,0,≤20,0,26.0,2,3,19
Soap,Personal Care,92.73,2025-03-27,0,0,0,0,0,0,81–120,0,11.0,3,3,27
Soap,Personal Care,54.99,2025-03-28,0,1,0,0,0,0,51–80,0,22.0,4,3,28
Soap,Personal Care,27.52,2025-04-11,0,0,0,0,0,1,21–50,0,41.0,4,4,11
Soap,Personal Care,28.79,2025-04-12,0,0,0,0,0,1,21–50,0,30.0,5,4,12
Soap,Personal Care,89.02,2025-04-15,0,0,0,0,0,1,81–120,0,9.0,1,4,15
Soap,Personal Care,19.82,2025-04-19,0,0,0,0,0,1,≤20,0,38.0,5,4,19
Soap,Personal Care,40.82,2025-05-15,0,0,0,0,0,1,21–50,1,0.0,3,5,15
Soap,Personal Care,94.99,2025-05-26,0,0,0,0,0,0,81–120,0,15.0,0,5,26
Soap,Personal Care,24.39,2025-06-06,1,0,0,0,0,0,21–50,0,38.0,4,6,6
Soap,Personal Care,15.44,2025-06-14,1,0,0,0,0,0,≤20,0,36.0,5,6,14
Soap,Personal Care,22.22,2025-06-23,1,0,0,0,0,0,21–50,0,24.0,0,6,23
Soap,Personal Care,69.45,2025-06-28,1,1,0,0,0,0,51–80,0,23.0,5,6,28
Soap,Personal Care,89.74,2025-06-30,1,1,0,0,0,0,81–120,0,23.0,0,6,30
Soap,Personal Care,21.08,2025-07-03,1,1,0,0,0,0,21–50,0,37.0,3,7,3
Soap,Personal Care,10.76,2025-07-16,1,0,0,0,0,0,≤20,0,40.0,2,7,16
Soap,Personal Care,24.23,2025-08-01,1,1,0,0,0,0,21–50,0,36.0,4,8,1
Soap,Personal Care,80.93,2025-08-04,1,0,0,0,0,0,81–120,0,15.0,0,8,4
Soap,Personal Care,57.44,2025-08-30,1,1,0,0,0,0,51–80,0,26.0,5,8,30
Soap,Personal Care,74.29,2025-09-12,1,0,0,0,0,0,51–80,0,15.0,4,9,12
Soap,Personal Care,24.95,2025-10-07,0,0,0,0,0,0,21–50,0,32.0,1,10,7
