inventory_with_india_features.csv
Item Name,Category,Price,Date,IsMonsoon,IsPaydayWindow,IsLocalHoliday,IsDiwaliSeason,IsHoliSeason,IsEidSeason,MRPBand,IsStockout,Quantity,DayOfWeek,Month,Day
Milk,Dairy,84.49,2020-04-24,0,0,0,0,0,1,81–120,0,54.0,4,4,24
Milk,Dairy,71.47,2020-04-27,0,0,0,0,0,1,51–80,0,69.0,0,4,27
Milk,Dairy,39.32,2020-04-28,0,1,0,0,0,1,21–50,0,72.0,1,4,28
Milk,Dairy,49.5,2020-05-31,0,1,0,0,0,0,21–50,0,61.0,6,5,31
Milk,Dairy,36.18,2020-06-06,1,0,0,0,0,0,21–50,0,63.0,5,6,6
Milk,Dairy,18.5,2020-06-11,1,0,0,0,0,0,≤20,0,77.0,3,6,11
Milk,Dairy,27.68,2020-06-14,1,0,0,0,0,0,21–50,0,62.0,6,6,14
Milk,Dairy,47.13,2020-06-28,1,1,0,0,0,0,21–50,0,64.0,6,6,28
Milk,Dairy,88.07,2020-06-29,1,1,0,0,0,0,81–120,0,49.0,0,6,29
Milk,Dairy,58.25,2020-07-13,1,0,0,0,0,0,51–80,0,58.0,0,7,13
Milk,Dairy,25.42,2020-07-27,1,0,0,0,0,0,21–50,0,73.0,0,7,27
Milk,Dairy,20.54,2020-07-30,1,1,0,0,0,0,21–50,0,84.0,3,7,30
Milk,Dairy,47.67,2020-07-31,1,1,0,0,0,0,21–50,0,66.0,4,7,31
Milk,Dairy,99.73,2020-08-11,1,0,0,0,0,0,81–120,0,45.0,1,8,11
Milk,Dairy,85.32,2020-08-12,1,0,0,0,0,0,81–120,0,53.0,2,8,12
Milk,Dairy,14.91,2020-08-23,1,0,0,0,0,0,≤20,0,65.0,6,8,23
Milk,Dairy,72.98,2020-08-28,1,1,0,0,0,0,51–80,0,59.0,4,8,28
Milk,Dairy,20.73,2020-08-30,1,1,0,0,0,0,21–50,0,77.0,6,8,30
Milk,Dairy,10.97,2020-09-16,1,0,0,0,0,0,≤20,0,76.0,2,9,16
Milk,Dairy,22.74,2020-09-19,1,0,0,0,0,0,21–50,0,75.0,5,9,19
Milk,Dairy,41.32,2020-10-20,0,0,0,1,0,0,21–50,0,77.0,1,10,20
Milk,Dairy,35.61,2020-10-30,0,1,0,1,0,0,21–50,0,73.0,4,10,30
Milk,Dairy,39.28,2020-10-31,0,1,0,1,0,0,21–50,0,75.0,5,10,31
Milk,Dairy,37.19,2020-11-12,0,0,0,1,0,0,21–50,0,64.0,3,11,12
Milk,Dairy,24.89,2020-11-29,0,1,0,0,0,0,21–50,0,63.0,6,11,29
Milk,Dairy,45.55,2020-12-13,0,0,0,0,0,0,21–50,0,57.0,6,12,13
Milk,Dairy,61.29,2020-12-18,0,0,0,0,0,0,51–80,0,45.0,4,12,18
Milk,Dairy,76.92,2020-12-20,0,0,0,0,0,0,51–80,0,45.0,6,12,20
Milk,Dairy,26.72,2020-12-28,0,1,0,0,0,0,21–50,0,66.0,0,12,28
Milk,Dairy,20.86,2021-01-08,0,0,0,0,0,0,21–50,0,62.0,4,1,8
Milk,Dairy,86.62,2021-01-11,0,0,0,0,0,0,81–120,0,51.0,0,1,11
Milk,Dairy,14.51,2021-01-22,0,0,0,0,0,0,≤20,0,72.0,4,1,22
Milk,Dairy,53.25,2021-02-20,0,0,0,0,0,0,51–80,0,47.0,5,2,20
Milk,Dairy,27.33,2021-02-26,0,0,0,0,1,0,21–50,0,76.0,4,2,26
Milk,Dairy,49.27,2021-03-12,0,0,0,0,1,0,21–50,0,68.0,4,3,12
Milk,Dairy,84.4,2021-03-27,0,0,0,0,0,0,81–120,0,40.0,5,3,27
Milk,Dairy,34.36,2021-03-28,0,1,0,0,0,0,21–50,0,68.0,6,3,28
Milk,Dairy,62.11,2021-04-25,0,0,0,0,0,1,51–80,0,61.0,6,4,25
Milk,Dairy,63.48,2021-05-02,0,1,0,0,0,1,51–80,0,69.0,6,5,2
Milk,Dairy,72.11,2021-05-08,0,0,0,0,0,1,51–80,0,55.0,5,5,8
Milk,Dairy,26.96,2021-05-11,0,0,0,0,0,1,21–50,0,63.0,1,5,11
Milk,Dairy,65.1,2021-05-29,0,1,0,0,0,0,51–80,0,54.0,5,5,29
Milk,Dairy,41.29,2021-06-17,1,0,0,0,0,0,21–50,0,64.0,3,6,17
Milk,Dairy,55.52,2021-06-19,1,0,0,0,0,0,51–80,0,52.0,5,6,19
Milk,Dairy,25.87,2021-06-30,1,1,0,0,0,0,21–50,0,74.0,2,6,30
Milk,Dairy,94.49,2021-07-12,1,0,0,0,0,0,81–120,0,38.0,0,7,12
Milk,Dairy,44.05,2021-07-20,1,0,0,0,0,0,21–50,0,55.0,1,7,20
Milk,Dairy,55.47,2021-08-10,1,0,0,0,0,0,51–80,0,64.0,1,8,10
Milk,Dairy,69.26,2021-08-19,1,0,0,0,0,0,51–80,1,0.0,3,8,19
Milk,Dairy,74.07,2021-08-20,1,0,0,0,0,0,51–80,0,50.0,4,8,20
Milk,Dairy,16.67,2021-09-13,1,0,0,0,0,0,≤20,0,65.0,0,9,13
Milk,Dairy,47.1,2021-09-25,1,0,0,0,0,0,21–50,0,61.0,5,9,25
Milk,Dairy,26.07,2021-10-13,0,0,0,0,0,0,21–50,0,65.0,2,10,13
Milk,Dairy,11.66,2021-10-18,0,0,0,1,0,0,≤20,0,63.0,0,10,18
Milk,Dairy,79.9,2021-10-19,0,0,0,1,0,0,51–80,0,45.0,1,10,19
Milk,Dairy,71.88,2021-11-10,0,0,0,1,0,0,51–80,0,57.0,2,11,10
Milk,Dairy,32.35,2021-11-14,0,0,0,1,0,0,21–50,0,69.0,6,11,14
Milk,Dairy,47.92,2021-11-17,0,0,0,1,0,0,21–50,0,55.0,2,11,17
Milk,Dairy,97.4,2021-11-26,0,0,0,0,0,0,81–120,0,41.0,4,11,26
Milk,Dairy,70.73,2021-12-01,0,1,0,0,0,0,51–80,0,57.0,2,12,1
Milk,Dairy,21.15,2021-12-05,0,0,0,0,0,0,21–50,0,77.0,6,12,5
Milk,Dairy,68.99,2022-01-12,0,0,0,0,0,0,51–80,0,39.0,2,1,12
Milk,Dairy,47.82,2022-01-26,0,0,1,0,0,0,21–50,0,57.0,2,1,26
Milk,Dairy,28.39,2022-01-27,0,0,0,0,0,0,21–50,0,56.0,3,1,27
Milk,Dairy,28.81,2022-02-08,0,0,0,0,0,0,21–50,0,70.0,1,2,8
Milk,Dairy,54.82,2022-02-09,0,0,0,0,0,0,51–80,0,59.0,2,2,9
Milk,Dairy,85.2,2022-02-14,0,0,0,0,0,0,81–120,1,0.0,0,2,14
Milk,Dairy,42.33,2022-02-27,0,0,0,0,1,0,21–50,0,70.0,6,2,27
Milk,Dairy,72.27,2022-03-09,0,0,0,0,1,0,51–80,0,62.0,2,3,9
Milk,Dairy,61.44,2022-03-14,0,0,0,0,1,0,51–80,0,63.0,0,3,14
Milk,Dairy,51.63,2022-04-01,0,1,0,0,0,0,51–80,0,58.0,4,4,1
Milk,Dairy,67.53,2022-04-07,0,0,0,0,0,0,51–80,1,0.0,3,4,7
Milk,Dairy,67.94,2022-04-13,0,0,0,0,0,1,51–80,0,49.0,2,4,13
Milk,Dairy,13.71,2022-04-17,0,0,0,0,0,1,≤20,0,84.0,6,4,17
Milk,Dairy,46.62,2022-04-26,0,0,0,0,0,1,21–50,0,69.0,1,4,26
Milk,Dairy,30.55,2022-05-03,0,1,0,0,0,1,21–50,0,85.0,1,5,3
Milk,Dairy,99.38,2022-05-11,0,0,0,0,0,1,81–120,0,53.0,2,5,11
Milk,Dairy,62.38,2022-05-18,0,0,0,0,0,1,51–80,0,61.0,2,5,18
Milk,Dairy,69.48,2022-07-09,1,0,0,0,0,0,51–80,0,60.0,5,7,9
Milk,Dairy,81.85,2022-08-04,1,0,0,0,0,0,81–120,0,56.0,3,8,4
Milk,Dairy,97.28,2022-08-08,1,0,0,0,0,0,81–120,0,40.0,0,8,8
Milk,Dairy,59.41,2022-08-17,1,0,0,0,0,0,51–80,0,59.0,2,8,17
Milk,Dairy,77.11,2022-08-20,1,0,0,0,0,0,51–80,0,59.0,5,8,20
Milk,Dairy,36.36,2022-08-22,1,0,0,0,0,0,21–50,0,64.0,0,8,22
Milk,Dairy,64.22,2022-08-27,1,0,0,0,0,0,51–80,0,56.0,5,8,27
Milk,Dairy,15.8,2022-08-28,1,1,0,0,0,0,≤20,0,78.0,6,8,28
Milk,Dairy,97.79,2022-09-01,1,1,0,0,0,0,81–120,0,49.0,3,9,1
Milk,Dairy,34.29,2022-09-05,1,0,0,0,0,0,21–50,0,72.0,0,9,5
Milk,Dairy,58.76,2022-09-24,1,0,0,0,0,0,51–80,0,57.0,5,9,24
Milk,Dairy,10.39,2022-10-09,0,0,0,0,0,0,≤20,0,67.0,6,10,9
Milk,Dairy,93.86,2022-10-15,0,0,0,1,0,0,81–120,0,48.0,5,10,15
Milk,Dairy,11.17,2022-10-20,0,0,0,1,0,0,≤20,0,74.0,3,10,20
Milk,Dairy,20.09,2022-10-24,0,0,0,1,0,0,21–50,0,69.0,0,10,24
Milk,Dairy,24.78,2022-10-25,0,0,0,1,0,0,21–50,0,69.0,1,10,25
Milk,Dairy,12.36,2022-11-22,0,0,0,1,0,0,≤20,0,70.0,1,11,22
Milk,Dairy,56.87,2022-11-24,0,0,0,1,0,0,51–80,0,67.0,3,11,24
Milk,Dairy,87.96,2022-12-06,0,0,0,0,0,0,81–120,0,46.0,1,12,6
Milk,Dairy,65.8,2022-12-16,0,0,0,0,0,0,51–80,0,48.0,4,12,16
Milk,Dairy,39.01,2022-12-22,0,0,0,0,0,0,21–50,0,58.0,3,12,22
Milk,Dairy,11.84,2022-12-28,0,1,0,0,0,0,≤20,0,75.0,2,12,28
Milk,Dairy,99.79,2023-02-05,0,0,0,0,0,0,81–120,0,41.0,6,2,5
Milk,Dairy,34.98,2023-02-12,0,0,0,0,0,0,21–50,0,63.0,6,2,12
Milk,Dairy,63.9,2023-02-15,0,0,0,0,0,0,51–80,0,53.0,2,2,15
Milk,Dairy,58.09,2023-02-17,0,0,0,0,0,0,51–80,0,51.0,4,2,17
Milk,Dairy,89.05,2023-02-27,0,0,0,0,1,0,81–120,0,64.0,0,2,27
Milk,Dairy,48.31,2023-03-01,0,1,0,0,1,0,21–50,0,69.0,2,3,1
Milk,Dairy,44.33,2023-03-03,0,1,0,0,1,0,21–50,0,83.0,4,3,3
Milk,Dairy,88.08,2023-03-09,0,0,0,0,1,0,81–120,0,57.0,3,3,9
Milk,Dairy,83.78,2023-03-13,0,0,0,0,1,0,81–120,0,60.0,0,3,13
Milk,Dairy,40.94,2023-03-22,0,0,0,0,0,0,21–50,0,58.0,2,3,22
Milk,Dairy,59.05,2023-04-11,0,0,0,0,0,1,51–80,0,60.0,1,4,11
Milk,Dairy,22.9,2023-05-02,0,1,0,0,0,1,21–50,0,80.0,1,5,2
Milk,Dairy,91.89,2023-05-10,0,0,0,0,0,1,81–120,0,52.0,2,5,10
Milk,Dairy,74.34,2023-05-17,0,0,0,0,0,1,51–80,0,66.0,2,5,17
Milk,Dairy,23.05,2023-05-22,0,0,0,0,0,1,21–50,0,71.0,0,5,22
Milk,Dairy,54.41,2023-05-24,0,0,0,0,0,1,51–80,0,62.0,2,5,24
Milk,Dairy,49.69,2023-05-25,0,0,0,0,0,1,21–50,0,59.0,3,5,25
Milk,Dairy,65.1,2023-06-02,1,1,0,0,0,0,51–80,0,64.0,4,6,2
Milk,Dairy,13.87,2023-06-03,1,1,0,0,0,0,≤20,0,73.0,5,6,3
Milk,Dairy,77.82,2023-06-11,1,0,0,0,0,0,51–80,0,52.0,6,6,11
Milk,Dairy,24.54,2023-06-17,1,0,0,0,0,0,21–50,0,63.0,5,6,17
Milk,Dairy,37.87,2023-06-23,1,0,0,0,0,0,21–50,0,65.0,4,6,23
Milk,Dairy,58.53,2023-06-24,1,0,0,0,0,0,51–80,0,54.0,5,6,24
Milk,Dairy,91.67,2023-06-29,1,1,0,0,0,0,81–120,0,56.0,3,6,29
Milk,Dairy,11.83,2023-07-08,1,0,0,0,0,0,≤20,0,71.0,5,7,8
Milk,Dairy,90.89,2023-07-20,1,0,0,0,0,0,81–120,0,53.0,3,7,20
Milk,Dairy,88.55,2023-08-02,1,1,0,0,0,0,81–120,0,61.0,2,8,2
Milk,Dairy,41.98,2023-08-18,1,0,0,0,0,0,21–50,0,74.0,4,8,18
Milk,Dairy,90.69,2023-08-19,1,0,0,0,0,0,81–120,0,50.0,5,8,19
Milk,Dairy,46.27,2023-08-22,1,0,0,0,0,0,21–50,0,53.0,1,8,22
Milk,Dairy,28.09,2023-09-18,1,0,0,0,0,0,21–50,0,66.0,0,9,18
Milk,Dairy,47.88,2023-10-08,0,0,0,0,0,0,21–50,0,53.0,6,10,8
Milk,Dairy,67.23,2023-10-14,0,0,0,0,0,0,51–80,0,47.0,5,10,14
Milk,Dairy,12.67,2023-10-31,0,1,0,1,0,0,≤20,0,84.0,1,10,31
Milk,Dairy,75.31,2023-11-02,0,1,0,1,0,0,51–80,0,62.0,3,11,2
Milk,Dairy,31.19,2023-11-14,0,0,0,1,0,0,21–50,0,76.0,1,11,14
Milk,Dairy,28.24,2023-11-15,0,0,0,1,0,0,21–50,0,66.0,2,11,15
Milk,Dairy,50.19,2023-11-22,0,0,0,1,0,0,51–80,0,62.0,2,11,22
Milk,Dairy,48.51,2023-12-16,0,0,0,0,0,0,21–50,0,53.0,5,12,16
Milk,Dairy,80.12,2023-12-26,0,0,0,0,0,0,81–120,0,43.0,1,12,26
Milk,Dairy,97.03,2024-01-07,0,0,0,0,0,0,81–120,0,50.0,6,1,7
Milk,Dairy,49.26,2024-01-14,0,0,0,0,0,0,21–50,0,56.0,6,1,14
Milk,Dairy,76.61,2024-01-21,0,0,0,0,0,0,51–80,0,51.0,6,1,21
Milk,Dairy,82.06,2024-02-22,0,0,0,0,0,0,81–120,0,42.0,3,2,22
Milk,Dairy,31.3,2024-02-25,0,0,0,0,1,0,21–50,0,70.0,6,2,25
Milk,Dairy,41.5,2024-03-31,0,1,0,0,0,0,21–50,0,67.0,6,3,31
Milk,Dairy,66.04,2024-04-12,0,0,0,0,0,1,51–80,0,59.0,4,4,12
Milk,Dairy,41.01,2024-05-04,0,0,0,0,0,1,21–50,0,68.0,5,5,4
Milk,Dairy,96.07,2024-05-25,0,0,0,0,0,1,81–120,0,51.0,5,5,25
Milk,Dairy,75.34,2024-06-03,1,1,0,0,0,0,51–80,1,0.0,0,6,3
Milk,Dairy,49.4,2024-06-10,1,0,0,0,0,0,21–50,0,52.0,0,6,10
Milk,Dairy,32.21,2024-06-11,1,0,0,0,0,0,21–50,0,63.0,1,6,11
Milk,Dairy,63.61,2024-06-18,1,0,0,0,0,0,51–80,0,53.0,1,6,18
Milk,Dairy,23.08,2024-06-22,1,0,0,0,0,0,21–50,0,84.0,5,6,22
Milk,Dairy,80.12,2024-06-26,1,0,0,0,0,0,81–120,0,54.0,2,6,26
Milk,Dairy,83.57,2024-07-08,1,0,0,0,0,0,81–120,0,55.0,0,7,8
Milk,Dairy,49.86,2024-07-09,1,0,0,0,0,0,21–50,0,61.0,1,7,9
Milk,Dairy,58.37,2024-07-14,1,0,0,0,0,0,51–80,1,0.0,6,7,14
Milk,Dairy,28.86,2024-07-22,1,0,0,0,0,0,21–50,0,68.0,0,7,22
Milk,Dairy,92.37,2024-08-05,1,0,0,0,0,0,81–120,0,50.0,0,8,5
Milk,Dairy,67.02,2024-08-25,1,0,0,0,0,0,51–80,0,50.0,6,8,25
Milk,Dairy,24.84,2024-09-17,1,0,0,0,0,0,21–50,0,62.0,1,9,17
Milk,Dairy,21.55,2024-11-10,0,0,0,1,0,0,21–50,0,77.0,6,11,10
Milk,Dairy,81.8,2024-11-20,0,0,0,1,0,0,81–120,0,60.0,2,11,20
Milk,Dairy,43.15,2024-12-03,0,1,0,0,0,0,21–50,0,66.0,1,12,3
Milk,Dairy,40.29,2024-12-13,0,0,0,0,0,0,21–50,0,62.0,4,12,13
Milk,Dairy,44.02,2024-12-14,0,0,0,0,0,0,21–50,0,61.0,5,12,14
Milk,Dairy,19.74,2024-12-15,0,0,0,0,0,0,≤20,0,56.0,6,12,15
Milk,Dairy,83.43,2024-12-17,0,0,0,0,0,0,81–120,0,50.0,1,12,17
Milk,Dairy,15.49,2024-12-19,0,0,0,0,0,0,≤20,0,57.0,3,12,19
Milk,Dairy,21.96,2024-12-24,0,0,0,0,0,0,21–50,0,63.0,1,12,24
Milk,Dairy,45.35,2024-12-31,0,1,0,0,0,0,21–50,0,71.0,1,12,31
Milk,Dairy,30.27,2025-01-02,0,1,0,0,0,0,21–50,0,68.0,3,1,2
Milk,Dairy,39.92,2025-01-05,0,0,0,0,0,0,21–50,0,71.0,6,1,5
Milk,Dairy,82.03,2025-01-11,0,0,0,0,0,0,81–120,0,31.0,5,1,11
Milk,Dairy,63.88,2025-02-16,0,0,0,0,0,0,51–80,0,59.0,6,2,16
Milk,Dairy,63.43,2025-03-05,0,0,0,0,1,0,51–80,0,63.0,2,3,5
Milk,Dairy,99.19,2025-03-11,0,0,0,0,1,0,81–120,0,54.0,1,3,11
Milk,Dairy,72.38,2025-03-14,0,0,0,0,1,0,51–80,0,71.0,4,3,14
Milk,Dairy,77.16,2025-03-22,0,0,0,0,0,0,51–80,0,47.0,5,3,22
Milk,Dairy,42.31,2025-03-31,0,1,0,0,0,0,21–50,0,60.0,0,3,31
Milk,Dairy,36.65,2025-04-03,0,1,0,0,0,0,21–50,0,65.0,3,4,3
Milk,Dairy,61.75,2025-04-21,0,0,0,0,0,1,51–80,0,51.0,0,4,21
Milk,Dairy,85.42,2025-04-22,0,0,0,0,0,1,81–120,0,57.0,1,4,22
Milk,Dairy,78.46,2025-04-24,0,0,0,0,0,1,51–80,0,52.0,3,4,24
Milk,Dairy,46.14,2025-04-30,0,1,0,0,0,1,21–50,0,81.0,2,4,30
Milk,Dairy,32.21,2025-05-02,0,1,0,0,0,1,21–50,0,88.0,4,5,2
Milk,Dairy,97.21,2025-05-14,0,0,0,0,0,1,81–120,0,55.0,2,5,14
Milk,Dairy,56.16,2025-05-16,0,0,0,0,0,1,51–80,0,61.0,4,5,16
Milk,Dairy,48.98,2025-05-29,0,1,0,0,0,0,21–50,0,71.0,3,5,29
Milk,Dairy,56.23,2025-06-02,1,1,0,0,0,0,51–80,0,66.0,0,6,2
Milk,Dairy,74.37,2025-06-08,1,0,0,0,0,0,51–80,0,52.0,6,6,8
Milk,Dairy,81.45,2025-06-16,1,0,0,0,0,0,81–120,1,0.0,0,6,16
Milk,Dairy,50.6,2025-07-01,1,1,0,0,0,0,51–80,0,71.0,1,7,1
Milk,Dairy,89.67,2025-07-20,1,0,0,0,0,0,81–120,0,50.0,6,7,20
Milk,Dairy,44.57,2025-07-27,1,0,0,0,0,0,21–50,0,70.0,6,7,27
Milk,Dairy,57.37,2025-08-03,1,1,0,0,0,0,51–80,0,69.0,6,8,3
Milk,Dairy,19.52,2025-08-05,1,0,0,0,0,0,≤20,0,69.0,1,8,5
Milk,Dairy,69.24,2025-08-07,1,0,0,0,0,0,51–80,0,50.0,3,8,7
Milk,Dairy,67.26,2025-08-12,1,0,0,0,0,0,51–80,0,50.0,1,8,12
Milk,Dairy,73.83,2025-08-16,1,0,0,0,0,0,51–80,0,51.0,5,8,16
Milk,Dairy,71.29,2025-08-21,1,0,0,0,0,0,51–80,0,62.0,3,8,21
Milk,Dairy,47.81,2025-09-05,1,0,0,0,0,0,21–50,0,60.0,4,9,5
Milk,Dairy,73.74,2025-09-10,1,0,0,0,0,0,51–80,0,46.0,2,9,10
Milk,Dairy,34.7,2025-09-22,1,0,0,0,0,0,21–50,0,66.0,0,9,22
Milk,Dairy,66.63,2025-09-23,1,0,0,0,0,0,51–80,0,50.0,1,9,23
Milk,Dairy,74.63,2025-10-01,0,1,0,0,0,0,51–80,0,50.0,2,10,1
