inventory_with_india_features.csv
Item Name,Category,Price,Date,IsMonsoon,IsPaydayWindow,IsLocalHoliday,IsDiwaliSeason,IsHoliSeason,IsEidSeason,MRPBand,IsStockout,Quantity,DayOfWeek,Month,Day
Rice,Grocery,97.36,2020-04-25,0,0,0,0,0,1,81–120,0,62.0,5,4,25
Rice,Grocery,70.28,2020-04-30,0,1,0,0,0,1,51–80,0,83.0,3,4,30
Rice,Grocery,61.19,2020-05-05,0,0,0,0,0,1,51–80,0,72.0,1,5,5
Rice,Grocery,67.12,2020-05-07,0,0,0,0,0,1,51–80,0,74.0,3,5,7
Rice,Grocery,24.51,2020-05-14,0,0,0,0,0,1,21–50,0,84.0,3,5,14
Rice,Grocery,66.73,2020-05-16,0,0,0,0,0,1,51–80,0,63.0,5,5,16
Rice,Grocery,23.8,2020-06-13,1,0,0,0,0,0,21–50,0,77.0,5,6,13
Rice,Grocery,19.53,2020-06-23,1,0,0,0,0,0,≤20,0,80.0,1,6,23
Rice,Grocery,44.15,2020-07-17,1,0,0,0,0,0,21–50,0,67.0,4,7,17
Rice,Grocery,63.11,2020-07-26,1,0,0,0,0,0,51–80,0,64.0,6,7,26
Rice,Grocery,67.34,2020-08-07,1,0,0,0,0,0,51–80,0,56.0,4,8,7
Rice,Grocery,27.84,2020-08-15,1,0,1,0,0,0,21–50,0,84.0,5,8,15
Rice,Grocery,85.36,2020-09-09,1,0,0,0,0,0,81–120,0,64.0,2,9,9
Rice,Grocery,38.25,2020-09-11,1,0,0,0,0,0,21–50,1,0.0,4,9,11
Rice,Grocery,71.89,2020-09-15,1,0,0,0,0,0,51–80,0,57.0,1,9,15
Rice,Grocery,62.78,2020-09-23,1,0,0,0,0,0,51–80,0,55.0,2,9,23
Rice,Grocery,66.77,2020-09-30,1,1,0,0,0,0,51–80,0,71.0,2,9,30
Rice,Grocery,42.88,2020-10-27,0,0,0,1,0,0,21–50,0,85.0,1,10,27
Rice,Grocery,31.72,2020-11-02,0,1,0,1,0,0,21–50,0,109.0,0,11,2
Rice,Grocery,63.51,2020-12-06,0,0,0,0,0,0,51–80,0,63.0,6,12,6
Rice,Grocery,32.03,2021-01-12,0,0,0,0,0,0,21–50,0,68.0,1,1,12
Rice,Grocery,66.04,2021-01-23,0,0,0,0,0,0,51–80,0,60.0,5,1,23
Rice,Grocery,64.92,2021-02-15,0,0,0,0,0,0,51–80,0,57.0,0,2,15
Rice,Grocery,92.14,2021-02-18,0,0,0,0,0,0,81–120,0,55.0,3,2,18
Rice,Grocery,54.21,2021-03-09,0,0,0,0,1,0,51–80,0,66.0,1,3,9
Rice,Grocery,25.87,2021-03-19,0,0,0,0,1,0,21–50,0,81.0,4,3,19
Rice,Grocery,77.88,2021-04-09,0,0,0,0,0,0,51–80,0,63.0,4,4,9
Rice,Grocery,50.59,2021-04-18,0,0,0,0,0,1,51–80,0,84.0,6,4,18
Rice,Grocery,75.08,2021-04-21,0,0,0,0,0,1,51–80,0,69.0,2,4,21
Rice,Grocery,60.64,2021-04-26,0,0,0,0,0,1,51–80,0,72.0,0,4,26
Rice,Grocery,79.74,2021-04-30,0,1,0,0,0,1,51–80,0,66.0,4,4,30
Rice,Grocery,43.3,2021-05-05,0,0,0,0,0,1,21–50,0,77.0,2,5,5
Rice,Grocery,88.69,2021-05-07,0,0,0,0,0,1,81–120,0,64.0,4,5,7
Rice,Grocery,43.91,2021-05-09,0,0,0,0,0,1,21–50,0,71.0,6,5,9
Rice,Grocery,46.45,2021-05-12,0,0,0,0,0,1,21–50,0,80.0,2,5,12
Rice,Grocery,50.05,2021-05-20,0,0,0,0,0,1,51–80,0,81.0,3,5,20
Rice,Grocery,42.54,2021-05-27,0,0,0,0,0,0,21–50,0,67.0,3,5,27
Rice,Grocery,94.26,2021-05-31,0,1,0,0,0,0,81–120,0,52.0,0,5,31
Rice,Grocery,49.13,2021-06-08,1,0,0,0,0,0,21–50,0,76.0,1,6,8
Rice,Grocery,67.38,2021-06-13,1,0,0,0,0,0,51–80,0,67.0,6,6,13
Rice,Grocery,31.24,2021-07-03,1,1,0,0,0,0,21–50,0,86.0,5,7,3
Rice,Grocery,65.22,2021-07-05,1,0,0,0,0,0,51–80,0,65.0,0,7,5
Rice,Grocery,61.41,2021-07-21,1,0,0,0,0,0,51–80,0,56.0,2,7,21
Rice,Grocery,75.55,2021-08-07,1,0,0,0,0,0,51–80,0,68.0,5,8,7
Rice,Grocery,35.91,2021-08-09,1,0,0,0,0,0,21–50,0,78.0,0,8,9
Rice,Grocery,79.32,2021-08-18,1,0,0,0,0,0,51–80,0,54.0,2,8,18
Rice,Grocery,14.97,2021-08-21,1,0,0,0,0,0,≤20,0,85.0,5,8,21
Rice,Grocery,81.69,2021-09-06,1,0,0,0,0,0,81–120,0,62.0,0,9,6
Rice,Grocery,31.34,2021-09-15,1,0,0,0,0,0,21–50,0,75.0,2,9,15
Rice,Grocery,60.47,2021-10-04,0,0,0,0,0,0,51–80,0,62.0,0,10,4
Rice,Grocery,47.25,2021-10-22,0,0,0,1,0,0,21–50,0,87.0,4,10,22
Rice,Grocery,86.11,2021-11-07,0,0,0,1,0,0,81–120,0,79.0,6,11,7
Rice,Grocery,39.15,2021-11-23,0,0,0,1,0,0,21–50,0,85.0,1,11,23
Rice,Grocery,40.84,2021-12-04,0,0,0,0,0,0,21–50,0,71.0,5,12,4
Rice,Grocery,31.62,2021-12-11,0,0,0,0,0,0,21–50,0,69.0,5,12,11
Rice,Grocery,90.6,2021-12-17,0,0,0,0,0,0,81–120,0,56.0,4,12,17
Rice,Grocery,33.87,2021-12-23,0,0,0,0,0,0,21–50,0,72.0,3,12,23
Rice,Grocery,15.3,2022-01-01,0,1,0,0,0,0,≤20,0,78.0,5,1,1
Rice,Grocery,20.68,2022-01-03,0,1,0,0,0,0,21–50,0,76.0,0,1,3
Rice,Grocery,99.98,2022-01-06,0,0,0,0,0,0,81–120,0,52.0,3,1,6
Rice,Grocery,90.85,2022-01-10,0,0,0,0,0,0,81–120,0,53.0,0,1,10
Rice,Grocery,13.49,2022-01-11,0,0,0,0,0,0,≤20,0,74.0,1,1,11
Rice,Grocery,44.1,2022-01-18,0,0,0,0,0,0,21–50,0,69.0,1,1,18
Rice,Grocery,66.61,2022-01-23,0,0,0,0,0,0,51–80,0,56.0,6,1,23
Rice,Grocery,23.55,2022-02-24,0,0,0,0,0,0,21–50,0,72.0,3,2,24
Rice,Grocery,16.47,2022-02-26,0,0,0,0,1,0,≤20,0,86.0,5,2,26
Rice,Grocery,33.19,2022-02-28,0,1,0,0,1,0,21–50,0,78.0,0,2,28
Rice,Grocery,91.03,2022-03-08,0,0,0,0,1,0,81–120,0,44.0,1,3,8
Rice,Grocery,54.87,2022-03-29,0,1,0,0,0,0,51–80,0,69.0,1,3,29
Rice,Grocery,27.52,2022-04-22,0,0,0,0,0,1,21–50,0,83.0,4,4,22
Rice,Grocery,79.09,2022-04-24,0,0,0,0,0,1,51–80,0,69.0,6,4,24
Rice,Grocery,36.59,2022-04-25,0,0,0,0,0,1,21–50,0,76.0,0,4,25
Rice,Grocery,70.07,2022-04-27,0,0,0,0,0,1,51–80,0,74.0,2,4,27
Rice,Grocery,89.9,2022-05-06,0,0,0,0,0,1,81–120,0,64.0,4,5,6
Rice,Grocery,57.67,2022-06-05,1,0,0,0,0,0,51–80,0,76.0,6,6,5
Rice,Grocery,75.16,2022-06-09,1,0,0,0,0,0,51–80,0,57.0,3,6,9
Rice,Grocery,22.17,2022-06-17,1,0,0,0,0,0,21–50,0,84.0,4,6,17
Rice,Grocery,71.82,2022-06-19,1,0,0,0,0,0,51–80,0,63.0,6,6,19
Rice,Grocery,12.55,2022-06-27,1,0,0,0,0,0,≤20,0,74.0,0,6,27
Rice,Grocery,49.11,2022-06-28,1,1,0,0,0,0,21–50,0,83.0,1,6,28
Rice,Grocery,76.52,2022-06-30,1,1,0,0,0,0,51–80,0,76.0,3,6,30
Rice,Grocery,43.88,2022-07-07,1,0,0,0,0,0,21–50,0,72.0,3,7,7
Rice,Grocery,47.3,2022-07-10,1,0,0,0,0,0,21–50,0,70.0,6,7,10
Rice,Grocery,65.93,2022-07-13,1,0,0,0,0,0,51–80,1,0.0,2,7,13
Rice,Grocery,73.8,2022-07-27,1,0,0,0,0,0,51–80,1,0.0,2,7,27
Rice,Grocery,38.27,2022-08-26,1,0,0,0,0,0,21–50,0,75.0,4,8,26
Rice,Grocery,89.45,2022-09-06,1,0,0,0,0,0,81–120,0,71.0,1,9,6
Rice,Grocery,78.49,2022-09-12,1,0,0,0,0,0,51–80,0,67.0,0,9,12
Rice,Grocery,27.59,2022-09-17,1,0,0,0,0,0,21–50,0,73.0,5,9,17
Rice,Grocery,26.8,2022-09-19,1,0,0,0,0,0,21–50,0,80.0,0,9,19
Rice,Grocery,74.0,2022-09-20,1,0,0,0,0,0,51–80,0,63.0,1,9,20
Rice,Grocery,37.3,2022-09-28,1,1,0,0,0,0,21–50,0,86.0,2,9,28
Rice,Grocery,15.12,2022-10-03,0,1,0,0,0,0,≤20,0,81.0,0,10,3
Rice,Grocery,64.07,2022-10-05,0,0,0,0,0,0,51–80,0,57.0,2,10,5
Rice,Grocery,68.45,2022-10-16,0,0,0,1,0,0,51–80,0,86.0,6,10,16
Rice,Grocery,60.06,2022-10-28,0,1,0,1,0,0,51–80,0,99.0,4,10,28
Rice,Grocery,82.36,2022-10-31,0,1,0,1,0,0,81–120,0,82.0,0,10,31
Rice,Grocery,22.62,2022-11-04,0,0,0,1,0,0,21–50,0,102.0,4,11,4
Rice,Grocery,30.07,2022-11-21,0,0,0,1,0,0,21–50,0,99.0,0,11,21
Rice,Grocery,46.24,2022-12-18,0,0,0,0,0,0,21–50,0,67.0,6,12,18
Rice,Grocery,64.9,2023-01-07,0,0,0,0,0,0,51–80,0,61.0,5,1,7
Rice,Grocery,15.56,2023-02-16,0,0,0,0,0,0,≤20,0,80.0,3,2,16
Rice,Grocery,83.43,2023-02-18,0,0,0,0,0,0,81–120,0,50.0,5,2,18
Rice,Grocery,91.75,2023-02-23,0,0,0,0,0,0,81–120,0,53.0,3,2,23
Rice,Grocery,31.64,2023-02-24,0,0,0,0,0,0,21–50,0,73.0,4,2,24
Rice,Grocery,77.89,2023-03-10,0,0,0,0,1,0,51–80,0,56.0,4,3,10
Rice,Grocery,82.16,2023-03-11,0,0,0,0,1,0,81–120,0,65.0,5,3,11
Rice,Grocery,67.45,2023-03-12,0,0,0,0,1,0,51–80,0,62.0,6,3,12
Rice,Grocery,74.53,2023-03-19,0,0,0,0,1,0,51–80,0,61.0,6,3,19
Rice,Grocery,56.13,2023-03-25,0,0,0,0,0,0,51–80,0,59.0,5,3,25
Rice,Grocery,22.38,2023-04-07,0,0,0,0,0,0,21–50,0,80.0,4,4,7
Rice,Grocery,47.24,2023-04-13,0,0,0,0,0,1,21–50,0,69.0,3,4,13
Rice,Grocery,73.49,2023-04-17,0,0,0,0,0,1,51–80,0,61.0,0,4,17
Rice,Grocery,64.35,2023-04-19,0,0,0,0,0,1,51–80,0,77.0,2,4,19
Rice,Grocery,12.54,2023-04-21,0,0,0,0,0,1,≤20,0,90.0,4,4,21
Rice,Grocery,65.81,2023-04-23,0,0,0,0,0,1,51–80,0,74.0,6,4,23
Rice,Grocery,47.67,2023-04-26,0,0,0,0,0,1,21–50,0,85.0,2,4,26
Rice,Grocery,59.23,2023-05-04,0,0,0,0,0,1,51–80,0,82.0,3,5,4
Rice,Grocery,60.41,2023-05-09,0,0,0,0,0,1,51–80,0,75.0,1,5,9
Rice,Grocery,40.84,2023-05-12,0,0,0,0,0,1,21–50,0,79.0,4,5,12
Rice,Grocery,18.39,2023-05-13,0,0,0,0,0,1,≤20,0,82.0,5,5,13
Rice,Grocery,41.04,2023-05-20,0,0,0,0,0,1,21–50,0,73.0,5,5,20
Rice,Grocery,69.66,2023-06-07,1,0,0,0,0,0,51–80,0,71.0,2,6,7
Rice,Grocery,70.21,2023-06-14,1,0,0,0,0,0,51–80,0,62.0,2,6,14
Rice,Grocery,68.43,2023-06-21,1,0,0,0,0,0,51–80,0,59.0,2,6,21
Rice,Grocery,26.78,2023-06-26,1,0,0,0,0,0,21–50,0,79.0,0,6,26
Rice,Grocery,75.51,2023-06-30,1,1,0,0,0,0,51–80,0,73.0,4,6,30
Rice,Grocery,61.08,2023-07-30,1,1,0,0,0,0,51–80,0,73.0,6,7,30
Rice,Grocery,99.84,2023-08-15,1,0,1,0,0,0,81–120,0,60.0,1,8,15
Rice,Grocery,57.97,2023-08-23,1,0,0,0,0,0,51–80,0,64.0,2,8,23
Rice,Grocery,80.91,2023-08-28,1,1,0,0,0,0,81–120,0,79.0,0,8,28
Rice,Grocery,21.21,2023-09-04,1,0,0,0,0,0,21–50,0,74.0,0,9,4
Rice,Grocery,48.88,2023-09-12,1,0,0,0,0,0,21–50,0,73.0,1,9,12
Rice,Grocery,77.19,2023-09-21,1,0,0,0,0,0,51–80,0,62.0,3,9,21
Rice,Grocery,84.82,2023-09-30,1,1,0,0,0,0,81–120,0,60.0,5,9,30
Rice,Grocery,25.74,2023-10-09,0,0,0,0,0,0,21–50,0,73.0,0,10,9
Rice,Grocery,38.93,2023-10-22,0,0,0,1,0,0,21–50,0,89.0,6,10,22
Rice,Grocery,61.83,2023-11-08,0,0,0,1,0,0,51–80,0,88.0,2,11,8
Rice,Grocery,79.82,2023-12-14,0,0,0,0,0,0,51–80,0,58.0,3,12,14
Rice,Grocery,40.81,2023-12-15,0,0,0,0,0,0,21–50,0,65.0,4,12,15
Rice,Grocery,47.36,2023-12-30,0,1,0,0,0,0,21–50,0,81.0,5,12,30
Rice,Grocery,50.19,2024-01-04,0,0,0,0,0,0,51–80,0,65.0,3,1,4
Rice,Grocery,77.46,2024-01-08,0,0,0,0,0,0,51–80,0,56.0,0,1,8
Rice,Grocery,85.84,2024-01-11,0,0,0,0,0,0,81–120,0,54.0,3,1,11
Rice,Grocery,69.84,2024-01-18,0,0,0,0,0,0,51–80,0,61.0,3,1,18
Rice,Grocery,69.03,2024-01-25,0,0,0,0,0,0,51–80,0,58.0,3,1,25
Rice,Grocery,66.85,2024-02-20,0,0,0,0,0,0,51–80,0,62.0,1,2,20
Rice,Grocery,59.47,2024-03-25,0,0,0,0,0,0,51–80,0,53.0,0,3,25
Rice,Grocery,62.32,2024-04-01,0,1,0,0,0,0,51–80,0,72.0,0,4,1
Rice,Grocery,39.81,2024-04-19,0,0,0,0,0,1,21–50,0,74.0,4,4,19
Rice,Grocery,90.49,2024-04-20,0,0,0,0,0,1,81–120,0,64.0,5,4,20
Rice,Grocery,50.97,2024-04-23,0,0,0,0,0,1,51–80,0,72.0,1,4,23
Rice,Grocery,46.43,2024-05-09,0,0,0,0,0,1,21–50,0,71.0,3,5,9
Rice,Grocery,89.71,2024-05-23,0,0,0,0,0,1,81–120,0,50.0,3,5,23
Rice,Grocery,41.05,2024-06-06,1,0,0,0,0,0,21–50,0,74.0,3,6,6
Rice,Grocery,34.35,2024-07-13,1,0,0,0,0,0,21–50,0,79.0,5,7,13
Rice,Grocery,15.72,2024-07-17,1,0,0,0,0,0,≤20,0,87.0,2,7,17
Rice,Grocery,28.7,2024-07-21,1,0,0,0,0,0,21–50,0,80.0,6,7,21
Rice,Grocery,42.95,2024-07-24,1,0,0,0,0,0,21–50,0,73.0,2,7,24
Rice,Grocery,36.81,2024-08-08,1,0,0,0,0,0,21–50,0,81.0,3,8,8
Rice,Grocery,97.44,2024-08-11,1,0,0,0,0,0,81–120,0,48.0,6,8,11
Rice,Grocery,39.96,2024-08-14,1,0,0,0,0,0,21–50,0,70.0,2,8,14
Rice,Grocery,24.05,2024-08-17,1,0,0,0,0,0,21–50,0,76.0,5,8,17
Rice,Grocery,81.73,2024-09-07,1,0,0,0,0,0,81–120,0,63.0,5,9,7
Rice,Grocery,59.11,2024-09-21,1,0,0,0,0,0,51–80,0,71.0,5,9,21
Rice,Grocery,18.75,2024-09-24,1,0,0,0,0,0,≤20,0,74.0,1,9,24
Rice,Grocery,98.47,2024-09-27,1,0,0,0,0,0,81–120,0,52.0,4,9,27
Rice,Grocery,71.11,2024-10-25,0,0,0,1,0,0,51–80,0,74.0,4,10,25
Rice,Grocery,81.26,2024-10-30,0,1,0,1,0,0,81–120,0,97.0,2,10,30
Rice,Grocery,51.92,2024-11-25,0,0,0,1,0,0,51–80,0,88.0,0,11,25
Rice,Grocery,34.08,2024-11-29,0,1,0,0,0,0,21–50,0,78.0,4,11,29
Rice,Grocery,37.8,2024-12-06,0,0,0,0,0,0,21–50,0,69.0,4,12,6
Rice,Grocery,81.93,2024-12-09,0,0,0,0,0,0,81–120,0,56.0,0,12,9
Rice,Grocery,25.64,2024-12-26,0,0,0,0,0,0,21–50,0,76.0,3,12,26
Rice,Grocery,48.87,2025-01-01,0,1,0,0,0,0,21–50,0,76.0,2,1,1
Rice,Grocery,12.98,2025-01-10,0,0,0,0,0,0,≤20,0,79.0,4,1,10
Rice,Grocery,43.71,2025-01-14,0,0,0,0,0,0,21–50,0,63.0,1,1,14
Rice,Grocery,64.03,2025-01-18,0,0,0,0,0,0,51–80,0,56.0,5,1,18
Rice,Grocery,15.03,2025-01-21,0,0,0,0,0,0,≤20,0,72.0,1,1,21
Rice,Grocery,65.09,2025-01-28,0,1,0,0,0,0,51–80,0,69.0,1,1,28
Rice,Grocery,40.7,2025-02-02,0,1,0,0,0,0,21–50,0,81.0,6,2,2
Rice,Grocery,85.58,2025-02-10,0,0,0,0,0,0,81–120,0,54.0,0,2,10
Rice,Grocery,92.78,2025-02-28,0,1,0,0,1,0,81–120,0,63.0,4,2,28
Rice,Grocery,74.77,2025-03-10,0,0,0,0,1,0,51–80,0,69.0,0,3,10
Rice,Grocery,30.78,2025-03-18,0,0,0,0,1,0,21–50,0,74.0,1,3,18
Rice,Grocery,56.8,2025-03-30,0,1,0,0,0,0,51–80,0,70.0,6,3,30
Rice,Grocery,73.18,2025-04-01,0,1,0,0,0,0,51–80,0,65.0,1,4,1
Rice,Grocery,77.78,2025-04-05,0,0,0,0,0,0,51–80,0,60.0,5,4,5
Rice,Grocery,22.0,2025-04-08,0,0,0,0,0,0,21–50,0,82.0,1,4,8
Rice,Grocery,58.09,2025-04-14,0,0,0,0,0,1,51–80,0,75.0,0,4,14
Rice,Grocery,72.11,2025-04-23,0,0,0,0,0,1,51–80,0,76.0,2,4,23
Rice,Grocery,33.99,2025-04-28,0,1,0,0,0,1,21–50,0,85.0,0,4,28
Rice,Grocery,88.97,2025-05-09,0,0,0,0,0,1,81–120,0,64.0,4,5,9
Rice,Grocery,94.85,2025-05-10,0,0,0,0,0,1,81–120,0,59.0,5,5,10
Rice,Grocery,25.45,2025-05-18,0,0,0,0,0,1,21–50,0,94.0,6,5,18
Rice,Grocery,55.15,2025-05-27,0,0,0,0,0,0,51–80,0,56.0,1,5,27
Rice,Grocery,83.64,2025-06-17,1,0,0,0,0,0,81–120,0,52.0,1,6,17
Rice,Grocery,92.5,2025-06-19,1,0,0,0,0,0,81–120,0,55.0,3,6,19
Rice,Grocery,84.2,2025-06-29,1,1,0,0,0,0,81–120,0,64.0,6,6,29
Rice,Grocery,51.26,2025-07-05,1,0,0,0,0,0,51–80,0,65.0,5,7,5
Rice,Grocery,64.54,2025-07-06,1,0,0,0,0,0,51–80,0,70.0,6,7,6
Rice,Grocery,56.48,2025-07-25,1,0,0,0,0,0,51–80,0,69.0,4,7,25
Rice,Grocery,13.01,2025-08-08,1,0,0,0,0,0,≤20,0,89.0,4,8,8
Rice,Grocery,64.11,2025-08-14,1,0,0,0,0,0,51–80,0,66.0,3,8,14
Rice,Grocery,83.54,2025-08-31,1,1,0,0,0,0,81–120,0,78.0,6,8,31
Rice,Grocery,19.04,2025-10-04,0,0,0,0,0,0,≤20,0,72.0,5,10,4
Rice,Grocery,89.83,2025-10-08,0,0,0,0,0,0,81–120,0,51.0,2,10,8
