inventory_with_india_features.csv
Item Name,Category,Price,Date,IsMonsoon,IsPaydayWindow,IsLocalHoliday,IsDiwaliSeason,IsHoliSeason,IsEidSeason,MRPBand,IsStockout,Quantity,DayOfWeek,Month,Day
Biscuits,Snacks,27.99,2020-05-03,0,1,0,0,0,1,21–50,0,61.0,6,5,3
Biscuits,Snacks,70.16,2020-05-06,0,0,0,0,0,1,51–80,0,46.0,2,5,6
Biscuits,Snacks,15.25,2020-05-10,0,0,0,0,0,1,≤20,0,60.0,6,5,10
Biscuits,Snacks,18.1,2020-05-13,0,0,0,0,0,1,≤20,0,51.0,2,5,13
Biscuits,Snacks,91.23,2020-05-20,0,0,0,0,0,1,81–120,0,39.0,2,5,20
Biscuits,Snacks,79.48,2020-06-10,1,0,0,0,0,0,51–80,0,38.0,2,6,10
Biscuits,Snacks,76.51,2020-06-19,1,0,0,0,0,0,51–80,0,42.0,4,6,19
Biscuits,Snacks,63.64,2020-06-24,1,0,0,0,0,0,51–80,0,41.0,2,6,24
Biscuits,Snacks,44.66,2020-07-14,1,0,0,0,0,0,21–50,0,52.0,1,7,14
Biscuits,Snacks,92.47,2020-07-18,1,0,0,0,0,0,81–120,0,45.0,5,7,18
Biscuits,Snacks,76.14,2020-07-21,1,0,0,0,0,0,51–80,0,36.0,1,7,21
Biscuits,Snacks,82.13,2020-08-17,1,0,0,0,0,0,81–120,0,32.0,0,8,17
Biscuits,Snacks,80.57,2020-08-26,1,0,0,0,0,0,81–120,0,39.0,2,8,26
Biscuits,Snacks,27.24,2020-10-01,0,1,0,0,0,0,21–50,0,57.0,3,10,1
Biscuits,Snacks,49.61,2020-10-07,0,0,0,0,0,0,21–50,0,40.0,2,10,7
Biscuits,Snacks,51.85,2020-10-11,0,0,0,0,0,0,51–80,0,35.0,6,10,11
Biscuits,Snacks,14.38,2020-10-14,0,0,0,0,0,0,≤20,0,50.0,2,10,14
Biscuits,Snacks,26.88,2020-10-22,0,0,0,1,0,0,21–50,0,72.0,3,10,22
Biscuits,Snacks,65.81,2020-11-21,0,0,0,1,0,0,51–80,0,63.0,5,11,21
Biscuits,Snacks,29.47,2020-11-27,0,0,0,0,0,0,21–50,0,54.0,4,11,27
Biscuits,Snacks,76.01,2020-12-16,0,0,0,0,0,0,51–80,0,37.0,2,12,16
Biscuits,Snacks,38.72,2020-12-22,0,0,0,0,0,0,21–50,0,64.0,1,12,22
Biscuits,Snacks,95.94,2020-12-26,0,0,0,0,0,0,81–120,0,26.0,5,12,26
Biscuits,Snacks,57.68,2021-01-14,0,0,0,0,0,0,51–80,0,44.0,3,1,14
Biscuits,Snacks,95.79,2021-01-16,0,0,0,0,0,0,81–120,0,32.0,5,1,16
Biscuits,Snacks,51.24,2021-01-26,0,0,1,0,0,0,51–80,0,50.0,1,1,26
Biscuits,Snacks,37.22,2021-02-02,0,1,0,0,0,0,21–50,0,62.0,1,2,2
Biscuits,Snacks,38.84,2021-02-13,0,0,0,0,0,0,21–50,0,54.0,5,2,13
Biscuits,Snacks,93.96,2021-02-27,0,0,0,0,1,0,81–120,0,50.0,5,2,27
Biscuits,Snacks,99.95,2021-03-04,0,0,0,0,1,0,81–120,0,41.0,3,3,4
Biscuits,Snacks,47.5,2021-03-08,0,0,0,0,1,0,21–50,0,61.0,0,3,8
Biscuits,Snacks,16.08,2021-03-11,0,0,0,0,1,0,≤20,1,0.0,3,3,11
Biscuits,Snacks,51.82,2021-03-17,0,0,0,0,1,0,51–80,0,44.0,2,3,17
Biscuits,Snacks,28.75,2021-03-18,0,0,0,0,1,0,21–50,0,63.0,3,3,18
Biscuits,Snacks,97.8,2021-03-22,0,0,0,0,0,0,81–120,0,18.0,0,3,22
Biscuits,Snacks,70.9,2021-03-29,0,1,0,0,0,0,51–80,1,0.0,0,3,29
Biscuits,Snacks,65.76,2021-04-08,0,0,0,0,0,0,51–80,0,34.0,3,4,8
Biscuits,Snacks,97.38,2021-04-13,0,0,0,0,0,1,81–120,0,34.0,1,4,13
Biscuits,Snacks,73.52,2021-05-16,0,0,0,0,0,1,51–80,0,45.0,6,5,16
Biscuits,Snacks,23.82,2021-06-01,1,1,0,0,0,0,21–50,0,61.0,1,6,1
Biscuits,Snacks,29.39,2021-06-20,1,0,0,0,0,0,21–50,0,47.0,6,6,20
Biscuits,Snacks,27.79,2021-06-23,1,0,0,0,0,0,21–50,0,58.0,2,6,23
Biscuits,Snacks,46.15,2021-07-11,1,0,0,0,0,0,21–50,0,50.0,6,7,11
Biscuits,Snacks,45.57,2021-07-23,1,0,0,0,0,0,21–50,0,43.0,4,7,23
Biscuits,Snacks,89.71,2021-08-24,1,0,0,0,0,0,81–120,0,31.0,1,8,24
Biscuits,Snacks,41.15,2021-09-05,1,0,0,0,0,0,21–50,0,45.0,6,9,5
Biscuits,Snacks,85.79,2021-09-07,1,0,0,0,0,0,81–120,0,32.0,1,9,7
Biscuits,Snacks,99.89,2021-09-27,1,0,0,0,0,0,81–120,0,24.0,0,9,27
Biscuits,Snacks,62.36,2021-10-10,0,0,0,0,0,0,51–80,0,40.0,6,10,10
Biscuits,Snacks,14.14,2021-10-17,0,0,0,1,0,0,≤20,0,80.0,6,10,17
Biscuits,Snacks,86.41,2021-10-29,0,1,0,1,0,0,81–120,0,65.0,4,10,29
Biscuits,Snacks,12.0,2021-11-18,0,0,0,1,0,0,≤20,0,79.0,3,11,18
Biscuits,Snacks,59.23,2021-11-21,0,0,0,1,0,0,51–80,0,61.0,6,11,21
Biscuits,Snacks,11.46,2021-11-22,0,0,0,1,0,0,≤20,0,69.0,0,11,22
Biscuits,Snacks,26.01,2021-12-09,0,0,0,0,0,0,21–50,1,0.0,3,12,9
Biscuits,Snacks,99.48,2021-12-19,0,0,0,0,0,0,81–120,0,31.0,6,12,19
Biscuits,Snacks,47.28,2021-12-22,0,0,0,0,0,0,21–50,0,48.0,2,12,22
Biscuits,Snacks,43.2,2022-01-15,0,0,0,0,0,0,21–50,0,47.0,5,1,15
Biscuits,Snacks,48.62,2022-01-20,0,0,0,0,0,0,21–50,0,49.0,3,1,20
Biscuits,Snacks,88.14,2022-02-11,0,0,0,0,0,0,81–120,0,44.0,4,2,11
Biscuits,Snacks,22.04,2022-02-23,0,0,0,0,0,0,21–50,0,58.0,2,2,23
Biscuits,Snacks,78.6,2022-02-25,0,0,0,0,1,0,51–80,0,62.0,4,2,25
Biscuits,Snacks,60.03,2022-03-03,0,1,0,0,1,0,51–80,0,62.0,3,3,3
Biscuits,Snacks,67.74,2022-03-16,0,0,0,0,1,0,51–80,0,48.0,2,3,16
Biscuits,Snacks,58.38,2022-03-17,0,0,0,0,1,0,51–80,0,50.0,3,3,17
Biscuits,Snacks,40.47,2022-03-21,0,0,0,0,0,0,21–50,0,50.0,0,3,21
Biscuits,Snacks,22.87,2022-03-23,0,0,0,0,0,0,21–50,0,58.0,2,3,23
Biscuits,Snacks,14.58,2022-03-27,0,0,0,0,0,0,≤20,0,54.0,6,3,27
Biscuits,Snacks,84.62,2022-03-30,0,1,0,0,0,0,81–120,0,37.0,2,3,30
Biscuits,Snacks,24.69,2022-04-04,0,0,0,0,0,0,21–50,0,59.0,0,4,4
Biscuits,Snacks,12.79,2022-04-15,0,0,0,0,0,1,≤20,0,65.0,4,4,15
Biscuits,Snacks,84.41,2022-04-19,0,0,0,0,0,1,81–120,0,40.0,1,4,19
Biscuits,Snacks,69.94,2022-04-29,0,1,0,0,0,1,51–80,0,39.0,4,4,29
Biscuits,Snacks,84.08,2022-05-02,0,1,0,0,0,1,81–120,0,45.0,0,5,2
Biscuits,Snacks,31.72,2022-05-05,0,0,0,0,0,1,21–50,0,56.0,3,5,5
Biscuits,Snacks,27.85,2022-05-08,0,0,0,0,0,1,21–50,0,59.0,6,5,8
Biscuits,Snacks,16.31,2022-05-16,0,0,0,0,0,1,≤20,0,51.0,0,5,16
Biscuits,Snacks,76.53,2022-05-21,0,0,0,0,0,1,51–80,0,47.0,5,5,21
Biscuits,Snacks,44.91,2022-05-26,0,0,0,0,0,0,21–50,0,41.0,3,5,26
Biscuits,Snacks,46.12,2022-07-15,1,0,0,0,0,0,21–50,1,0.0,4,7,15
Biscuits,Snacks,70.67,2022-07-28,1,1,0,0,0,0,51–80,0,45.0,3,7,28
Biscuits,Snacks,71.56,2022-07-29,1,1,0,0,0,0,51–80,0,45.0,4,7,29
Biscuits,Snacks,56.61,2022-08-06,1,0,0,0,0,0,51–80,0,43.0,5,8,6
Biscuits,Snacks,21.54,2022-08-11,1,0,0,0,0,0,21–50,0,64.0,3,8,11
Biscuits,Snacks,18.96,2022-08-14,1,0,0,0,0,0,≤20,0,66.0,6,8,14
Biscuits,Snacks,15.46,2022-08-15,1,0,1,0,0,0,≤20,0,63.0,0,8,15
Biscuits,Snacks,65.56,2022-09-04,1,0,0,0,0,0,51–80,0,46.0,6,9,4
Biscuits,Snacks,66.92,2022-09-21,1,0,0,0,0,0,51–80,0,40.0,2,9,21
Biscuits,Snacks,35.95,2022-10-12,0,0,0,0,0,0,21–50,1,0.0,2,10,12
Biscuits,Snacks,18.48,2022-11-08,0,0,0,1,0,0,≤20,0,69.0,1,11,8
Biscuits,Snacks,17.7,2022-11-18,0,0,0,1,0,0,≤20,1,0.0,4,11,18
Biscuits,Snacks,57.11,2022-12-12,0,0,0,0,0,0,51–80,0,45.0,0,12,12
Biscuits,Snacks,39.53,2022-12-25,0,0,1,0,0,0,21–50,0,46.0,6,12,25
Biscuits,Snacks,84.4,2023-01-02,0,1,0,0,0,0,81–120,0,38.0,0,1,2
Biscuits,Snacks,78.25,2023-01-08,0,0,0,0,0,0,51–80,0,37.0,6,1,8
Biscuits,Snacks,58.9,2023-01-14,0,0,0,0,0,0,51–80,0,42.0,5,1,14
Biscuits,Snacks,48.91,2023-01-16,0,0,0,0,0,0,21–50,0,50.0,0,1,16
Biscuits,Snacks,52.61,2023-01-18,0,0,0,0,0,0,51–80,0,47.0,2,1,18
Biscuits,Snacks,37.32,2023-01-20,0,0,0,0,0,0,21–50,0,47.0,4,1,20
Biscuits,Snacks,86.68,2023-01-23,0,0,0,0,0,0,81–120,0,41.0,0,1,23
Biscuits,Snacks,64.23,2023-02-10,0,0,0,0,0,0,51–80,0,39.0,4,2,10
Biscuits,Snacks,25.06,2023-03-16,0,0,0,0,1,0,21–50,0,71.0,3,3,16
Biscuits,Snacks,39.17,2023-04-22,0,0,0,0,0,1,21–50,0,53.0,5,4,22
Biscuits,Snacks,20.04,2023-04-24,0,0,0,0,0,1,21–50,0,66.0,0,4,24
Biscuits,Snacks,38.0,2023-05-01,0,1,1,0,0,1,21–50,0,65.0,0,5,1
Biscuits,Snacks,55.91,2023-05-11,0,0,0,0,0,1,51–80,0,47.0,3,5,11
Biscuits,Snacks,28.88,2023-05-15,0,0,0,0,0,1,21–50,0,48.0,0,5,15
Biscuits,Snacks,24.24,2023-05-21,0,0,0,0,0,1,21–50,0,50.0,6,5,21
Biscuits,Snacks,26.29,2023-06-19,1,0,0,0,0,0,21–50,0,58.0,0,6,19
Biscuits,Snacks,47.77,2023-06-20,1,0,0,0,0,0,21–50,1,0.0,1,6,20
Biscuits,Snacks,84.5,2023-07-01,1,1,0,0,0,0,81–120,0,44.0,5,7,1
Biscuits,Snacks,38.62,2023-07-03,1,1,0,0,0,0,21–50,0,54.0,0,7,3
Biscuits,Snacks,47.41,2023-07-12,1,0,0,0,0,0,21–50,0,54.0,2,7,12
Biscuits,Snacks,53.59,2023-07-21,1,0,0,0,0,0,51–80,0,46.0,4,7,21
Biscuits,Snacks,85.23,2023-07-24,1,0,0,0,0,0,81–120,0,41.0,0,7,24
Biscuits,Snacks,68.98,2023-08-06,1,0,0,0,0,0,51–80,0,42.0,6,8,6
Biscuits,Snacks,12.74,2023-08-11,1,0,0,0,0,0,≤20,0,54.0,4,8,11
Biscuits,Snacks,28.14,2023-08-30,1,1,0,0,0,0,21–50,0,64.0,2,8,30
Biscuits,Snacks,69.04,2023-09-07,1,0,0,0,0,0,51–80,0,41.0,3,9,7
Biscuits,Snacks,75.12,2023-09-14,1,0,0,0,0,0,51–80,0,44.0,3,9,14
Biscuits,Snacks,56.98,2023-09-15,1,0,0,0,0,0,51–80,0,45.0,4,9,15
Biscuits,Snacks,84.56,2023-10-13,0,0,0,0,0,0,81–120,0,23.0,4,10,13
Biscuits,Snacks,42.18,2023-10-18,0,0,0,1,0,0,21–50,0,59.0,2,10,18
Biscuits,Snacks,55.28,2023-10-29,0,1,0,1,0,0,51–80,0,60.0,6,10,29
Biscuits,Snacks,42.0,2023-11-01,0,1,1,1,0,0,21–50,0,83.0,2,11,1
Biscuits,Snacks,37.33,2023-11-20,0,0,0,1,0,0,21–50,0,61.0,0,11,20
Biscuits,Snacks,52.64,2023-11-29,0,1,0,0,0,0,51–80,0,45.0,2,11,29
Biscuits,Snacks,89.39,2023-12-03,0,1,0,0,0,0,81–120,0,35.0,6,12,3
Biscuits,Snacks,71.75,2023-12-04,0,0,0,0,0,0,51–80,0,40.0,0,12,4
Biscuits,Snacks,88.72,2023-12-09,0,0,0,0,0,0,81–120,0,28.0,5,12,9
Biscuits,Snacks,61.02,2023-12-18,0,0,0,0,0,0,51–80,0,47.0,0,12,18
Biscuits,Snacks,16.31,2023-12-21,0,0,0,0,0,0,≤20,0,49.0,3,12,21
Biscuits,Snacks,92.45,2023-12-23,0,0,0,0,0,0,81–120,0,40.0,5,12,23
Biscuits,Snacks,19.97,2023-12-28,0,1,0,0,0,0,≤20,0,54.0,3,12,28
Biscuits,Snacks,17.37,2024-01-05,0,0,0,0,0,0,≤20,0,52.0,4,1,5
Biscuits,Snacks,89.76,2024-01-29,0,1,0,0,0,0,81–120,0,38.0,0,1,29
Biscuits,Snacks,53.77,2024-02-27,0,0,0,0,1,0,51–80,0,48.0,1,2,27
Biscuits,Snacks,64.83,2024-03-16,0,0,0,0,1,0,51–80,0,58.0,5,3,16
Biscuits,Snacks,92.97,2024-03-27,0,0,0,0,0,0,81–120,0,31.0,2,3,27
Biscuits,Snacks,36.97,2024-04-15,0,0,0,0,0,1,21–50,0,55.0,0,4,15
Biscuits,Snacks,13.59,2024-04-17,0,0,0,0,0,1,≤20,0,54.0,2,4,17
Biscuits,Snacks,10.34,2024-04-22,0,0,0,0,0,1,≤20,0,64.0,0,4,22
Biscuits,Snacks,83.97,2024-05-19,0,0,0,0,0,1,81–120,0,44.0,6,5,19
Biscuits,Snacks,64.19,2024-05-21,0,0,0,0,0,1,51–80,0,41.0,1,5,21
Biscuits,Snacks,37.64,2024-05-30,0,1,0,0,0,0,21–50,0,45.0,3,5,30
Biscuits,Snacks,88.19,2024-06-14,1,0,0,0,0,0,81–120,0,42.0,4,6,14
Biscuits,Snacks,68.58,2024-06-17,1,0,0,0,0,0,51–80,0,42.0,0,6,17
Biscuits,Snacks,29.48,2024-06-24,1,0,0,0,0,0,21–50,0,63.0,0,6,24
Biscuits,Snacks,98.05,2024-06-28,1,1,0,0,0,0,81–120,0,31.0,4,6,28
Biscuits,Snacks,57.74,2024-07-16,1,0,0,0,0,0,51–80,0,49.0,1,7,16
Biscuits,Snacks,12.33,2024-07-23,1,0,0,0,0,0,≤20,0,61.0,1,7,23
Biscuits,Snacks,22.89,2024-07-25,1,0,0,0,0,0,21–50,0,58.0,3,7,25
Biscuits,Snacks,38.13,2024-07-26,1,0,0,0,0,0,21–50,0,54.0,4,7,26
Biscuits,Snacks,82.95,2024-08-06,1,0,0,0,0,0,81–120,0,31.0,1,8,6
Biscuits,Snacks,15.18,2024-08-28,1,1,0,0,0,0,≤20,0,61.0,2,8,28
Biscuits,Snacks,49.86,2024-09-01,1,1,0,0,0,0,21–50,0,52.0,6,9,1
Biscuits,Snacks,20.19,2024-09-05,1,0,0,0,0,0,21–50,0,55.0,3,9,5
Biscuits,Snacks,42.55,2024-09-16,1,0,0,0,0,0,21–50,0,45.0,0,9,16
Biscuits,Snacks,86.87,2024-09-23,1,0,0,0,0,0,81–120,0,34.0,0,9,23
Biscuits,Snacks,91.98,2024-10-11,0,0,0,0,0,0,81–120,0,10.0,4,10,11
Biscuits,Snacks,99.6,2024-10-16,0,0,0,1,0,0,81–120,0,53.0,2,10,16
Biscuits,Snacks,36.05,2024-11-11,0,0,0,1,0,0,21–50,0,57.0,0,11,11
Biscuits,Snacks,20.49,2024-11-18,0,0,0,1,0,0,21–50,0,83.0,0,11,18
Biscuits,Snacks,51.22,2024-12-04,0,0,0,0,0,0,51–80,0,42.0,2,12,4
Biscuits,Snacks,55.08,2024-12-12,0,0,0,0,0,0,51–80,0,45.0,3,12,12
Biscuits,Snacks,61.48,2024-12-16,0,0,0,0,0,0,51–80,0,41.0,0,12,16
Biscuits,Snacks,88.4,2024-12-25,0,0,1,0,0,0,81–120,0,41.0,2,12,25
Biscuits,Snacks,92.11,2024-12-28,0,1,0,0,0,0,81–120,0,41.0,5,12,28
Biscuits,Snacks,99.7,2024-12-30,0,1,0,0,0,0,81–120,0,33.0,0,12,30
Biscuits,Snacks,39.63,2025-01-25,0,0,0,0,0,0,21–50,0,37.0,5,1,25
Biscuits,Snacks,23.38,2025-02-12,0,0,0,0,0,0,21–50,0,47.0,2,2,12
Biscuits,Snacks,58.0,2025-02-17,0,0,0,0,0,0,51–80,0,46.0,0,2,17
Biscuits,Snacks,17.8,2025-03-08,0,0,0,0,1,0,≤20,0,59.0,5,3,8
Biscuits,Snacks,55.72,2025-03-29,0,1,0,0,0,0,51–80,0,56.0,5,3,29
Biscuits,Snacks,97.6,2025-04-02,0,1,0,0,0,0,81–120,0,41.0,2,4,2
Biscuits,Snacks,24.0,2025-04-09,0,0,0,0,0,0,21–50,0,46.0,2,4,9
Biscuits,Snacks,76.24,2025-04-29,0,1,0,0,0,1,51–80,0,56.0,1,4,29
Biscuits,Snacks,86.42,2025-05-06,0,0,0,0,0,1,81–120,0,38.0,1,5,6
Biscuits,Snacks,49.78,2025-05-07,0,0,0,0,0,1,21–50,0,39.0,2,5,7
Biscuits,Snacks,73.42,2025-05-17,0,0,0,0,0,1,51–80,0,36.0,5,5,17
Biscuits,Snacks,50.73,2025-05-25,0,0,0,0,0,1,51–80,0,53.0,6,5,25
Biscuits,Snacks,72.94,2025-05-28,0,1,0,0,0,0,51–80,0,41.0,2,5,28
Biscuits,Snacks,85.53,2025-07-08,1,0,0,0,0,0,81–120,0,24.0,1,7,8
Biscuits,Snacks,62.02,2025-07-12,1,0,0,0,0,0,51–80,0,48.0,5,7,12
Biscuits,Snacks,91.9,2025-07-19,1,0,0,0,0,0,81–120,0,41.0,5,7,19
Biscuits,Snacks,54.45,2025-08-10,1,0,0,0,0,0,51–80,0,34.0,6,8,10
Biscuits,Snacks,56.58,2025-08-20,1,0,0,0,0,0,51–80,0,45.0,2,8,20
Biscuits,Snacks,33.79,2025-08-26,1,0,0,0,0,0,21–50,0,45.0,1,8,26
Biscuits,Snacks,63.59,2025-09-13,1,0,0,0,0,0,51–80,0,53.0,5,9,13
Biscuits,Snacks,59.5,2025-09-15,1,0,0,0,0,0,51–80,0,38.0,0,9,15
Biscuits,Snacks,18.63,2025-09-17,1,0,0,0,0,0,≤20,0,55.0,2,9,17
Biscuits,Snacks,63.79,2025-09-18,1,0,0,0,0,0,51–80,0,43.0,3,9,18
Biscuits,Snacks,76.14,2025-09-26,1,0,0,0,0,0,51–80,0,43.0,4,9,26
