inventory_with_india_features.csv
Item Name,Category,Price,Date,IsMonsoon,IsPaydayWindow,IsLocalHoliday,IsDiwaliSeason,IsHoliSeason,IsEidSeason,MRPBand,IsStockout,Quantity,DayOfWeek,Month,Day
Sugar,Grocery,60.13,2020-05-11,0,0,0,0,0,1,51–80,0,74.0,0,5,11
Sugar,Grocery,50.15,2020-05-15,0,0,0,0,0,1,51–80,0,76.0,4,5,15
Sugar,Grocery,96.57,2020-05-17,0,0,0,0,0,1,81–120,0,65.0,6,5,17
Sugar,Grocery,50.44,2020-05-19,0,0,0,0,0,1,51–80,0,75.0,1,5,19
Sugar,Grocery,47.42,2020-05-24,0,0,0,0,0,1,21–50,0,78.0,6,5,24
Sugar,Grocery,70.5,2020-06-02,1,1,0,0,0,0,51–80,0,73.0,1,6,2
Sugar,Grocery,84.68,2020-06-05,1,0,0,0,0,0,81–120,0,65.0,4,6,5
Sugar,Grocery,99.31,2020-06-08,1,0,0,0,0,0,81–120,0,57.0,0,6,8
Sugar,Grocery,90.17,2020-06-09,1,0,0,0,0,0,81–120,0,58.0,1,6,9
Sugar,Grocery,31.69,2020-06-12,1,0,0,0,0,0,21–50,0,85.0,4,6,12
Sugar,Grocery,57.77,2020-06-27,1,0,0,0,0,0,51–80,0,63.0,5,6,27
Sugar,Grocery,11.9,2020-07-04,1,0,0,0,0,0,≤20,0,81.0,5,7,4
Sugar,Grocery,32.44,2020-07-08,1,0,0,0,0,0,21–50,0,84.0,2,7,8
Sugar,Grocery,75.31,2020-07-23,1,0,0,0,0,0,51–80,0,67.0,3,7,23
Sugar,Grocery,90.85,2020-08-01,1,1,0,0,0,0,81–120,0,68.0,5,8,1
Sugar,Grocery,42.78,2020-08-02,1,1,0,0,0,0,21–50,0,81.0,6,8,2
Sugar,Grocery,28.16,2020-08-20,1,0,0,0,0,0,21–50,0,84.0,3,8,20
Sugar,Grocery,23.97,2020-08-21,1,0,0,0,0,0,21–50,0,71.0,4,8,21
Sugar,Grocery,38.53,2020-09-02,1,1,0,0,0,0,21–50,0,81.0,2,9,2
Sugar,Grocery,52.67,2020-09-03,1,1,0,0,0,0,51–80,0,84.0,3,9,3
Sugar,Grocery,38.46,2020-09-05,1,0,0,0,0,0,21–50,0,73.0,5,9,5
Sugar,Grocery,99.59,2020-09-14,1,0,0,0,0,0,81–120,0,58.0,0,9,14
Sugar,Grocery,23.56,2020-09-21,1,0,0,0,0,0,21–50,0,74.0,0,9,21
Sugar,Grocery,30.96,2020-09-22,1,0,0,0,0,0,21–50,0,80.0,1,9,22
Sugar,Grocery,70.32,2020-09-25,1,0,0,0,0,0,51–80,0,64.0,4,9,25
Sugar,Grocery,40.65,2020-09-29,1,1,0,0,0,0,21–50,0,78.0,1,9,29
Sugar,Grocery,35.02,2020-10-03,0,1,0,0,0,0,21–50,0,72.0,5,10,3
Sugar,Grocery,91.3,2020-10-05,0,0,0,0,0,0,81–120,0,40.0,0,10,5
Sugar,Grocery,98.61,2020-10-08,0,0,0,0,0,0,81–120,0,51.0,3,10,8
Sugar,Grocery,70.96,2020-10-18,0,0,0,1,0,0,51–80,0,85.0,6,10,18
Sugar,Grocery,74.59,2020-10-23,0,0,0,1,0,0,51–80,0,85.0,4,10,23
Sugar,Grocery,46.71,2020-10-24,0,0,0,1,0,0,21–50,0,89.0,5,10,24
Sugar,Grocery,63.17,2020-11-01,0,1,1,1,0,0,51–80,0,108.0,6,11,1
Sugar,Grocery,56.15,2020-11-07,0,0,0,1,0,0,51–80,0,85.0,5,11,7
Sugar,Grocery,96.38,2020-11-08,0,0,0,1,0,0,81–120,0,70.0,6,11,8
Sugar,Grocery,38.13,2020-11-10,0,0,0,1,0,0,21–50,0,91.0,1,11,10
Sugar,Grocery,55.74,2020-11-14,0,0,0,1,0,0,51–80,0,81.0,5,11,14
Sugar,Grocery,11.49,2020-12-03,0,1,0,0,0,0,≤20,0,93.0,3,12,3
Sugar,Grocery,21.42,2020-12-04,0,0,0,0,0,0,21–50,0,74.0,4,12,4
Sugar,Grocery,61.02,2020-12-10,0,0,0,0,0,0,51–80,0,61.0,3,12,10
Sugar,Grocery,92.13,2020-12-15,0,0,0,0,0,0,81–120,0,46.0,1,12,15
Sugar,Grocery,81.83,2020-12-19,0,0,0,0,0,0,81–120,0,53.0,5,12,19
Sugar,Grocery,64.16,2020-12-23,0,0,0,0,0,0,51–80,0,58.0,2,12,23
Sugar,Grocery,27.71,2020-12-24,0,0,0,0,0,0,21–50,0,71.0,3,12,24
Sugar,Grocery,24.66,2020-12-25,0,0,1,0,0,0,21–50,0,82.0,4,12,25
Sugar,Grocery,68.73,2020-12-30,0,1,0,0,0,0,51–80,0,57.0,2,12,30
Sugar,Grocery,33.81,2021-01-09,0,0,0,0,0,0,21–50,0,64.0,5,1,9
Sugar,Grocery,28.69,2021-01-17,0,0,0,0,0,0,21–50,0,70.0,6,1,17
Sugar,Grocery,36.04,2021-02-21,0,0,0,0,0,0,21–50,0,69.0,6,2,21
Sugar,Grocery,87.47,2021-03-14,0,0,0,0,1,0,81–120,0,53.0,6,3,14
Sugar,Grocery,18.35,2021-03-15,0,0,0,0,1,0,≤20,0,77.0,0,3,15
Sugar,Grocery,33.17,2021-03-16,0,0,0,0,1,0,21–50,0,74.0,1,3,16
Sugar,Grocery,45.87,2021-03-20,0,0,0,0,1,0,21–50,0,75.0,5,3,20
Sugar,Grocery,22.12,2021-04-04,0,0,0,0,0,0,21–50,0,70.0,6,4,4
Sugar,Grocery,44.07,2021-04-20,0,0,0,0,0,1,21–50,0,87.0,1,4,20
Sugar,Grocery,80.8,2021-04-28,0,1,0,0,0,1,81–120,0,70.0,2,4,28
Sugar,Grocery,96.89,2021-05-01,0,1,1,0,0,1,81–120,0,74.0,5,5,1
Sugar,Grocery,57.0,2021-05-10,0,0,0,0,0,1,51–80,0,66.0,0,5,10
Sugar,Grocery,61.17,2021-06-02,1,1,0,0,0,0,51–80,0,77.0,2,6,2
Sugar,Grocery,30.33,2021-06-05,1,0,0,0,0,0,21–50,0,82.0,5,6,5
Sugar,Grocery,52.21,2021-06-14,1,0,0,0,0,0,51–80,0,69.0,0,6,14
Sugar,Grocery,42.19,2021-06-25,1,0,0,0,0,0,21–50,0,66.0,4,6,25
Sugar,Grocery,98.47,2021-07-26,1,0,0,0,0,0,81–120,0,59.0,0,7,26
Sugar,Grocery,21.55,2021-08-06,1,0,0,0,0,0,21–50,0,81.0,4,8,6
Sugar,Grocery,98.58,2021-08-14,1,0,0,0,0,0,81–120,0,51.0,5,8,14
Sugar,Grocery,97.51,2021-08-30,1,1,0,0,0,0,81–120,0,66.0,0,8,30
Sugar,Grocery,67.46,2021-09-04,1,0,0,0,0,0,51–80,0,65.0,5,9,4
Sugar,Grocery,87.08,2021-09-08,1,0,0,0,0,0,81–120,0,57.0,2,9,8
Sugar,Grocery,36.55,2021-09-10,1,0,0,0,0,0,21–50,0,72.0,4,9,10
Sugar,Grocery,64.18,2021-09-18,1,0,0,0,0,0,51–80,0,74.0,5,9,18
Sugar,Grocery,21.45,2021-10-06,0,0,0,0,0,0,21–50,0,77.0,2,10,6
Sugar,Grocery,23.82,2021-10-28,0,1,0,1,0,0,21–50,0,99.0,3,10,28
Sugar,Grocery,38.1,2021-10-30,0,1,0,1,0,0,21–50,0,100.0,5,10,30
Sugar,Grocery,98.86,2021-11-04,0,0,0,1,0,0,81–120,0,72.0,3,11,4
Sugar,Grocery,35.17,2021-11-12,0,0,0,1,0,0,21–50,0,93.0,4,11,12
Sugar,Grocery,87.36,2021-11-27,0,0,0,0,0,0,81–120,0,46.0,5,11,27
Sugar,Grocery,40.51,2021-12-13,0,0,0,0,0,0,21–50,0,63.0,0,12,13
Sugar,Grocery,28.19,2021-12-14,0,0,0,0,0,0,21–50,0,72.0,1,12,14
Sugar,Grocery,43.15,2022-01-14,0,0,0,0,0,0,21–50,0,69.0,4,1,14
Sugar,Grocery,29.46,2022-01-25,0,0,0,0,0,0,21–50,0,82.0,1,1,25
Sugar,Grocery,36.92,2022-01-30,0,1,0,0,0,0,21–50,0,73.0,6,1,30
Sugar,Grocery,92.73,2022-02-06,0,0,0,0,0,0,81–120,0,54.0,6,2,6
Sugar,Grocery,35.93,2022-02-13,0,0,0,0,0,0,21–50,0,75.0,6,2,13
Sugar,Grocery,84.47,2022-03-20,0,0,0,0,1,0,81–120,0,65.0,6,3,20
Sugar,Grocery,55.46,2022-03-24,0,0,0,0,0,0,51–80,0,72.0,3,3,24
Sugar,Grocery,94.63,2022-03-31,0,1,0,0,0,0,81–120,0,55.0,3,3,31
Sugar,Grocery,91.22,2022-04-06,0,0,0,0,0,0,81–120,0,48.0,2,4,6
Sugar,Grocery,24.94,2022-04-23,0,0,0,0,0,1,21–50,0,90.0,5,4,23
Sugar,Grocery,60.89,2022-05-13,0,0,0,0,0,1,51–80,0,78.0,4,5,13
Sugar,Grocery,22.3,2022-06-02,1,1,0,0,0,0,21–50,0,86.0,3,6,2
Sugar,Grocery,68.37,2022-06-16,1,0,0,0,0,0,51–80,0,66.0,3,6,16
Sugar,Grocery,88.59,2022-06-26,1,0,0,0,0,0,81–120,0,54.0,6,6,26
Sugar,Grocery,67.89,2022-07-03,1,1,0,0,0,0,51–80,0,73.0,6,7,3
Sugar,Grocery,60.12,2022-07-12,1,0,0,0,0,0,51–80,0,64.0,1,7,12
Sugar,Grocery,17.73,2022-08-01,1,1,0,0,0,0,≤20,1,0.0,0,8,1
Sugar,Grocery,35.52,2022-08-03,1,1,0,0,0,0,21–50,0,85.0,2,8,3
Sugar,Grocery,68.96,2022-08-18,1,0,0,0,0,0,51–80,0,61.0,3,8,18
Sugar,Grocery,78.83,2022-08-31,1,1,0,0,0,0,51–80,0,72.0,2,8,31
Sugar,Grocery,85.88,2022-09-27,1,0,0,0,0,0,81–120,0,61.0,1,9,27
Sugar,Grocery,74.05,2022-09-30,1,1,0,0,0,0,51–80,0,79.0,4,9,30
Sugar,Grocery,13.62,2022-10-08,0,0,0,0,0,0,≤20,0,79.0,5,10,8
Sugar,Grocery,59.95,2022-10-14,0,0,0,0,0,0,51–80,0,64.0,4,10,14
Sugar,Grocery,41.97,2022-10-26,0,0,0,1,0,0,21–50,0,88.0,2,10,26
Sugar,Grocery,86.22,2022-11-20,0,0,0,1,0,0,81–120,0,79.0,6,11,20
Sugar,Grocery,93.42,2022-12-10,0,0,0,0,0,0,81–120,0,55.0,5,12,10
Sugar,Grocery,56.43,2022-12-13,0,0,0,0,0,0,51–80,0,63.0,1,12,13
Sugar,Grocery,10.6,2022-12-29,0,1,0,0,0,0,≤20,0,86.0,3,12,29
Sugar,Grocery,60.67,2023-01-04,0,0,0,0,0,0,51–80,0,65.0,2,1,4
Sugar,Grocery,73.65,2023-01-12,0,0,0,0,0,0,51–80,0,49.0,3,1,12
Sugar,Grocery,56.73,2023-01-24,0,0,0,0,0,0,51–80,0,68.0,1,1,24
Sugar,Grocery,74.0,2023-01-26,0,0,1,0,0,0,51–80,0,65.0,3,1,26
Sugar,Grocery,24.27,2023-02-22,0,0,0,0,0,0,21–50,0,72.0,2,2,22
Sugar,Grocery,36.95,2023-03-05,0,0,0,0,1,0,21–50,1,0.0,6,3,5
Sugar,Grocery,48.7,2023-03-06,0,0,0,0,1,0,21–50,0,70.0,0,3,6
Sugar,Grocery,32.4,2023-03-14,0,0,0,0,1,0,21–50,0,82.0,1,3,14
Sugar,Grocery,83.6,2023-03-27,0,0,0,0,0,0,81–120,0,57.0,0,3,27
Sugar,Grocery,29.94,2023-04-01,0,1,0,0,0,0,21–50,1,0.0,5,4,1
Sugar,Grocery,71.7,2023-04-14,0,0,0,0,0,1,51–80,0,69.0,4,4,14
Sugar,Grocery,47.11,2023-04-25,0,0,0,0,0,1,21–50,0,78.0,1,4,25
Sugar,Grocery,57.73,2023-05-03,0,1,0,0,0,1,51–80,0,89.0,2,5,3
Sugar,Grocery,64.75,2023-05-14,0,0,0,0,0,1,51–80,0,70.0,6,5,14
Sugar,Grocery,48.29,2023-05-16,0,0,0,0,0,1,21–50,0,71.0,1,5,16
Sugar,Grocery,99.14,2023-05-27,0,0,0,0,0,0,81–120,0,59.0,5,5,27
Sugar,Grocery,53.25,2023-06-12,1,0,0,0,0,0,51–80,0,70.0,0,6,12
Sugar,Grocery,36.55,2023-06-28,1,1,0,0,0,0,21–50,0,86.0,2,6,28
Sugar,Grocery,79.11,2023-07-02,1,1,0,0,0,0,51–80,0,73.0,6,7,2
Sugar,Grocery,32.4,2023-07-16,1,0,0,0,0,0,21–50,0,75.0,6,7,16
Sugar,Grocery,65.06,2023-07-19,1,0,0,0,0,0,51–80,0,71.0,2,7,19
Sugar,Grocery,86.9,2023-08-08,1,0,0,0,0,0,81–120,0,58.0,1,8,8
Sugar,Grocery,83.53,2023-08-13,1,0,0,0,0,0,81–120,0,56.0,6,8,13
Sugar,Grocery,15.87,2023-08-21,1,0,0,0,0,0,≤20,0,76.0,0,8,21
Sugar,Grocery,33.27,2023-08-27,1,0,0,0,0,0,21–50,0,75.0,6,8,27
Sugar,Grocery,85.62,2023-09-02,1,1,0,0,0,0,81–120,1,0.0,5,9,2
Sugar,Grocery,14.71,2023-09-24,1,0,0,0,0,0,≤20,0,70.0,6,9,24
Sugar,Grocery,10.2,2023-09-26,1,0,0,0,0,0,≤20,0,83.0,1,9,26
Sugar,Grocery,69.44,2023-10-06,0,0,0,0,0,0,51–80,0,58.0,4,10,6
Sugar,Grocery,48.81,2023-10-24,0,0,0,1,0,0,21–50,0,85.0,1,10,24
Sugar,Grocery,77.15,2023-11-04,0,0,0,1,0,0,51–80,0,79.0,5,11,4
Sugar,Grocery,98.31,2023-11-12,0,0,0,1,0,0,81–120,0,76.0,6,11,12
Sugar,Grocery,66.06,2023-11-24,0,0,0,1,0,0,51–80,0,88.0,4,11,24
Sugar,Grocery,14.77,2023-11-27,0,0,0,0,0,0,≤20,0,82.0,0,11,27
Sugar,Grocery,13.14,2023-12-07,0,0,0,0,0,0,≤20,0,74.0,3,12,7
Sugar,Grocery,76.34,2023-12-10,0,0,0,0,0,0,51–80,0,58.0,6,12,10
Sugar,Grocery,21.81,2023-12-25,0,0,1,0,0,0,21–50,0,81.0,0,12,25
Sugar,Grocery,69.29,2024-01-02,0,1,0,0,0,0,51–80,0,62.0,1,1,2
Sugar,Grocery,20.85,2024-02-12,0,0,0,0,0,0,21–50,0,77.0,0,2,12
Sugar,Grocery,94.71,2024-02-13,0,0,0,0,0,0,81–120,0,47.0,1,2,13
Sugar,Grocery,69.0,2024-02-23,0,0,0,0,0,0,51–80,0,65.0,4,2,23
Sugar,Grocery,36.21,2024-03-13,0,0,0,0,1,0,21–50,0,72.0,2,3,13
Sugar,Grocery,12.3,2024-03-17,0,0,0,0,1,0,≤20,0,79.0,6,3,17
Sugar,Grocery,14.18,2024-03-18,0,0,0,0,1,0,≤20,0,81.0,0,3,18
Sugar,Grocery,60.01,2024-04-05,0,0,0,0,0,0,51–80,0,58.0,4,4,5
Sugar,Grocery,39.86,2024-04-26,0,0,0,0,0,1,21–50,0,74.0,4,4,26
Sugar,Grocery,12.04,2024-05-01,0,1,1,0,0,1,≤20,0,106.0,2,5,1
Sugar,Grocery,70.74,2024-05-03,0,1,0,0,0,1,51–80,0,79.0,4,5,3
Sugar,Grocery,55.85,2024-05-18,0,0,0,0,0,1,51–80,0,72.0,5,5,18
Sugar,Grocery,68.57,2024-05-22,0,0,0,0,0,1,51–80,0,68.0,2,5,22
Sugar,Grocery,62.51,2024-06-01,1,1,0,0,0,0,51–80,0,71.0,5,6,1
Sugar,Grocery,23.18,2024-06-09,1,0,0,0,0,0,21–50,0,77.0,6,6,9
Sugar,Grocery,71.36,2024-06-23,1,0,0,0,0,0,51–80,0,64.0,6,6,23
Sugar,Grocery,93.72,2024-06-27,1,0,0,0,0,0,81–120,0,53.0,3,6,27
Sugar,Grocery,75.85,2024-07-10,1,0,0,0,0,0,51–80,0,67.0,2,7,10
Sugar,Grocery,88.74,2024-07-30,1,1,0,0,0,0,81–120,0,75.0,1,7,30
Sugar,Grocery,98.3,2024-08-02,1,1,0,0,0,0,81–120,0,64.0,4,8,2
Sugar,Grocery,48.65,2024-08-04,1,0,0,0,0,0,21–50,0,67.0,6,8,4
Sugar,Grocery,10.09,2024-08-09,1,0,0,0,0,0,≤20,0,77.0,4,8,9
Sugar,Grocery,54.06,2024-08-23,1,0,0,0,0,0,51–80,0,76.0,4,8,23
Sugar,Grocery,73.81,2024-08-29,1,1,0,0,0,0,51–80,0,77.0,3,8,29
Sugar,Grocery,84.91,2024-09-15,1,0,0,0,0,0,81–120,0,56.0,6,9,15
Sugar,Grocery,74.76,2024-10-05,0,0,0,0,0,0,51–80,0,56.0,5,10,5
Sugar,Grocery,17.73,2024-10-09,0,0,0,0,0,0,≤20,0,87.0,2,10,9
Sugar,Grocery,42.26,2024-10-12,0,0,0,0,0,0,21–50,0,57.0,5,10,12
Sugar,Grocery,59.41,2024-10-15,0,0,0,1,0,0,51–80,0,76.0,1,10,15
Sugar,Grocery,71.81,2024-10-29,0,1,0,1,0,0,51–80,0,101.0,1,10,29
Sugar,Grocery,68.8,2024-10-31,0,1,0,1,0,0,51–80,0,91.0,3,10,31
Sugar,Grocery,88.66,2024-11-01,0,1,1,1,0,0,81–120,0,97.0,4,11,1
Sugar,Grocery,43.93,2024-11-02,0,1,0,1,0,0,21–50,0,96.0,5,11,2
Sugar,Grocery,17.64,2024-11-16,0,0,0,1,0,0,≤20,0,104.0,5,11,16
Sugar,Grocery,80.46,2024-12-20,0,0,0,0,0,0,81–120,0,65.0,4,12,20
Sugar,Grocery,61.34,2025-01-03,0,1,0,0,0,0,51–80,0,71.0,4,1,3
Sugar,Grocery,67.16,2025-01-04,0,0,0,0,0,0,51–80,0,62.0,5,1,4
Sugar,Grocery,30.36,2025-01-06,0,0,0,0,0,0,21–50,0,66.0,0,1,6
Sugar,Grocery,82.98,2025-01-08,0,0,0,0,0,0,81–120,0,53.0,2,1,8
Sugar,Grocery,24.1,2025-01-27,0,0,0,0,0,0,21–50,0,80.0,0,1,27
Sugar,Grocery,92.66,2025-01-29,0,1,0,0,0,0,81–120,0,45.0,2,1,29
Sugar,Grocery,45.3,2025-02-05,0,0,0,0,0,0,21–50,0,63.0,2,2,5
Sugar,Grocery,48.77,2025-02-07,0,0,0,0,0,0,21–50,0,63.0,4,2,7
Sugar,Grocery,86.14,2025-02-15,0,0,0,0,0,0,81–120,0,54.0,5,2,15
Sugar,Grocery,41.69,2025-02-22,0,0,0,0,0,0,21–50,0,60.0,5,2,22
Sugar,Grocery,12.53,2025-03-04,0,0,0,0,1,0,≤20,0,90.0,1,3,4
Sugar,Grocery,49.32,2025-03-21,0,0,0,0,0,0,21–50,0,61.0,4,3,21
Sugar,Grocery,51.65,2025-04-04,0,0,0,0,0,0,51–80,0,61.0,4,4,4
Sugar,Grocery,34.81,2025-04-06,0,0,0,0,0,0,21–50,0,69.0,6,4,6
Sugar,Grocery,34.62,2025-04-25,0,0,0,0,0,1,21–50,0,78.0,4,4,25
Sugar,Grocery,52.48,2025-04-26,0,0,0,0,0,1,51–80,0,69.0,5,4,26
Sugar,Grocery,68.61,2025-05-13,0,0,0,0,0,1,51–80,0,79.0,1,5,13
Sugar,Grocery,13.2,2025-05-21,0,0,0,0,0,1,≤20,0,91.0,2,5,21
Sugar,Grocery,48.18,2025-06-22,1,0,0,0,0,0,21–50,0,66.0,6,6,22
Sugar,Grocery,66.07,2025-07-04,1,0,0,0,0,0,51–80,0,59.0,4,7,4
Sugar,Grocery,52.82,2025-07-23,1,0,0,0,0,0,51–80,0,74.0,2,7,23
Sugar,Grocery,62.47,2025-07-24,1,0,0,0,0,0,51–80,0,71.0,3,7,24
Sugar,Grocery,78.24,2025-07-29,1,1,0,0,0,0,51–80,0,66.0,1,7,29
Sugar,Grocery,46.06,2025-08-11,1,0,0,0,0,0,21–50,0,70.0,0,8,11
Sugar,Grocery,98.86,2025-09-01,1,1,0,0,0,0,81–120,0,60.0,0,9,1
Sugar,Grocery,25.81,2025-09-16,1,0,0,0,0,0,21–50,0,82.0,1,9,16
Sugar,Grocery,80.74,2025-09-21,1,0,0,0,0,0,81–120,0,67.0,6,9,21
Sugar,Grocery,57.57,2025-09-28,1,1,0,0,0,0,51–80,0,78.0,6,9,28
