inventory_with_india_features.csv
Item Name,Category,Price,Date,IsMonsoon,IsPaydayWindow,IsLocalHoliday,IsDiwaliSeason,IsHoliSeason,IsEidSeason,MRPBand,IsStockout,Quantity,DayOfWeek,Month,Day
Bread,Bakery,33.93,2020-05-18,0,0,0,0,0,1,21–50,0,71.0,0,5,18
Bread,Bakery,78.27,2020-05-22,0,0,0,0,0,1,51–80,0,48.0,4,5,22
Bread,Bakery,22.58,2020-07-15,1,0,0,0,0,0,21–50,0,51.0,2,7,15
Bread,Bakery,80.44,2020-07-25,1,0,0,0,0,0,81–120,0,39.0,5,7,25
Bread,Bakery,71.75,2020-08-08,1,0,0,0,0,0,51–80,0,45.0,5,8,8
Bread,Bakery,34.37,2020-08-22,1,0,0,0,0,0,21–50,0,60.0,5,8,22
Bread,Bakery,76.3,2020-09-07,1,0,0,0,0,0,51–80,0,44.0,0,9,7
Bread,Bakery,87.09,2020-09-12,1,0,0,0,0,0,81–120,0,47.0,5,9,12
Bread,Bakery,24.74,2020-09-17,1,0,0,0,0,0,21–50,0,56.0,3,9,17
Bread,Bakery,60.04,2020-09-18,1,0,0,0,0,0,51–80,0,44.0,4,9,18
Bread,Bakery,77.5,2020-10-09,0,0,0,0,0,0,51–80,0,39.0,4,10,9
Bread,Bakery,79.96,2020-10-10,0,0,0,0,0,0,51–80,0,38.0,5,10,10
Bread,Bakery,17.63,2020-10-12,0,0,0,0,0,0,≤20,0,56.0,0,10,12
Bread,Bakery,80.25,2020-11-15,0,0,0,1,0,0,81–120,0,55.0,6,11,15
Bread,Bakery,65.72,2020-11-23,0,0,0,1,0,0,51–80,0,67.0,0,11,23
Bread,Bakery,83.18,2020-11-26,0,0,0,0,0,0,81–120,0,44.0,3,11,26
Bread,Bakery,17.03,2020-11-28,0,1,0,0,0,0,≤20,0,68.0,5,11,28
Bread,Bakery,65.96,2020-12-05,0,0,0,0,0,0,51–80,0,44.0,5,12,5
Bread,Bakery,56.82,2020-12-12,0,0,0,0,0,0,51–80,0,45.0,5,12,12
Bread,Bakery,92.52,2021-01-18,0,0,0,0,0,0,81–120,0,41.0,0,1,18
Bread,Bakery,52.19,2021-01-21,0,0,0,0,0,0,51–80,0,51.0,3,1,21
Bread,Bakery,46.28,2021-02-03,0,1,0,0,0,0,21–50,0,59.0,2,2,3
Bread,Bakery,55.8,2021-02-04,0,0,0,0,0,0,51–80,0,48.0,3,2,4
Bread,Bakery,95.76,2021-02-12,0,0,0,0,0,0,81–120,0,25.0,4,2,12
Bread,Bakery,46.9,2021-02-22,0,0,0,0,0,0,21–50,0,58.0,0,2,22
Bread,Bakery,25.87,2021-03-02,0,1,0,0,1,0,21–50,0,65.0,1,3,2
Bread,Bakery,12.39,2021-03-25,0,0,0,0,0,0,≤20,0,59.0,3,3,25
Bread,Bakery,93.67,2021-04-07,0,0,0,0,0,0,81–120,0,23.0,2,4,7
Bread,Bakery,13.98,2021-04-10,0,0,0,0,0,1,≤20,0,73.0,5,4,10
Bread,Bakery,95.1,2021-04-24,0,0,0,0,0,1,81–120,0,44.0,5,4,24
Bread,Bakery,85.39,2021-05-06,0,0,0,0,0,1,81–120,0,51.0,3,5,6
Bread,Bakery,58.14,2021-05-19,0,0,0,0,0,1,51–80,0,54.0,2,5,19
Bread,Bakery,37.96,2021-05-21,0,0,0,0,0,1,21–50,0,61.0,4,5,21
Bread,Bakery,80.19,2021-05-28,0,1,0,0,0,0,81–120,0,42.0,4,5,28
Bread,Bakery,87.77,2021-06-04,1,0,0,0,0,0,81–120,0,46.0,4,6,4
Bread,Bakery,54.79,2021-06-10,1,0,0,0,0,0,51–80,0,51.0,3,6,10
Bread,Bakery,99.53,2021-06-11,1,0,0,0,0,0,81–120,0,30.0,4,6,11
Bread,Bakery,77.66,2021-07-01,1,1,0,0,0,0,51–80,0,60.0,3,7,1
Bread,Bakery,54.81,2021-07-04,1,0,0,0,0,0,51–80,0,48.0,6,7,4
Bread,Bakery,81.23,2021-07-06,1,0,0,0,0,0,81–120,0,47.0,1,7,6
Bread,Bakery,61.14,2021-07-08,1,0,0,0,0,0,51–80,0,53.0,3,7,8
Bread,Bakery,83.3,2021-07-17,1,0,0,0,0,0,81–120,0,37.0,5,7,17
Bread,Bakery,96.81,2021-07-18,1,0,0,0,0,0,81–120,0,38.0,6,7,18
Bread,Bakery,91.68,2021-07-30,1,1,0,0,0,0,81–120,0,44.0,4,7,30
Bread,Bakery,80.46,2021-08-03,1,1,0,0,0,0,81–120,0,55.0,1,8,3
Bread,Bakery,88.07,2021-08-05,1,0,0,0,0,0,81–120,0,34.0,3,8,5
Bread,Bakery,76.96,2021-08-27,1,0,0,0,0,0,51–80,0,45.0,4,8,27
Bread,Bakery,20.81,2021-09-01,1,1,0,0,0,0,21–50,0,64.0,2,9,1
Bread,Bakery,78.44,2021-09-16,1,0,0,0,0,0,51–80,0,36.0,3,9,16
Bread,Bakery,25.06,2021-09-24,1,0,0,0,0,0,21–50,0,59.0,4,9,24
Bread,Bakery,87.4,2021-09-30,1,1,0,0,0,0,81–120,0,51.0,3,9,30
Bread,Bakery,84.96,2021-10-01,0,1,0,0,0,0,81–120,0,49.0,4,10,1
Bread,Bakery,30.51,2021-10-07,0,0,0,0,0,0,21–50,0,56.0,3,10,7
Bread,Bakery,23.5,2021-10-14,0,0,0,0,0,0,21–50,0,62.0,3,10,14
Bread,Bakery,63.95,2021-10-15,0,0,0,1,0,0,51–80,0,59.0,4,10,15
Bread,Bakery,65.33,2021-10-27,0,0,0,1,0,0,51–80,0,61.0,2,10,27
Bread,Bakery,28.02,2021-11-30,0,1,0,0,0,0,21–50,0,60.0,1,11,30
Bread,Bakery,33.81,2021-12-10,0,0,0,0,0,0,21–50,0,53.0,4,12,10
Bread,Bakery,79.65,2021-12-16,0,0,0,0,0,0,51–80,0,42.0,3,12,16
Bread,Bakery,64.22,2021-12-21,0,0,0,0,0,0,51–80,0,40.0,1,12,21
Bread,Bakery,16.08,2022-01-02,0,1,0,0,0,0,≤20,0,67.0,6,1,2
Bread,Bakery,88.86,2022-01-13,0,0,0,0,0,0,81–120,0,37.0,3,1,13
Bread,Bakery,77.64,2022-01-22,0,0,0,0,0,0,51–80,0,41.0,5,1,22
Bread,Bakery,85.82,2022-01-24,0,0,0,0,0,0,81–120,0,33.0,0,1,24
Bread,Bakery,78.09,2022-02-01,0,1,0,0,0,0,51–80,0,51.0,1,2,1
Bread,Bakery,48.36,2022-02-16,0,0,0,0,0,0,21–50,0,48.0,2,2,16
Bread,Bakery,55.06,2022-02-17,0,0,0,0,0,0,51–80,0,54.0,3,2,17
Bread,Bakery,69.87,2022-02-19,0,0,0,0,0,0,51–80,0,45.0,5,2,19
Bread,Bakery,59.97,2022-03-01,0,1,0,0,1,0,51–80,0,60.0,1,3,1
Bread,Bakery,90.33,2022-03-02,0,1,0,0,1,0,81–120,0,42.0,2,3,2
Bread,Bakery,24.44,2022-03-13,0,0,0,0,1,0,21–50,0,52.0,6,3,13
Bread,Bakery,57.47,2022-03-18,0,0,0,0,1,0,51–80,0,39.0,4,3,18
Bread,Bakery,18.71,2022-04-02,0,1,0,0,0,0,≤20,0,59.0,5,4,2
Bread,Bakery,38.77,2022-04-12,0,0,0,0,0,1,21–50,0,59.0,1,4,12
Bread,Bakery,75.65,2022-05-10,0,0,0,0,0,1,51–80,0,53.0,1,5,10
Bread,Bakery,50.25,2022-05-17,0,0,0,0,0,1,51–80,0,57.0,1,5,17
Bread,Bakery,88.82,2022-05-23,0,0,0,0,0,1,81–120,0,53.0,0,5,23
Bread,Bakery,90.32,2022-05-27,0,0,0,0,0,0,81–120,0,46.0,4,5,27
Bread,Bakery,56.11,2022-05-31,0,1,0,0,0,0,51–80,0,56.0,1,5,31
Bread,Bakery,86.0,2022-06-06,1,0,0,0,0,0,81–120,0,47.0,0,6,6
Bread,Bakery,41.63,2022-06-18,1,0,0,0,0,0,21–50,0,45.0,5,6,18
Bread,Bakery,41.8,2022-06-22,1,0,0,0,0,0,21–50,0,49.0,2,6,22
Bread,Bakery,14.11,2022-07-04,1,0,0,0,0,0,≤20,0,60.0,0,7,4
Bread,Bakery,49.44,2022-07-05,1,0,0,0,0,0,21–50,0,59.0,1,7,5
Bread,Bakery,59.36,2022-07-17,1,0,0,0,0,0,51–80,1,0.0,6,7,17
Bread,Bakery,98.31,2022-07-19,1,0,0,0,0,0,81–120,0,47.0,1,7,19
Bread,Bakery,79.9,2022-08-05,1,0,0,0,0,0,51–80,0,43.0,4,8,5
Bread,Bakery,84.63,2022-08-19,1,0,0,0,0,0,81–120,0,37.0,4,8,19
Bread,Bakery,73.55,2022-08-29,1,1,0,0,0,0,51–80,1,0.0,0,8,29
Bread,Bakery,51.89,2022-09-15,1,0,0,0,0,0,51–80,0,53.0,3,9,15
Bread,Bakery,13.87,2022-09-26,1,0,0,0,0,0,≤20,0,68.0,0,9,26
Bread,Bakery,70.48,2022-10-07,0,0,0,0,0,0,51–80,0,53.0,4,10,7
Bread,Bakery,54.24,2022-10-10,0,0,0,0,0,0,51–80,0,44.0,0,10,10
Bread,Bakery,59.81,2022-10-13,0,0,0,0,0,0,51–80,0,40.0,3,10,13
Bread,Bakery,27.54,2022-10-23,0,0,0,1,0,0,21–50,0,75.0,6,10,23
Bread,Bakery,34.38,2022-10-30,0,1,0,1,0,0,21–50,0,85.0,6,10,30
Bread,Bakery,26.99,2022-11-03,0,1,0,1,0,0,21–50,0,85.0,3,11,3
Bread,Bakery,41.75,2022-11-10,0,0,0,1,0,0,21–50,0,65.0,3,11,10
Bread,Bakery,38.73,2022-11-13,0,0,0,1,0,0,21–50,0,72.0,6,11,13
Bread,Bakery,63.97,2022-11-15,0,0,0,1,0,0,51–80,0,59.0,1,11,15
Bread,Bakery,71.67,2022-12-07,0,0,0,0,0,0,51–80,0,41.0,2,12,7
Bread,Bakery,97.67,2022-12-09,0,0,0,0,0,0,81–120,0,34.0,4,12,9
Bread,Bakery,59.71,2023-01-01,0,1,0,0,0,0,51–80,0,56.0,6,1,1
Bread,Bakery,74.64,2023-01-10,0,0,0,0,0,0,51–80,0,37.0,1,1,10
Bread,Bakery,89.73,2023-01-21,0,0,0,0,0,0,81–120,0,31.0,5,1,21
Bread,Bakery,26.6,2023-01-27,0,0,0,0,0,0,21–50,0,61.0,4,1,27
Bread,Bakery,78.58,2023-01-29,0,1,0,0,0,0,51–80,0,46.0,6,1,29
Bread,Bakery,92.36,2023-02-02,0,1,0,0,0,0,81–120,0,37.0,3,2,2
Bread,Bakery,39.48,2023-02-09,0,0,0,0,0,0,21–50,0,45.0,3,2,9
Bread,Bakery,60.46,2023-02-13,0,0,0,0,0,0,51–80,0,46.0,0,2,13
Bread,Bakery,67.85,2023-02-14,0,0,0,0,0,0,51–80,0,41.0,1,2,14
Bread,Bakery,50.57,2023-03-21,0,0,0,0,0,0,51–80,0,49.0,1,3,21
Bread,Bakery,60.61,2023-04-02,0,1,0,0,0,0,51–80,0,52.0,6,4,2
Bread,Bakery,80.05,2023-04-03,0,1,0,0,0,0,81–120,0,50.0,0,4,3
Bread,Bakery,21.16,2023-06-09,1,0,0,0,0,0,21–50,0,61.0,4,6,9
Bread,Bakery,81.84,2023-07-04,1,0,0,0,0,0,81–120,0,41.0,1,7,4
Bread,Bakery,48.47,2023-07-07,1,0,0,0,0,0,21–50,0,51.0,4,7,7
Bread,Bakery,77.16,2023-07-27,1,0,0,0,0,0,51–80,0,43.0,3,7,27
Bread,Bakery,29.04,2023-08-16,1,0,0,0,0,0,21–50,0,60.0,2,8,16
Bread,Bakery,66.47,2023-08-26,1,0,0,0,0,0,51–80,0,48.0,5,8,26
Bread,Bakery,95.47,2023-09-05,1,0,0,0,0,0,81–120,0,39.0,1,9,5
Bread,Bakery,42.34,2023-09-19,1,0,0,0,0,0,21–50,0,49.0,1,9,19
Bread,Bakery,78.09,2023-09-20,1,0,0,0,0,0,51–80,0,45.0,2,9,20
Bread,Bakery,44.13,2023-09-28,1,1,0,0,0,0,21–50,0,52.0,3,9,28
Bread,Bakery,12.68,2023-09-29,1,1,0,0,0,0,≤20,0,75.0,4,9,29
Bread,Bakery,44.32,2023-10-04,0,0,0,0,0,0,21–50,0,49.0,2,10,4
Bread,Bakery,79.35,2023-10-19,0,0,0,1,0,0,51–80,0,61.0,3,10,19
Bread,Bakery,79.35,2023-10-28,0,1,0,1,0,0,51–80,0,62.0,5,10,28
Bread,Bakery,24.65,2023-11-09,0,0,0,1,0,0,21–50,0,89.0,3,11,9
Bread,Bakery,70.17,2023-12-13,0,0,0,0,0,0,51–80,0,44.0,2,12,13
Bread,Bakery,13.28,2023-12-27,0,0,0,0,0,0,≤20,0,55.0,2,12,27
Bread,Bakery,67.97,2024-01-03,0,1,0,0,0,0,51–80,1,0.0,2,1,3
Bread,Bakery,59.71,2024-01-17,0,0,0,0,0,0,51–80,0,38.0,2,1,17
Bread,Bakery,48.62,2024-01-24,0,0,0,0,0,0,21–50,0,48.0,2,1,24
Bread,Bakery,17.81,2024-01-27,0,0,0,0,0,0,≤20,0,64.0,5,1,27
Bread,Bakery,66.72,2024-01-28,0,1,0,0,0,0,51–80,0,50.0,6,1,28
Bread,Bakery,66.79,2024-02-19,0,0,0,0,0,0,51–80,0,45.0,0,2,19
Bread,Bakery,14.8,2024-02-21,0,0,0,0,0,0,≤20,0,57.0,2,2,21
Bread,Bakery,10.62,2024-03-06,0,0,0,0,1,0,≤20,0,59.0,2,3,6
Bread,Bakery,20.83,2024-03-24,0,0,0,0,0,0,21–50,0,61.0,6,3,24
Bread,Bakery,40.93,2024-04-04,0,0,0,0,0,0,21–50,0,57.0,3,4,4
Bread,Bakery,59.89,2024-04-13,0,0,0,0,0,1,51–80,0,58.0,5,4,13
Bread,Bakery,57.55,2024-04-29,0,1,0,0,0,1,51–80,0,63.0,0,4,29
Bread,Bakery,93.69,2024-05-07,0,0,0,0,0,1,81–120,0,53.0,1,5,7
Bread,Bakery,27.37,2024-05-13,0,0,0,0,0,1,21–50,0,70.0,0,5,13
Bread,Bakery,48.29,2024-06-05,1,0,0,0,0,0,21–50,0,52.0,2,6,5
Bread,Bakery,34.94,2024-06-13,1,0,0,0,0,0,21–50,0,52.0,3,6,13
Bread,Bakery,13.68,2024-06-30,1,1,0,0,0,0,≤20,0,66.0,6,6,30
Bread,Bakery,23.19,2024-07-01,1,1,0,0,0,0,21–50,0,64.0,0,7,1
Bread,Bakery,94.96,2024-07-11,1,0,0,0,0,0,81–120,0,37.0,3,7,11
Bread,Bakery,19.56,2024-07-18,1,0,0,0,0,0,≤20,0,65.0,3,7,18
Bread,Bakery,37.56,2024-07-28,1,1,0,0,0,0,21–50,0,63.0,6,7,28
Bread,Bakery,23.1,2024-08-03,1,1,0,0,0,0,21–50,0,74.0,5,8,3
Bread,Bakery,56.69,2024-08-07,1,0,0,0,0,0,51–80,0,53.0,2,8,7
Bread,Bakery,63.99,2024-08-10,1,0,0,0,0,0,51–80,0,45.0,5,8,10
Bread,Bakery,86.56,2024-08-20,1,0,0,0,0,0,81–120,0,40.0,1,8,20
Bread,Bakery,44.61,2024-08-21,1,0,0,0,0,0,21–50,0,52.0,2,8,21
Bread,Bakery,47.91,2024-09-04,1,0,0,0,0,0,21–50,0,48.0,2,9,4
Bread,Bakery,50.04,2024-09-10,1,0,0,0,0,0,51–80,0,55.0,1,9,10
Bread,Bakery,16.17,2024-09-30,1,1,0,0,0,0,≤20,0,67.0,0,9,30
Bread,Bakery,57.43,2024-10-14,0,0,0,0,0,0,51–80,0,53.0,0,10,14
Bread,Bakery,31.92,2024-10-17,0,0,0,1,0,0,21–50,0,66.0,3,10,17
Bread,Bakery,75.42,2024-10-23,0,0,0,1,0,0,51–80,0,64.0,2,10,23
Bread,Bakery,15.63,2024-10-24,0,0,0,1,0,0,≤20,0,79.0,3,10,24
Bread,Bakery,74.88,2024-10-28,0,1,0,1,0,0,51–80,0,78.0,0,10,28
Bread,Bakery,80.67,2024-11-14,0,0,0,1,0,0,81–120,0,51.0,3,11,14
Bread,Bakery,56.6,2024-11-17,0,0,0,1,0,0,51–80,1,0.0,6,11,17
Bread,Bakery,15.5,2024-11-19,0,0,0,1,0,0,≤20,1,0.0,1,11,19
Bread,Bakery,67.7,2024-12-05,0,0,0,0,0,0,51–80,0,46.0,3,12,5
Bread,Bakery,79.55,2024-12-08,0,0,0,0,0,0,51–80,0,38.0,6,12,8
Bread,Bakery,20.7,2024-12-18,0,0,0,0,0,0,21–50,0,56.0,2,12,18
Bread,Bakery,73.29,2024-12-21,0,0,0,0,0,0,51–80,0,43.0,5,12,21
Bread,Bakery,48.33,2024-12-29,0,1,0,0,0,0,21–50,1,0.0,6,12,29
Bread,Bakery,14.53,2025-01-07,0,0,0,0,0,0,≤20,0,61.0,1,1,7
Bread,Bakery,44.8,2025-01-20,0,0,0,0,0,0,21–50,0,51.0,0,1,20
Bread,Bakery,10.49,2025-01-23,0,0,0,0,0,0,≤20,0,65.0,3,1,23
Bread,Bakery,73.61,2025-02-06,0,0,0,0,0,0,51–80,0,51.0,3,2,6
Bread,Bakery,50.02,2025-02-18,0,0,0,0,0,0,51–80,0,43.0,1,2,18
Bread,Bakery,23.13,2025-02-19,0,0,0,0,0,0,21–50,0,58.0,2,2,19
Bread,Bakery,38.04,2025-02-20,0,0,0,0,0,0,21–50,0,63.0,3,2,20
Bread,Bakery,91.71,2025-02-21,0,0,0,0,0,0,81–120,0,26.0,4,2,21
Bread,Bakery,70.18,2025-02-23,0,0,0,0,0,0,51–80,0,53.0,6,2,23
Bread,Bakery,53.4,2025-03-01,0,1,0,0,1,0,51–80,0,55.0,5,3,1
Bread,Bakery,15.34,2025-03-07,0,0,0,0,1,0,≤20,0,62.0,4,3,7
Bread,Bakery,78.27,2025-04-13,0,0,0,0,0,1,51–80,0,54.0,6,4,13
Bread,Bakery,99.2,2025-05-05,0,0,0,0,0,1,81–120,0,44.0,0,5,5
Bread,Bakery,62.77,2025-05-08,0,0,0,0,0,1,51–80,0,57.0,3,5,8
Bread,Bakery,77.69,2025-05-12,0,0,0,0,0,1,51–80,0,53.0,0,5,12
Bread,Bakery,93.07,2025-05-20,0,0,0,0,0,1,81–120,0,48.0,1,5,20
Bread,Bakery,20.05,2025-06-09,1,0,0,0,0,0,21–50,0,69.0,0,6,9
Bread,Bakery,11.13,2025-06-12,1,0,0,0,0,0,≤20,0,64.0,3,6,12
Bread,Bakery,19.0,2025-06-18,1,0,0,0,0,0,≤20,1,0.0,2,6,18
Bread,Bakery,49.21,2025-06-27,1,0,0,0,0,0,21–50,0,54.0,4,6,27
Bread,Bakery,45.05,2025-07-11,1,0,0,0,0,0,21–50,0,51.0,4,7,11
Bread,Bakery,13.96,2025-07-21,1,0,0,0,0,0,≤20,0,68.0,0,7,21
Bread,Bakery,55.45,2025-07-28,1,1,0,0,0,0,51–80,0,62.0,0,7,28
Bread,Bakery,87.51,2025-08-09,1,0,0,0,0,0,81–120,0,31.0,5,8,9
Bread,Bakery,99.15,2025-08-13,1,0,0,0,0,0,81–120,0,28.0,2,8,13
Bread,Bakery,41.51,2025-08-22,1,0,0,0,0,0,21–50,0,49.0,4,8,22
Bread,Bakery,64.17,2025-08-29,1,1,0,0,0,0,51–80,0,45.0,4,8,29
Bread,Bakery,69.99,2025-09-02,1,1,0,0,0,0,51–80,0,60.0,1,9,2
Bread,Bakery,89.72,2025-09-03,1,1,0,0,0,0,81–120,0,49.0,2,9,3
Bread,Bakery,42.54,2025-09-19,1,0,0,0,0,0,21–50,0,61.0,4,9,19
Bread,Bakery,12.44,2025-09-20,1,0,0,0,0,0,≤20,0,66.0,5,9,20
Bread,Bakery,76.78,2025-09-27,1,0,0,0,0,0,51–80,0,31.0,5,9,27
Bread,Bakery,83.04,2025-09-29,1,1,0,0,0,0,81–120,1,0.0,0,9,29
